Archive member included to satisfy reference by file (symbol)

app/libapp.a(main.c.obj)      (--whole-archive)
app/libapp.a(flash_map_extended.c.obj)
                              (--whole-archive)
app/libapp.a(os.c.obj)        (--whole-archive)
app/libapp.a(keys.c.obj)      (--whole-archive)
app/libapp.a(image_validate.c.obj)
                              (--whole-archive)
app/libapp.a(tlv.c.obj)       (--whole-archive)
app/libapp.a(encrypted.c.obj)
                              (--whole-archive)
app/libapp.a(image_rsa.c.obj)
                              (--whole-archive)
app/libapp.a(image_ec256.c.obj)
                              (--whole-archive)
app/libapp.a(image_ed25519.c.obj)
                              (--whole-archive)
app/libapp.a(bootutil_misc.c.obj)
                              (--whole-archive)
app/libapp.a(fault_injection_hardening.c.obj)
                              (--whole-archive)
app/libapp.a(loader.c.obj)    (--whole-archive)
app/libapp.a(swap_misc.c.obj)
                              (--whole-archive)
app/libapp.a(swap_scratch.c.obj)
                              (--whole-archive)
app/libapp.a(swap_move.c.obj)
                              (--whole-archive)
app/libapp.a(caps.c.obj)      (--whole-archive)
app/libapp.a(asn1parse.c.obj)
                              (--whole-archive)
app/libapp.a(platform_util.c.obj)
                              (--whole-archive)
app/libapp.a(cc310_glue.c.obj)
                              (--whole-archive)
app/libapp.a(autogen-pubkey.c.obj)
                              (--whole-archive)
app/libapp.a(nrf_cleanup.c.obj)
                              (--whole-archive)
zephyr/libzephyr.a(cbprintf.c.obj)
                              (--whole-archive)
zephyr/libzephyr.a(cbprintf_packaged.c.obj)
                              (--whole-archive)
zephyr/libzephyr.a(crc32c_sw.c.obj)
                              (--whole-archive)
zephyr/libzephyr.a(crc32_sw.c.obj)
                              (--whole-archive)
zephyr/libzephyr.a(crc16_sw.c.obj)
                              (--whole-archive)
zephyr/libzephyr.a(crc8_sw.c.obj)
                              (--whole-archive)
zephyr/libzephyr.a(crc7_sw.c.obj)
                              (--whole-archive)
zephyr/libzephyr.a(dec.c.obj)
                              (--whole-archive)
zephyr/libzephyr.a(fdtable.c.obj)
                              (--whole-archive)
zephyr/libzephyr.a(hex.c.obj)
                              (--whole-archive)
zephyr/libzephyr.a(notify.c.obj)
                              (--whole-archive)
zephyr/libzephyr.a(printk.c.obj)
                              (--whole-archive)
zephyr/libzephyr.a(onoff.c.obj)
                              (--whole-archive)
zephyr/libzephyr.a(rb.c.obj)  (--whole-archive)
zephyr/libzephyr.a(sem.c.obj)
                              (--whole-archive)
zephyr/libzephyr.a(thread_entry.c.obj)
                              (--whole-archive)
zephyr/libzephyr.a(timeutil.c.obj)
                              (--whole-archive)
zephyr/libzephyr.a(heap.c.obj)
                              (--whole-archive)
zephyr/libzephyr.a(heap-validate.c.obj)
                              (--whole-archive)
zephyr/libzephyr.a(bitarray.c.obj)
                              (--whole-archive)
zephyr/libzephyr.a(multi_heap.c.obj)
                              (--whole-archive)
zephyr/libzephyr.a(cbprintf_nano.c.obj)
                              (--whole-archive)
zephyr/libzephyr.a(assert.c.obj)
                              (--whole-archive)
zephyr/libzephyr.a(mpsc_pbuf.c.obj)
                              (--whole-archive)
zephyr/libzephyr.a(reboot.c.obj)
                              (--whole-archive)
zephyr/libzephyr.a(configs.c.obj)
                              (--whole-archive)
zephyr/libzephyr.a(soc.c.obj)
                              (--whole-archive)
zephyr/libzephyr.a(soc_nrf_common.S.obj)
                              (--whole-archive)
zephyr/libzephyr.a(validate_base_addresses.c.obj)
                              (--whole-archive)
zephyr/libzephyr.a(validate_enabled_instances.c.obj)
                              (--whole-archive)
zephyr/libzephyr.a(log_minimal.c.obj)
                              (--whole-archive)
zephyr/libzephyr.a(flash_map.c.obj)
                              (--whole-archive)
zephyr/libzephyr.a(flash_map_layout.c.obj)
                              (--whole-archive)
zephyr/libzephyr.a(tracing_none.c.obj)
                              (--whole-archive)
zephyr/libzephyr.a(flash_map_partition_manager.c.obj)
                              (--whole-archive)
zephyr/libzephyr.a(nrf_cc3xx_platform_abort_zephyr.c.obj)
                              (--whole-archive)
zephyr/libzephyr.a(nrf_cc3xx_platform_no_mutex_zephyr.c.obj)
                              (--whole-archive)
zephyr/arch/common/libarch__common.a(sw_isr_common.c.obj)
                              (--whole-archive)
zephyr/arch/arch/arm/core/aarch32/libarch__arm__core__aarch32.a(cpu_idle.S.obj)
[...]
Memory Configuration

Name             Origin             Length             Attributes
FLASH            0x0000000000000000 0x000000000000c000 xr
SRAM             0x000000002000c4e8 0x0000000000033b18 xw
IDT_LIST         0x00000000fffff7ff 0x0000000000000800 xw
*default*        0x0000000000000000 0xffffffffffffffff

Linker script and memory map

LOAD zephyr/CMakeFiles/zephyr_pre1.dir/misc/empty_file.c.obj
LOAD zephyr/CMakeFiles/zephyr_pre1.dir/dev_handles.c.obj
                0x0000000000000020                _region_min_align = 0x20

.rel.plt        0x0000000000000000        0x0
 *(SORT_BY_ALIGNMENT(.rel.plt))
                [!provide]                        PROVIDE (__rel_iplt_start = .)
 *(SORT_BY_ALIGNMENT(.rel.iplt))
 .rel.iplt      0x0000000000000000        0x0 app/libapp.a(main.c.obj)
                [!provide]                        PROVIDE (__rel_iplt_end = .)

.rela.plt       0x0000000000000000        0x0
 *(SORT_BY_ALIGNMENT(.rela.plt))
                [!provide]                        PROVIDE (__rela_iplt_start = .)
 *(SORT_BY_ALIGNMENT(.rela.iplt))
                [!provide]                        PROVIDE (__rela_iplt_end = .)

.rel.dyn
 *(SORT_BY_ALIGNMENT(.rel.*))

.rela.dyn
 *(SORT_BY_ALIGNMENT(.rela.*))

/DISCARD/
 *(SORT_BY_ALIGNMENT(.plt))
 *(SORT_BY_ALIGNMENT(.iplt))
 *(SORT_BY_ALIGNMENT(.got.plt))
 *(SORT_BY_ALIGNMENT(.igot.plt))
 *(SORT_BY_ALIGNMENT(.got))
 *(SORT_BY_ALIGNMENT(.igot))
 *(SORT_BY_ALIGNMENT(.note.GNU-stack))
                0x0000000000000000                __rom_region_start = 0x0

rom_start       0x0000000000000000      0x144
                0x0000000000000000                . = 0x0
                0x0000000000000000                . = ALIGN (0x4)
                0x0000000000000000                . = ALIGN (0x80)
                0x0000000000000000                . = ALIGN (0x200)
                0x0000000000000000                _vector_start = .
 *(SORT_BY_ALIGNMENT(.exc_vector_table))
 *(SORT_BY_ALIGNMENT(.exc_vector_table.*))
 .exc_vector_table._vector_table_section
                0x0000000000000000       0x40 zephyr/arch/arch/arm/core/aarch32/cortex_m/libarch__arm__core__aarch32__cortex_m.a(vector_table.S.obj)
                0x0000000000000000                _vector_table
 *(SORT_BY_ALIGNMENT(.gnu.linkonce.irq_vector_table*))
 .gnu.linkonce.irq_vector_table
                0x0000000000000040      0x104 zephyr/arch/common/libisr_tables.a(isr_tables.c.obj)
                0x0000000000000040                _irq_vector_table
 *(SORT_BY_ALIGNMENT(.vectors))
                0x0000000000000144                _vector_end = .

text            0x0000000000000144     0x6af4
                0x0000000000000144                __text_region_start = .
 *(SORT_BY_ALIGNMENT(.text))
 .text          0x0000000000000144       0x30 c:/ncs/toolchains/v2.0.0/opt/zephyr-sdk/arm-zephyr-eabi/bin/../lib/gcc/arm-zephyr-eabi/10.3.0/thumb/v8-m.main+fp/hard\libgcc.a(_aeabi_uldivmod.o)
                0x0000000000000144                __aeabi_uldivmod
 .text          0x0000000000000174        0x4 c:/ncs/toolchains/v2.0.0/opt/zephyr-sdk/arm-zephyr-eabi/bin/../lib/gcc/arm-zephyr-eabi/10.3.0/thumb/v8-m.main+fp/hard\libgcc.a(_dvmd_tls.o)
                0x0000000000000174                __aeabi_idiv0
                0x0000000000000174                __aeabi_ldiv0
 .text          0x0000000000000178      0x2a8 c:/ncs/toolchains/v2.0.0/opt/zephyr-sdk/arm-zephyr-eabi/bin/../lib/gcc/arm-zephyr-eabi/10.3.0/thumb/v8-m.main+fp/hard\libgcc.a(_udivmoddi4.o)
                0x0000000000000178                __udivmoddi4
 *(SORT_BY_ALIGNMENT(.text.*))
 .text.main     0x0000000000000420       0xf0 app/libapp.a(main.c.obj)
                0x0000000000000420                main
 .text.flash_device_get_binding
                0x0000000000000510       0x18 app/libapp.a(flash_map_extended.c.obj)
                0x0000000000000510                flash_device_get_binding
 .text.flash_device_base
                0x0000000000000528       0x20 app/libapp.a(flash_map_extended.c.obj)
                0x0000000000000528                flash_device_base
 .text.bootutil_img_validate
                0x0000000000000548      0x228 app/libapp.a(image_validate.c.obj)
                0x0000000000000548                bootutil_img_validate
 .text.bootutil_verify_sig
                0x0000000000000770       0xf0 app/libapp.a(image_ec256.c.obj)
                0x0000000000000770                bootutil_verify_sig
 .text.boot_read_swap_size
                0x0000000000000860       0x7c app/libapp.a(bootutil_misc.c.obj)
                0x0000000000000860                boot_read_swap_size
 .text.boot_validate_slot.isra.0
                0x00000000000008dc      0x104 app/libapp.a(loader.c.obj)
 .text.boot_swap_image
                0x00000000000009e0       0x7c app/libapp.a(loader.c.obj)
 .text.boot_copy_region
                0x0000000000000a5c       0x84 app/libapp.a(loader.c.obj)
                0x0000000000000a5c                boot_copy_region
 .text.context_boot_go
                0x0000000000000ae0      0x260 app/libapp.a(loader.c.obj)
                0x0000000000000ae0                context_boot_go
 .text.boot_go  0x0000000000000d40       0x20 app/libapp.a(loader.c.obj)
                0x0000000000000d40                boot_go
 .text.boot_read_image_header
                0x0000000000000d60       0x9c app/libapp.a(swap_move.c.obj)
                0x0000000000000d60                boot_read_image_header
 .text.swap_read_status_bytes
                0x0000000000000dfc       0xc8 app/libapp.a(swap_move.c.obj)
                0x0000000000000dfc                swap_read_status_bytes
 .text.boot_slots_compatible
                0x0000000000000ec4       0x6c app/libapp.a(swap_move.c.obj)
                0x0000000000000ec4                boot_slots_compatible
 .text.swap_status_source
                0x0000000000000f30       0xcc app/libapp.a(swap_move.c.obj)
                0x0000000000000f30                swap_status_source
 .text.fixup_revert
                0x0000000000000ffc       0x98 app/libapp.a(swap_move.c.obj)
                0x0000000000000ffc                fixup_revert
 .text.swap_run
                0x0000000000001094      0x238 app/libapp.a(swap_move.c.obj)
                0x0000000000001094                swap_run
 .text.cc310_init
                0x00000000000012cc       0x30 app/libapp.a(cc310_glue.c.obj)
                0x00000000000012cc                cc310_init
 .text.cc310_ecdsa_verify_secp256r1
                0x00000000000012fc       0x34 app/libapp.a(cc310_glue.c.obj)
                0x00000000000012fc                cc310_ecdsa_verify_secp256r1
 .text.nrf_cleanup_peripheral
                0x0000000000001330       0x8c app/libapp.a(nrf_cleanup.c.obj)
                0x0000000000001330                nrf_cleanup_peripheral
 .text.char_out
                0x00000000000013bc       0x10 zephyr/libzephyr.a(printk.c.obj)
 .text.__printk_hook_install
                0x00000000000013cc        0xc zephyr/libzephyr.a(printk.c.obj)
                0x00000000000013cc                __printk_hook_install
 .text.vprintk  0x00000000000013d8       0x1c zephyr/libzephyr.a(printk.c.obj)
                0x00000000000013d8                vprintk
 .text.process_event
                0x00000000000013f4      0x1c8 zephyr/libzephyr.a(onoff.c.obj)
 .text.cbvprintf
                0x00000000000015bc      0x45c zephyr/libzephyr.a(cbprintf_nano.c.obj)
                0x00000000000015bc                cbvprintf
 .text.sys_reboot
                0x0000000000001a18       0x28 zephyr/libzephyr.a(reboot.c.obj)
                0x0000000000001a18                sys_reboot
 .text.nordicsemi_nrf91_init
                0x0000000000001a40       0x28 zephyr/libzephyr.a(soc.c.obj)
 .text.arch_busy_wait
                0x0000000000001a68       0x14 zephyr/libzephyr.a(soc.c.obj)
                0x0000000000001a68                arch_busy_wait
 .text.flash_area_open
                0x0000000000001a7c       0x3c zephyr/libzephyr.a(flash_map.c.obj)
                0x0000000000001a7c                flash_area_open
 .text.flash_area_get_sectors
                0x0000000000001ab8       0x68 zephyr/libzephyr.a(flash_map_layout.c.obj)
                0x0000000000001ab8                flash_area_get_sectors
 .text.nrf_cc3xx_platform_abort_init
                0x0000000000001b20        0xc zephyr/libzephyr.a(nrf_cc3xx_platform_abort_zephyr.c.obj)
                0x0000000000001b20                nrf_cc3xx_platform_abort_init
 .text.z_arm_cpu_idle_init
                0x0000000000001b2c        0xc zephyr/arch/arch/arm/core/aarch32/libarch__arm__core__aarch32.a(cpu_idle.S.obj)
                0x0000000000001b2c                z_arm_cpu_idle_init
 .text.arch_cpu_idle
                0x0000000000001b38       0x1c zephyr/arch/arch/arm/core/aarch32/libarch__arm__core__aarch32.a(cpu_idle.S.obj)
                0x0000000000001b38                arch_cpu_idle
 .text.arch_cpu_atomic_idle
                0x0000000000001b54       0x14 zephyr/arch/arch/arm/core/aarch32/libarch__arm__core__aarch32.a(cpu_idle.S.obj)
                0x0000000000001b54                arch_cpu_atomic_idle
 .text.z_arm_fatal_error
                0x0000000000001b68       0x5c zephyr/arch/arch/arm/core/aarch32/libarch__arm__core__aarch32.a(fatal.c.obj)
                0x0000000000001b68                z_arm_fatal_error
 .text.arch_irq_enable
                0x0000000000001bc4       0x20 zephyr/arch/arch/arm/core/aarch32/libarch__arm__core__aarch32.a(irq_manage.c.obj)
                0x0000000000001bc4                arch_irq_enable
 .text.arch_irq_is_enabled
                0x0000000000001be4       0x1c zephyr/arch/arch/arm/core/aarch32/libarch__arm__core__aarch32.a(irq_manage.c.obj)
                0x0000000000001be4                arch_irq_is_enabled
 .text.z_arm_irq_priority_set
                0x0000000000001c00       0x2c zephyr/arch/arch/arm/core/aarch32/libarch__arm__core__aarch32.a(irq_manage.c.obj)
                0x0000000000001c00                z_arm_irq_priority_set
 .text.z_SysNmiOnReset
                0x0000000000001c2c        0x8 zephyr/arch/arch/arm/core/aarch32/libarch__arm__core__aarch32.a(nmi_on_reset.S.obj)
                0x0000000000001c2c                z_SysNmiOnReset
 .text.z_arm_prep_c
                0x0000000000001c34       0x5c zephyr/arch/arch/arm/core/aarch32/libarch__arm__core__aarch32.a(prep_c.c.obj)
                0x0000000000001c34                z_arm_prep_c
 .text.z_arm_svc
                0x0000000000001c90       0x20 zephyr/arch/arch/arm/core/aarch32/libarch__arm__core__aarch32.a(swap_helper.S.obj)
                0x0000000000001c90                z_arm_svc
 .text.z_arm_switch_to_main_no_multithreading
                0x0000000000001cb0       0x40 zephyr/arch/arch/arm/core/aarch32/libarch__arm__core__aarch32.a(thread.c.obj)
                0x0000000000001cb0                z_arm_switch_to_main_no_multithreading
 .text._isr_wrapper
                0x0000000000001cf0       0x28 zephyr/arch/arch/arm/core/aarch32/libarch__arm__core__aarch32.a(isr_wrapper.S.obj)
                0x0000000000001cf0                _isr_wrapper
 .text._HandlerModeExit
                0x0000000000001d18        0x4 zephyr/arch/arch/arm/core/aarch32/cortex_m/libarch__arm__core__aarch32__cortex_m.a(exc_exit.S.obj)
                0x0000000000001d18                z_arm_int_exit
                0x0000000000001d18                z_arm_exc_exit
 .text.usage_fault.constprop.0
                0x0000000000001d1c       0xac zephyr/arch/arch/arm/core/aarch32/cortex_m/libarch__arm__core__aarch32__cortex_m.a(fault.c.obj)
 .text.bus_fault.constprop.0
                0x0000000000001dc8       0xb4 zephyr/arch/arch/arm/core/aarch32/cortex_m/libarch__arm__core__aarch32__cortex_m.a(fault.c.obj)
 .text.mem_manage_fault.constprop.0
                0x0000000000001e7c       0xbc zephyr/arch/arch/arm/core/aarch32/cortex_m/libarch__arm__core__aarch32__cortex_m.a(fault.c.obj)
 .text.z_arm_fault
                0x0000000000001f38      0x184 zephyr/arch/arch/arm/core/aarch32/cortex_m/libarch__arm__core__aarch32__cortex_m.a(fault.c.obj)
                0x0000000000001f38                z_arm_fault
 .text.z_arm_fault_init
                0x00000000000020bc       0x18 zephyr/arch/arch/arm/core/aarch32/cortex_m/libarch__arm__core__aarch32__cortex_m.a(fault.c.obj)
                0x00000000000020bc                z_arm_fault_init
 .text.__fault  0x00000000000020d4       0x14 zephyr/arch/arch/arm/core/aarch32/cortex_m/libarch__arm__core__aarch32__cortex_m.a(fault_s.S.obj)
                0x00000000000020d4                z_arm_usage_fault
                0x00000000000020d4                z_arm_mpu_fault
                0x00000000000020d4                z_arm_exc_spurious
                0x00000000000020d4                z_arm_debug_monitor
                0x00000000000020d4                z_arm_hard_fault
                0x00000000000020d4                z_arm_bus_fault
 .text.z_arm_interrupt_init
                0x00000000000020e8       0x18 zephyr/arch/arch/arm/core/aarch32/cortex_m/libarch__arm__core__aarch32__cortex_m.a(irq_init.c.obj)
                0x00000000000020e8                z_arm_interrupt_init
 .text._reset_section
                0x0000000000002100       0x60 zephyr/arch/arch/arm/core/aarch32/cortex_m/libarch__arm__core__aarch32__cortex_m.a(reset.S.obj)
                0x0000000000002100                __start
                0x0000000000002100                z_arm_reset
 .text.sys_arch_reboot
                0x0000000000002160       0x24 zephyr/arch/arch/arm/core/aarch32/cortex_m/libarch__arm__core__aarch32__cortex_m.a(scb.c.obj)
                0x0000000000002160                sys_arch_reboot
 .text.z_arm_clear_arm_mpu_config
                0x0000000000002184       0x24 zephyr/arch/arch/arm/core/aarch32/cortex_m/libarch__arm__core__aarch32__cortex_m.a(scb.c.obj)
                0x0000000000002184                z_arm_clear_arm_mpu_config
 .text.z_arm_init_arch_hw_at_boot
                0x00000000000021a8       0x48 zephyr/arch/arch/arm/core/aarch32/cortex_m/libarch__arm__core__aarch32__cortex_m.a(scb.c.obj)
                0x00000000000021a8                z_arm_init_arch_hw_at_boot
 .text.z_arm_configure_static_mpu_regions
                0x00000000000021f0       0x18 zephyr/arch/arch/arm/core/aarch32/mpu/libarch__arm__core__aarch32__mpu.a(arm_core_mpu.c.obj)
                0x00000000000021f0                z_arm_configure_static_mpu_regions
 .text.region_init
                0x0000000000002208       0x34 zephyr/arch/arch/arm/core/aarch32/mpu/libarch__arm__core__aarch32__mpu.a(arm_mpu.c.obj)
 .text.mpu_configure_region
                0x000000000000223c       0x50 zephyr/arch/arch/arm/core/aarch32/mpu/libarch__arm__core__aarch32__mpu.a(arm_mpu.c.obj)
 .text.mpu_configure_regions_and_partition.constprop.0
                0x000000000000228c      0x180 zephyr/arch/arch/arm/core/aarch32/mpu/libarch__arm__core__aarch32__mpu.a(arm_mpu.c.obj)
 .text.arm_core_mpu_enable
                0x000000000000240c       0x18 zephyr/arch/arch/arm/core/aarch32/mpu/libarch__arm__core__aarch32__mpu.a(arm_mpu.c.obj)
                0x000000000000240c                arm_core_mpu_enable
 .text.arm_core_mpu_disable
                0x0000000000002424       0x14 zephyr/arch/arch/arm/core/aarch32/mpu/libarch__arm__core__aarch32__mpu.a(arm_mpu.c.obj)
                0x0000000000002424                arm_core_mpu_disable
 .text.arm_core_mpu_configure_static_mpu_regions
                0x0000000000002438       0x14 zephyr/arch/arch/arm/core/aarch32/mpu/libarch__arm__core__aarch32__mpu.a(arm_mpu.c.obj)
                0x0000000000002438                arm_core_mpu_configure_static_mpu_regions
 .text.z_arm_mpu_init
                0x000000000000244c       0x4c zephyr/arch/arch/arm/core/aarch32/mpu/libarch__arm__core__aarch32__mpu.a(arm_mpu.c.obj)
                0x000000000000244c                z_arm_mpu_init
 .text.__stdout_hook_install
                0x0000000000002498        0xc zephyr/lib/libc/minimal/liblib__libc__minimal.a(stdout_console.c.obj)
                0x0000000000002498                __stdout_hook_install
 .text.onoff_stop
                0x00000000000024a4       0x30 zephyr/drivers/clock_control/libdrivers__clock_control.a(clock_control_nrf.c.obj)
 .text.onoff_start
                0x00000000000024d4       0x44 zephyr/drivers/clock_control/libdrivers__clock_control.a(clock_control_nrf.c.obj)
 .text.clk_init
                0x0000000000002518       0x58 zephyr/drivers/clock_control/libdrivers__clock_control.a(clock_control_nrf.c.obj)
 .text.clkstarted_handle.constprop.0
                0x0000000000002570       0x3c zephyr/drivers/clock_control/libdrivers__clock_control.a(clock_control_nrf.c.obj)
 .text.clock_event_handler
                0x00000000000025ac       0x1c zephyr/drivers/clock_control/libdrivers__clock_control.a(clock_control_nrf.c.obj)
 .text.generic_hfclk_start
                0x00000000000025c8       0x64 zephyr/drivers/clock_control/libdrivers__clock_control.a(clock_control_nrf.c.obj)
 .text.generic_hfclk_stop
                0x000000000000262c       0x24 zephyr/drivers/clock_control/libdrivers__clock_control.a(clock_control_nrf.c.obj)
 .text.z_nrf_clock_control_lf_on
                0x0000000000002650       0xf4 zephyr/drivers/clock_control/libdrivers__clock_control.a(clock_control_nrf.c.obj)
                0x0000000000002650                z_nrf_clock_control_lf_on
 .text.uart_console_init
                0x0000000000002744       0x30 zephyr/drivers/console/libdrivers__console.a(uart_console.c.obj)
 .text.console_out
                0x0000000000002774       0x28 zephyr/drivers/console/libdrivers__console.a(uart_console.c.obj)
 .text.gpio_nrfx_pin_interrupt_configure
                0x000000000000279c       0xc8 zephyr/drivers/gpio/libdrivers__gpio.a(gpio_nrfx.c.obj)
 .text.gpio_nrfx_init
                0x0000000000002864       0x38 zephyr/drivers/gpio/libdrivers__gpio.a(gpio_nrfx.c.obj)
 .text.nrfx_gpio_handler
                0x000000000000289c       0x34 zephyr/drivers/gpio/libdrivers__gpio.a(gpio_nrfx.c.obj)
 .text.gpio_nrfx_pin_configure
                0x00000000000028d0      0x154 zephyr/drivers/gpio/libdrivers__gpio.a(gpio_nrfx.c.obj)
 .text.flash_nrf_pages_layout
                0x0000000000002a24       0x10 zephyr/drivers/flash/libdrivers__flash.a(soc_flash_nrf.c.obj)
 .text.flash_nrf_get_parameters
                0x0000000000002a34        0x8 zephyr/drivers/flash/libdrivers__flash.a(soc_flash_nrf.c.obj)
 .text.nrf_flash_init
                0x0000000000002a3c       0x18 zephyr/drivers/flash/libdrivers__flash.a(soc_flash_nrf.c.obj)
 .text.flash_nrf_erase
                0x0000000000002a54       0x6c zephyr/drivers/flash/libdrivers__flash.a(soc_flash_nrf.c.obj)
 .text.flash_nrf_write
                0x0000000000002ac0       0x70 zephyr/drivers/flash/libdrivers__flash.a(soc_flash_nrf.c.obj)
 .text.flash_nrf_read
                0x0000000000002b30       0x40 zephyr/drivers/flash/libdrivers__flash.a(soc_flash_nrf.c.obj)
 .text.uarte_nrfx_poll_out
                0x0000000000002b70       0xb8 zephyr/drivers/serial/libdrivers__serial.a(uart_nrfx_uarte.c.obj)
 .text.uarte_nrfx_configure
                0x0000000000002c28      0x164 zephyr/drivers/serial/libdrivers__serial.a(uart_nrfx_uarte.c.obj)
 .text.uarte_instance_init.constprop.0
                0x0000000000002d8c       0xe8 zephyr/drivers/serial/libdrivers__serial.a(uart_nrfx_uarte.c.obj)
 .text.compare_int_lock
                0x0000000000002e74       0x44 zephyr/drivers/timer/libdrivers__timer.a(nrf_rtc_timer.c.obj)
 .text.sys_clock_timeout_handler
                0x0000000000002eb8       0x78 zephyr/drivers/timer/libdrivers__timer.a(nrf_rtc_timer.c.obj)
 .text.compare_int_unlock
                0x0000000000002f30       0x50 zephyr/drivers/timer/libdrivers__timer.a(nrf_rtc_timer.c.obj)
 .text.z_nrf_rtc_timer_read
                0x0000000000002f80       0x44 zephyr/drivers/timer/libdrivers__timer.a(nrf_rtc_timer.c.obj)
                0x0000000000002f80                z_nrf_rtc_timer_read
 .text.compare_set
                0x0000000000002fc4      0x148 zephyr/drivers/timer/libdrivers__timer.a(nrf_rtc_timer.c.obj)
 .text.sys_clock_driver_init
                0x000000000000310c       0x80 zephyr/drivers/timer/libdrivers__timer.a(nrf_rtc_timer.c.obj)
 .text.rtc_nrf_isr
                0x000000000000318c       0xe8 zephyr/drivers/timer/libdrivers__timer.a(nrf_rtc_timer.c.obj)
                0x000000000000318c                rtc_nrf_isr
 .text.sys_clock_set_timeout
                0x0000000000003274       0x60 zephyr/drivers/timer/libdrivers__timer.a(nrf_rtc_timer.c.obj)
                0x0000000000003274                sys_clock_set_timeout
 .text.sys_clock_elapsed
                0x00000000000032d4       0x14 zephyr/drivers/timer/libdrivers__timer.a(nrf_rtc_timer.c.obj)
                0x00000000000032d4                sys_clock_elapsed
 .text.nrf_gpio_pin_write
                0x00000000000032e8       0x1c zephyr/drivers/pinctrl/libdrivers__pinctrl.a(pinctrl_nrf.c.obj)
 .text.nrf_pin_configure
                0x0000000000003304       0x34 zephyr/drivers/pinctrl/libdrivers__pinctrl.a(pinctrl_nrf.c.obj)
 .text.pinctrl_configure_pins
                0x0000000000003338      0x114 zephyr/drivers/pinctrl/libdrivers__pinctrl.a(pinctrl_nrf.c.obj)
                0x0000000000003338                pinctrl_configure_pins
 .text.fprotect_area
                0x000000000000344c       0x3c modules/nrf/lib/fprotect/lib..__nrf__lib__fprotect.a(fprotect_spu.c.obj)
                0x000000000000344c                fprotect_area
 .text.k_sys_fatal_error_handler
                0x0000000000003488       0x14 modules/nrf/lib/fatal_error/lib..__nrf__lib__fatal_error.a(fatal_error.c.obj)
                0x0000000000003488                k_sys_fatal_error_handler
 .text.boot_write_magic
                0x000000000000349c       0x40 modules/mcuboot/boot/bootutil/zephyr/libmcuboot_util.a(bootutil_public.c.obj)
                0x000000000000349c                boot_write_magic
 .text.boot_read_swap_state
                0x00000000000034dc       0xa8 modules/mcuboot/boot/bootutil/zephyr/libmcuboot_util.a(bootutil_public.c.obj)
                0x00000000000034dc                boot_read_swap_state
 .text.boot_swap_type_multi
                0x0000000000003584      0x100 modules/mcuboot/boot/bootutil/zephyr/libmcuboot_util.a(bootutil_public.c.obj)
                0x0000000000003584                boot_swap_type_multi
 .text.SystemInit
                0x0000000000003684      0x194 modules/hal_nordic/nrfx/libmodules__hal_nordic__nrfx.a(system_nrf9160.c.obj)
                0x0000000000003684                SystemInit
 .text.nrfx_flag32_alloc
                0x0000000000003818       0x44 modules/hal_nordic/nrfx/libmodules__hal_nordic__nrfx.a(nrfx_flag32_allocator.c.obj)
                0x0000000000003818                nrfx_flag32_alloc
 .text.nrfx_flag32_free
                0x000000000000385c       0x3c modules/hal_nordic/nrfx/libmodules__hal_nordic__nrfx.a(nrfx_flag32_allocator.c.obj)
                0x000000000000385c                nrfx_flag32_free
 .text.nrfx_clock_init
                0x0000000000003898       0x20 modules/hal_nordic/nrfx/libmodules__hal_nordic__nrfx.a(nrfx_clock.c.obj)
                0x0000000000003898                nrfx_clock_init
 .text.nrfx_power_clock_irq_handler
                0x00000000000038b8       0x68 modules/hal_nordic/nrfx/libmodules__hal_nordic__nrfx.a(nrfx_clock.c.obj)
                0x00000000000038b8                nrfx_power_clock_irq_handler
 .text.nrfx_dppi_channel_alloc
                0x0000000000003920        0xc modules/hal_nordic/nrfx/libmodules__hal_nordic__nrfx.a(nrfx_dppi.c.obj)
                0x0000000000003920                nrfx_dppi_channel_alloc
 .text.nrf_gpio_cfg_sense_set
                0x000000000000392c       0x20 modules/hal_nordic/nrfx/libmodules__hal_nordic__nrfx.a(nrfx_gpiote.c.obj)
 .text.pin_in_use_by_te
                0x000000000000394c       0x14 modules/hal_nordic/nrfx/libmodules__hal_nordic__nrfx.a(nrfx_gpiote.c.obj)
 .text.call_handler
                0x0000000000003960       0x3c modules/hal_nordic/nrfx/libmodules__hal_nordic__nrfx.a(nrfx_gpiote.c.obj)
 .text.release_handler
                0x000000000000399c       0x58 modules/hal_nordic/nrfx/libmodules__hal_nordic__nrfx.a(nrfx_gpiote.c.obj)
 .text.pin_handler_trigger_uninit
                0x00000000000039f4       0x3c modules/hal_nordic/nrfx/libmodules__hal_nordic__nrfx.a(nrfx_gpiote.c.obj)
 .text.nrfx_gpiote_input_configure
                0x0000000000003a30      0x154 modules/hal_nordic/nrfx/libmodules__hal_nordic__nrfx.a(nrfx_gpiote.c.obj)
                0x0000000000003a30                nrfx_gpiote_input_configure
 .text.nrfx_gpiote_output_configure
                0x0000000000003b84       0xf4 modules/hal_nordic/nrfx/libmodules__hal_nordic__nrfx.a(nrfx_gpiote.c.obj)
                0x0000000000003b84                nrfx_gpiote_output_configure
 .text.nrfx_gpiote_global_callback_set
                0x0000000000003c78        0xc modules/hal_nordic/nrfx/libmodules__hal_nordic__nrfx.a(nrfx_gpiote.c.obj)
                0x0000000000003c78                nrfx_gpiote_global_callback_set
 .text.nrfx_gpiote_channel_get
                0x0000000000003c84       0x2c modules/hal_nordic/nrfx/libmodules__hal_nordic__nrfx.a(nrfx_gpiote.c.obj)
                0x0000000000003c84                nrfx_gpiote_channel_get
 .text.nrfx_gpiote_init
                0x0000000000003cb0       0x50 modules/hal_nordic/nrfx/libmodules__hal_nordic__nrfx.a(nrfx_gpiote.c.obj)
                0x0000000000003cb0                nrfx_gpiote_init
 .text.nrfx_gpiote_is_init
                0x0000000000003d00       0x14 modules/hal_nordic/nrfx/libmodules__hal_nordic__nrfx.a(nrfx_gpiote.c.obj)
                0x0000000000003d00                nrfx_gpiote_is_init
 .text.nrfx_gpiote_channel_free
                0x0000000000003d14        0xc modules/hal_nordic/nrfx/libmodules__hal_nordic__nrfx.a(nrfx_gpiote.c.obj)
                0x0000000000003d14                nrfx_gpiote_channel_free
 .text.nrfx_gpiote_channel_alloc
                0x0000000000003d20        0xc modules/hal_nordic/nrfx/libmodules__hal_nordic__nrfx.a(nrfx_gpiote.c.obj)
                0x0000000000003d20                nrfx_gpiote_channel_alloc
 .text.nrfx_gpiote_trigger_enable
                0x0000000000003d2c       0x88 modules/hal_nordic/nrfx/libmodules__hal_nordic__nrfx.a(nrfx_gpiote.c.obj)
                0x0000000000003d2c                nrfx_gpiote_trigger_enable
 .text.nrfx_gpiote_trigger_disable
                0x0000000000003db4       0x50 modules/hal_nordic/nrfx/libmodules__hal_nordic__nrfx.a(nrfx_gpiote.c.obj)
                0x0000000000003db4                nrfx_gpiote_trigger_disable
 .text.nrfx_gpiote_pin_uninit
                0x0000000000003e04       0x44 modules/hal_nordic/nrfx/libmodules__hal_nordic__nrfx.a(nrfx_gpiote.c.obj)
                0x0000000000003e04                nrfx_gpiote_pin_uninit
 .text.nrfx_gpiote_irq_handler
                0x0000000000003e48      0x154 modules/hal_nordic/nrfx/libmodules__hal_nordic__nrfx.a(nrfx_gpiote.c.obj)
                0x0000000000003e48                nrfx_gpiote_irq_handler
 .text.nvmc_readonly_mode_set
                0x0000000000003f9c       0x14 modules/hal_nordic/nrfx/libmodules__hal_nordic__nrfx.a(nrfx_nvmc.c.obj)
 .text.nvmc_word_write
                0x0000000000003fb0       0x18 modules/hal_nordic/nrfx/libmodules__hal_nordic__nrfx.a(nrfx_nvmc.c.obj)
 .text.nrfx_nvmc_page_erase
                0x0000000000003fc8       0x3c modules/hal_nordic/nrfx/libmodules__hal_nordic__nrfx.a(nrfx_nvmc.c.obj)
                0x0000000000003fc8                nrfx_nvmc_page_erase
 .text.nrfx_nvmc_word_write
                0x0000000000004004       0x20 modules/hal_nordic/nrfx/libmodules__hal_nordic__nrfx.a(nrfx_nvmc.c.obj)
                0x0000000000004004                nrfx_nvmc_word_write
 .text.z_sys_init_run_level
                0x0000000000004024       0x40 zephyr/kernel/libkernel.a(device.c.obj)
                0x0000000000004024                z_sys_init_run_level
 .text.z_impl_device_get_binding
                0x0000000000004064       0x54 zephyr/kernel/libkernel.a(device.c.obj)
                0x0000000000004064                z_impl_device_get_binding
 .text.z_fatal_error
                0x00000000000040b8       0x7c zephyr/kernel/libkernel.a(fatal.c.obj)
                0x00000000000040b8                z_fatal_error
 .text.bg_thread_main
                0x0000000000004134       0x30 zephyr/kernel/libkernel.a(init.c.obj)
 .text.z_bss_zero
                0x0000000000004164       0x18 zephyr/kernel/libkernel.a(init.c.obj)
                0x0000000000004164                z_bss_zero
 .text.z_cstart
                0x000000000000417c       0x74 zephyr/kernel/libkernel.a(init.c.obj)
                0x000000000000417c                z_cstart
 .text.z_data_copy
                0x00000000000041f0       0x34 zephyr/kernel/libkernel.a(xip.c.obj)
                0x00000000000041f0                z_data_copy
 .text.elapsed  0x0000000000004224       0x14 zephyr/kernel/libkernel.a(timeout.c.obj)
 .text.next_timeout
                0x0000000000004238       0x3c zephyr/kernel/libkernel.a(timeout.c.obj)
 .text.remove_timeout
                0x0000000000004274       0x34 zephyr/kernel/libkernel.a(timeout.c.obj)
 .text.sys_clock_announce
                0x00000000000042a8       0xb0 zephyr/kernel/libkernel.a(timeout.c.obj)
                0x00000000000042a8                sys_clock_announce
 .text.boot_banner
                0x0000000000004358       0x18 zephyr/kernel/libkernel.a(banner.c.obj)
                0x0000000000004358                boot_banner
 .text.nrf_cc3xx_platform_init_no_rng
                0x0000000000004370       0x38 C:/ncs/v2.0.0/nrfxlib/crypto/nrf_cc310_platform/lib/cortex-m33/hard-float/no-interrupts/libnrf_cc310_platform_0.9.14.a(nrf_cc3xx_platform.c.obj)
                0x0000000000004370                nrf_cc3xx_platform_init_no_rng
 .text.nrf_cc3xx_platform_abort
                0x00000000000043a8       0x24 C:/ncs/v2.0.0/nrfxlib/crypto/nrf_cc310_platform/lib/cortex-m33/hard-float/no-interrupts/libnrf_cc310_platform_0.9.14.a(nrf_cc3xx_platform_abort.c.obj)
 .text.CC_PalAbort
                0x00000000000043cc       0x34 C:/ncs/v2.0.0/nrfxlib/crypto/nrf_cc310_platform/lib/cortex-m33/hard-float/no-interrupts/libnrf_cc310_platform_0.9.14.a(nrf_cc3xx_platform_abort.c.obj)
                0x00000000000043cc                CC_PalAbort
 .text.nrf_cc3xx_platform_set_abort
                0x0000000000004400       0x10 C:/ncs/v2.0.0/nrfxlib/crypto/nrf_cc310_platform/lib/cortex-m33/hard-float/no-interrupts/libnrf_cc310_platform_0.9.14.a(nrf_cc3xx_platform_abort.c.obj)
                0x0000000000004400                nrf_cc3xx_platform_set_abort
 .text.mbedtls_platform_zeroize
                0x0000000000004410       0x14 C:/ncs/v2.0.0/nrfxlib/crypto/nrf_cc310_platform/lib/cortex-m33/hard-float/no-interrupts/libnrf_cc310_platform_0.9.14.a(mbedtls_common.c.obj)
                0x0000000000004410                mbedtls_platform_zeroize
 .text.CC_LibInitNoRng
                0x0000000000004424       0x64 C:/ncs/v2.0.0/nrfxlib/crypto/nrf_cc310_platform/lib/cortex-m33/hard-float/no-interrupts/libnrf_cc310_platform_0.9.14.a(cc_lib.c.obj)
                0x0000000000004424                CC_LibInitNoRng
 .text.CC_HalInit
                0x0000000000004488        0x4 C:/ncs/v2.0.0/nrfxlib/crypto/nrf_cc310_platform/lib/cortex-m33/hard-float/no-interrupts/libnrf_cc310_platform_0.9.14.a(cc_hal.c.obj)
                0x0000000000004488                CC_HalInit
 .text.CC_HalTerminate
                0x000000000000448c        0x4 C:/ncs/v2.0.0/nrfxlib/crypto/nrf_cc310_platform/lib/cortex-m33/hard-float/no-interrupts/libnrf_cc310_platform_0.9.14.a(cc_hal.c.obj)
                0x000000000000448c                CC_HalTerminate
 .text.CC_HalMaskInterrupt
                0x0000000000004490        0xc C:/ncs/v2.0.0/nrfxlib/crypto/nrf_cc310_platform/lib/cortex-m33/hard-float/no-interrupts/libnrf_cc310_platform_0.9.14.a(cc_hal.c.obj)
                0x0000000000004490                CC_HalMaskInterrupt
 .text.CC_PalInit
                0x000000000000449c       0x5c C:/ncs/v2.0.0/nrfxlib/crypto/nrf_cc310_platform/lib/cortex-m33/hard-float/no-interrupts/libnrf_cc310_platform_0.9.14.a(cc_pal.c.obj)
                0x000000000000449c                CC_PalInit
 .text.CC_PalTerminate
                0x00000000000044f8       0x34 C:/ncs/v2.0.0/nrfxlib/crypto/nrf_cc310_platform/lib/cortex-m33/hard-float/no-interrupts/libnrf_cc310_platform_0.9.14.a(cc_pal.c.obj)
                0x00000000000044f8                CC_PalTerminate
 .text.CC_PalDmaInit
                0x000000000000452c        0x4 C:/ncs/v2.0.0/nrfxlib/crypto/nrf_cc310_platform/lib/cortex-m33/hard-float/no-interrupts/libnrf_cc310_platform_0.9.14.a(cc_pal_dma.c.obj)
                0x000000000000452c                CC_PalDmaInit
 .text.CC_PalDmaTerminate
                0x0000000000004530        0x4 C:/ncs/v2.0.0/nrfxlib/crypto/nrf_cc310_platform/lib/cortex-m33/hard-float/no-interrupts/libnrf_cc310_platform_0.9.14.a(cc_pal_dma.c.obj)
                0x0000000000004530                CC_PalDmaTerminate
 .text.CC_PalMutexCreate
                0x0000000000004534       0x14 C:/ncs/v2.0.0/nrfxlib/crypto/nrf_cc310_platform/lib/cortex-m33/hard-float/no-interrupts/libnrf_cc310_platform_0.9.14.a(cc_pal_mutex.c.obj)
                0x0000000000004534                CC_PalMutexCreate
 .text.CC_PalMutexDestroy
                0x0000000000004548       0x14 C:/ncs/v2.0.0/nrfxlib/crypto/nrf_cc310_platform/lib/cortex-m33/hard-float/no-interrupts/libnrf_cc310_platform_0.9.14.a(cc_pal_mutex.c.obj)
                0x0000000000004548                CC_PalMutexDestroy
 .text.CC_PalPowerSaveModeInit
                0x000000000000455c       0x3c C:/ncs/v2.0.0/nrfxlib/crypto/nrf_cc310_platform/lib/cortex-m33/hard-float/no-interrupts/libnrf_cc310_platform_0.9.14.a(cc_pal_pm.c.obj)
                0x000000000000455c                CC_PalPowerSaveModeInit
 .text.CC_PalPowerSaveModeSelect
                0x0000000000004598       0x88 C:/ncs/v2.0.0/nrfxlib/crypto/nrf_cc310_platform/lib/cortex-m33/hard-float/no-interrupts/libnrf_cc310_platform_0.9.14.a(cc_pal_pm.c.obj)
                0x0000000000004598                CC_PalPowerSaveModeSelect
 .text.mutex_free
                0x0000000000004620       0x28 C:/ncs/v2.0.0/nrfxlib/crypto/nrf_cc310_platform/lib/cortex-m33/hard-float/no-interrupts/libnrf_cc310_platform_0.9.14.a(nrf_cc3xx_platform_mutex.c.obj)
 .text.mutex_lock
                0x0000000000004648       0x40 C:/ncs/v2.0.0/nrfxlib/crypto/nrf_cc310_platform/lib/cortex-m33/hard-float/no-interrupts/libnrf_cc310_platform_0.9.14.a(nrf_cc3xx_platform_mutex.c.obj)
 .text.mutex_unlock
                0x0000000000004688       0x30 C:/ncs/v2.0.0/nrfxlib/crypto/nrf_cc310_platform/lib/cortex-m33/hard-float/no-interrupts/libnrf_cc310_platform_0.9.14.a(nrf_cc3xx_platform_mutex.c.obj)
 .text.mutex_init
                0x00000000000046b8       0x1c C:/ncs/v2.0.0/nrfxlib/crypto/nrf_cc310_platform/lib/cortex-m33/hard-float/no-interrupts/libnrf_cc310_platform_0.9.14.a(nrf_cc3xx_platform_mutex.c.obj)
 .text.verify_context_ecdsa_verify_secp256r1
                0x00000000000046d4       0x20 C:/ncs/v2.0.0/nrfxlib/crypto/nrf_cc310_bl/lib/cortex-m33/hard-float/no-interrupts/libnrf_cc310_bl_0.9.12.a(nrf_cc310_bl_ecdsa_verify_secp256r1.c.obj)
 .text.nrf_cc310_bl_ecdsa_verify_init_secp256r1
                0x00000000000046f4       0x4c C:/ncs/v2.0.0/nrfxlib/crypto/nrf_cc310_bl/lib/cortex-m33/hard-float/no-interrupts/libnrf_cc310_bl_0.9.12.a(nrf_cc310_bl_ecdsa_verify_secp256r1.c.obj)
                0x00000000000046f4                nrf_cc310_bl_ecdsa_verify_init_secp256r1
 .text.nrf_cc310_bl_ecdsa_verify_hash_secp256r1
                0x0000000000004740      0x168 C:/ncs/v2.0.0/nrfxlib/crypto/nrf_cc310_bl/lib/cortex-m33/hard-float/no-interrupts/libnrf_cc310_bl_0.9.12.a(nrf_cc310_bl_ecdsa_verify_secp256r1.c.obj)
                0x0000000000004740                nrf_cc310_bl_ecdsa_verify_hash_secp256r1
 .text.set_digest_in_hw_sha256
                0x00000000000048a8       0x38 C:/ncs/v2.0.0/nrfxlib/crypto/nrf_cc310_bl/lib/cortex-m33/hard-float/no-interrupts/libnrf_cc310_bl_0.9.12.a(nrf_cc310_bl_hash_sha256.c.obj)
 .text.read_digest_in_hw_sha256
                0x00000000000048e0       0x54 C:/ncs/v2.0.0/nrfxlib/crypto/nrf_cc310_bl/lib/cortex-m33/hard-float/no-interrupts/libnrf_cc310_bl_0.9.12.a(nrf_cc310_bl_hash_sha256.c.obj)
 .text.verify_context_hash_sha256
                0x0000000000004934       0x20 C:/ncs/v2.0.0/nrfxlib/crypto/nrf_cc310_bl/lib/cortex-m33/hard-float/no-interrupts/libnrf_cc310_bl_0.9.12.a(nrf_cc310_bl_hash_sha256.c.obj)
 .text.nrf_cc310_bl_hash_sha256_init
                0x0000000000004954       0x34 C:/ncs/v2.0.0/nrfxlib/crypto/nrf_cc310_bl/lib/cortex-m33/hard-float/no-interrupts/libnrf_cc310_bl_0.9.12.a(nrf_cc310_bl_hash_sha256.c.obj)
                0x0000000000004954                nrf_cc310_bl_hash_sha256_init
 .text.nrf_cc310_bl_hash_sha256_update
                0x0000000000004988       0xb0 C:/ncs/v2.0.0/nrfxlib/crypto/nrf_cc310_bl/lib/cortex-m33/hard-float/no-interrupts/libnrf_cc310_bl_0.9.12.a(nrf_cc310_bl_hash_sha256.c.obj)
                0x0000000000004988                nrf_cc310_bl_hash_sha256_update
 .text.nrf_cc310_bl_hash_sha256_finalize
                0x0000000000004a38       0x60 C:/ncs/v2.0.0/nrfxlib/crypto/nrf_cc310_bl/lib/cortex-m33/hard-float/no-interrupts/libnrf_cc310_bl_0.9.12.a(nrf_cc310_bl_hash_sha256.c.obj)
                0x0000000000004a38                nrf_cc310_bl_hash_sha256_finalize
 .text.nrf_cc310_bl_init
                0x0000000000004a98       0x34 C:/ncs/v2.0.0/nrfxlib/crypto/nrf_cc310_bl/lib/cortex-m33/hard-float/no-interrupts/libnrf_cc310_bl_0.9.12.a(nrf_cc310_bl_init.c.obj)
                0x0000000000004a98                nrf_cc310_bl_init
 .text.PkaSetRegsMapTab
                0x0000000000004acc       0x48 C:/ncs/v2.0.0/nrfxlib/crypto/nrf_cc310_bl/lib/cortex-m33/hard-float/no-interrupts/libnrf_cc310_bl_0.9.12.a(pka.c.obj)
                0x0000000000004acc                PkaSetRegsMapTab
 .text.PkaGetRegEffectiveSizeInBits
                0x0000000000004b14       0x8c C:/ncs/v2.0.0/nrfxlib/crypto/nrf_cc310_bl/lib/cortex-m33/hard-float/no-interrupts/libnrf_cc310_bl_0.9.12.a(pka.c.obj)
                0x0000000000004b14                PkaGetRegEffectiveSizeInBits
 .text.PkaGetNextMsBit
                0x0000000000004ba0       0x7c C:/ncs/v2.0.0/nrfxlib/crypto/nrf_cc310_bl/lib/cortex-m33/hard-float/no-interrupts/libnrf_cc310_bl_0.9.12.a(pka.c.obj)
                0x0000000000004ba0                PkaGetNextMsBit
 .text.PkaSetRegsSizesTab
                0x0000000000004c1c       0x3c C:/ncs/v2.0.0/nrfxlib/crypto/nrf_cc310_bl/lib/cortex-m33/hard-float/no-interrupts/libnrf_cc310_bl_0.9.12.a(pka.c.obj)
                0x0000000000004c1c                PkaSetRegsSizesTab
 .text.PkaInitPka
                0x0000000000004c58       0x74 C:/ncs/v2.0.0/nrfxlib/crypto/nrf_cc310_bl/lib/cortex-m33/hard-float/no-interrupts/libnrf_cc310_bl_0.9.12.a(pka.c.obj)
                0x0000000000004c58                PkaInitPka
 .text.PkaClearBlockOfRegs
                0x0000000000004ccc      0x134 C:/ncs/v2.0.0/nrfxlib/crypto/nrf_cc310_bl/lib/cortex-m33/hard-float/no-interrupts/libnrf_cc310_bl_0.9.12.a(pka.c.obj)
                0x0000000000004ccc                PkaClearBlockOfRegs
 .text.PkaFinishAndMutexUnlock
                0x0000000000004e00       0x24 C:/ncs/v2.0.0/nrfxlib/crypto/nrf_cc310_bl/lib/cortex-m33/hard-float/no-interrupts/libnrf_cc310_bl_0.9.12.a(pka.c.obj)
                0x0000000000004e00                PkaFinishAndMutexUnlock
 .text.PkaCopyDataIntoPkaReg
                0x0000000000004e24       0xb8 C:/ncs/v2.0.0/nrfxlib/crypto/nrf_cc310_bl/lib/cortex-m33/hard-float/no-interrupts/libnrf_cc310_bl_0.9.12.a(pka.c.obj)
                0x0000000000004e24                PkaCopyDataIntoPkaReg
 .text.PkaEcdsaVerify
                0x0000000000004edc      0x284 C:/ncs/v2.0.0/nrfxlib/crypto/nrf_cc310_bl/lib/cortex-m33/hard-float/no-interrupts/libnrf_cc310_bl_0.9.12.a(pka_ec_wrst_dsa_verify.c.obj)
                0x0000000000004edc                PkaEcdsaVerify
 .text.nrf_cc310_bl_hash_update_internal
                0x0000000000005160       0xf0 C:/ncs/v2.0.0/nrfxlib/crypto/nrf_cc310_bl/lib/cortex-m33/hard-float/no-interrupts/libnrf_cc310_bl_0.9.12.a(nrf_cc310_bl_hash.c.obj)
                0x0000000000005160                nrf_cc310_bl_hash_update_internal
 .text.PkaDoubleMdf2Mdf
                0x0000000000005250      0x1ac C:/ncs/v2.0.0/nrfxlib/crypto/nrf_cc310_bl/lib/cortex-m33/hard-float/no-interrupts/libnrf_cc310_bl_0.9.12.a(pka_ec_wrst.c.obj)
                0x0000000000005250                PkaDoubleMdf2Mdf
 .text.PkaDoubleMdf2Jcb
                0x00000000000053fc      0x178 C:/ncs/v2.0.0/nrfxlib/crypto/nrf_cc310_bl/lib/cortex-m33/hard-float/no-interrupts/libnrf_cc310_bl_0.9.12.a(pka_ec_wrst.c.obj)
                0x00000000000053fc                PkaDoubleMdf2Jcb
 .text.PkaAddJcbAfn2Mdf
                0x0000000000005574      0x194 C:/ncs/v2.0.0/nrfxlib/crypto/nrf_cc310_bl/lib/cortex-m33/hard-float/no-interrupts/libnrf_cc310_bl_0.9.12.a(pka_ec_wrst.c.obj)
                0x0000000000005574                PkaAddJcbAfn2Mdf
 .text.PkaJcb2Afn
                0x0000000000005708       0xb0 C:/ncs/v2.0.0/nrfxlib/crypto/nrf_cc310_bl/lib/cortex-m33/hard-float/no-interrupts/libnrf_cc310_bl_0.9.12.a(pka_ec_wrst.c.obj)
                0x0000000000005708                PkaJcb2Afn
 .text.PkaAddAff
                0x00000000000057b8      0x114 C:/ncs/v2.0.0/nrfxlib/crypto/nrf_cc310_bl/lib/cortex-m33/hard-float/no-interrupts/libnrf_cc310_bl_0.9.12.a(pka_ec_wrst.c.obj)
                0x00000000000057b8                PkaAddAff
 .text.PkaSum2ScalarMullt
                0x00000000000058cc      0x1e4 C:/ncs/v2.0.0/nrfxlib/crypto/nrf_cc310_bl/lib/cortex-m33/hard-float/no-interrupts/libnrf_cc310_bl_0.9.12.a(pka_ec_wrst.c.obj)
                0x00000000000058cc                PkaSum2ScalarMullt
 .text.SaSi_HalClearInterruptBit
                0x0000000000005ab0        0xc C:/ncs/v2.0.0/nrfxlib/crypto/nrf_cc310_bl/lib/cortex-m33/hard-float/no-interrupts/libnrf_cc310_bl_0.9.12.a(ssi_hal.c.obj)
                0x0000000000005ab0                SaSi_HalClearInterruptBit
 .text.SaSi_HalMaskInterrupt
                0x0000000000005abc        0xc C:/ncs/v2.0.0/nrfxlib/crypto/nrf_cc310_bl/lib/cortex-m33/hard-float/no-interrupts/libnrf_cc310_bl_0.9.12.a(ssi_hal.c.obj)
                0x0000000000005abc                SaSi_HalMaskInterrupt
 .text.SaSi_HalWaitInterrupt
                0x0000000000005ac8       0x18 C:/ncs/v2.0.0/nrfxlib/crypto/nrf_cc310_bl/lib/cortex-m33/hard-float/no-interrupts/libnrf_cc310_bl_0.9.12.a(ssi_hal.c.obj)
                0x0000000000005ac8                SaSi_HalWaitInterrupt
 .text.flash_area_id_from_multi_image_slot
                0x0000000000005ae0       0x12 app/libapp.a(flash_map_extended.c.obj)
                0x0000000000005ae0                flash_area_id_from_multi_image_slot
 .text.flash_area_get_device_id
                0x0000000000005af2        0x4 app/libapp.a(flash_map_extended.c.obj)
                0x0000000000005af2                flash_area_get_device_id
 .text.os_heap_init
                0x0000000000005af6        0x2 app/libapp.a(os.c.obj)
                0x0000000000005af6                os_heap_init
 .text.bootutil_tlv_iter_begin
                0x0000000000005af8       0x98 app/libapp.a(tlv.c.obj)
                0x0000000000005af8                bootutil_tlv_iter_begin
 .text.bootutil_tlv_iter_next
                0x0000000000005b90       0x96 app/libapp.a(tlv.c.obj)
                0x0000000000005b90                bootutil_tlv_iter_next
 .text.bootutil_read_bigint
                0x0000000000005c26       0x58 app/libapp.a(image_ec256.c.obj)
 .text.boot_fih_memequal
                0x0000000000005c7e        0x4 app/libapp.a(bootutil_misc.c.obj)
                0x0000000000005c7e                boot_fih_memequal
 .text.boot_trailer_sz
                0x0000000000005c82        0xa app/libapp.a(bootutil_misc.c.obj)
                0x0000000000005c82                boot_trailer_sz
 .text.boot_status_entries
                0x0000000000005c8c       0x14 app/libapp.a(bootutil_misc.c.obj)
                0x0000000000005c8c                boot_status_entries
 .text.boot_status_off
                0x0000000000005ca0       0x16 app/libapp.a(bootutil_misc.c.obj)
                0x0000000000005ca0                boot_status_off
 .text.boot_write_copy_done
                0x0000000000005cb6       0x10 app/libapp.a(bootutil_misc.c.obj)
                0x0000000000005cb6                boot_write_copy_done
 .text.boot_write_swap_size
                0x0000000000005cc6       0x1e app/libapp.a(bootutil_misc.c.obj)
                0x0000000000005cc6                boot_write_swap_size
 .text.boot_read_image_headers
                0x0000000000005ce4       0x32 app/libapp.a(loader.c.obj)
 .text.boot_read_image_size.isra.0
                0x0000000000005d16       0x82 app/libapp.a(loader.c.obj)
 .text.boot_read_sectors
                0x0000000000005d98       0x42 app/libapp.a(loader.c.obj)
 .text.boot_status_reset
                0x0000000000005dda       0x12 app/libapp.a(loader.c.obj)
                0x0000000000005dda                boot_status_reset
 .text.boot_status_is_reset
                0x0000000000005dec       0x1a app/libapp.a(loader.c.obj)
                0x0000000000005dec                boot_status_is_reset
 .text.boot_write_status
                0x0000000000005e06       0x64 app/libapp.a(loader.c.obj)
                0x0000000000005e06                boot_write_status
 .text.boot_erase_region
                0x0000000000005e6a        0x4 app/libapp.a(loader.c.obj)
                0x0000000000005e6a                boot_erase_region
 .text.swap_erase_trailer_sectors
                0x0000000000005e6e       0x6c app/libapp.a(swap_misc.c.obj)
                0x0000000000005e6e                swap_erase_trailer_sectors
 .text.swap_status_init
                0x0000000000005eda       0x3e app/libapp.a(swap_misc.c.obj)
                0x0000000000005eda                swap_status_init
 .text.swap_read_status
                0x0000000000005f18       0x7a app/libapp.a(swap_misc.c.obj)
                0x0000000000005f18                swap_read_status
 .text.swap_set_copy_done
                0x0000000000005f92       0x24 app/libapp.a(swap_misc.c.obj)
                0x0000000000005f92                swap_set_copy_done
 .text.swap_set_image_ok
                0x0000000000005fb6       0x3c app/libapp.a(swap_misc.c.obj)
                0x0000000000005fb6                swap_set_image_ok
 .text.boot_status_internal_off
                0x0000000000005ff2       0x2e app/libapp.a(swap_move.c.obj)
                0x0000000000005ff2                boot_status_internal_off
 .text.mbedtls_asn1_get_len
                0x0000000000006020       0x90 app/libapp.a(asn1parse.c.obj)
                0x0000000000006020                mbedtls_asn1_get_len
 .text.mbedtls_asn1_get_tag
                0x00000000000060b0       0x28 app/libapp.a(asn1parse.c.obj)
                0x00000000000060b0                mbedtls_asn1_get_tag
 .text.mbedtls_asn1_get_bitstring_null
                0x00000000000060d8       0x28 app/libapp.a(asn1parse.c.obj)
                0x00000000000060d8                mbedtls_asn1_get_bitstring_null
 .text.mbedtls_asn1_get_alg
                0x0000000000006100       0x96 app/libapp.a(asn1parse.c.obj)
                0x0000000000006100                mbedtls_asn1_get_alg
 .text.cc310_sha256_update
                0x0000000000006196       0x36 app/libapp.a(cc310_glue.c.obj)
                0x0000000000006196                cc310_sha256_update
 .text.sys_notify_validate
                0x00000000000061cc       0x22 zephyr/libzephyr.a(notify.c.obj)
                0x00000000000061cc                sys_notify_validate
 .text.sys_notify_finalize
                0x00000000000061ee       0x18 zephyr/libzephyr.a(notify.c.obj)
                0x00000000000061ee                sys_notify_finalize
 .text.arch_printk_char_out
                0x0000000000006206        0x4 zephyr/libzephyr.a(printk.c.obj)
                0x0000000000006206                arch_printk_char_out
 .text.printk   0x000000000000620a       0x1a zephyr/libzephyr.a(printk.c.obj)
                0x000000000000620a                printk
 .text.process_recheck
                0x0000000000006224       0x38 zephyr/libzephyr.a(onoff.c.obj)
 .text.notify_one
                0x000000000000625c       0x2c zephyr/libzephyr.a(onoff.c.obj)
 .text.transition_complete
                0x0000000000006288       0x1e zephyr/libzephyr.a(onoff.c.obj)
 .text.validate_args
                0x00000000000062a6       0x1e zephyr/libzephyr.a(onoff.c.obj)
 .text.onoff_manager_init
                0x00000000000062c4       0x26 zephyr/libzephyr.a(onoff.c.obj)
                0x00000000000062c4                onoff_manager_init
 .text.onoff_request
                0x00000000000062ea       0x92 zephyr/libzephyr.a(onoff.c.obj)
                0x00000000000062ea                onoff_request
 .text._ConfigAbsSyms
                0x000000000000637c        0x2 zephyr/libzephyr.a(configs.c.obj)
                0x000000000000637c                _ConfigAbsSyms
 .text.z_log_minimal_printk
                0x000000000000637e       0x1a zephyr/libzephyr.a(log_minimal.c.obj)
                0x000000000000637e                z_log_minimal_printk
 .text.flash_area_close
                0x0000000000006398        0x2 zephyr/libzephyr.a(flash_map.c.obj)
                0x0000000000006398                flash_area_close
 .text.flash_area_read
                0x000000000000639a       0x38 zephyr/libzephyr.a(flash_map.c.obj)
                0x000000000000639a                flash_area_read
 .text.flash_area_write
                0x00000000000063d2       0x38 zephyr/libzephyr.a(flash_map.c.obj)
                0x00000000000063d2                flash_area_write
 .text.flash_area_erase
                0x000000000000640a       0x2e zephyr/libzephyr.a(flash_map.c.obj)
                0x000000000000640a                flash_area_erase
 .text.flash_area_align
                0x0000000000006438       0x12 zephyr/libzephyr.a(flash_map.c.obj)
                0x0000000000006438                flash_area_align
 .text.flash_area_erased_val
                0x000000000000644a       0x12 zephyr/libzephyr.a(flash_map.c.obj)
                0x000000000000644a                flash_area_erased_val
 .text.get_sectors_cb
                0x000000000000645c       0x3c zephyr/libzephyr.a(flash_map_layout.c.obj)
 .text.abort_function
                0x0000000000006498        0x8 zephyr/libzephyr.a(nrf_cc3xx_platform_abort_zephyr.c.obj)
 .text.nrf_cc3xx_platform_mutex_init
                0x00000000000064a0        0x2 zephyr/libzephyr.a(nrf_cc3xx_platform_no_mutex_zephyr.c.obj)
                0x00000000000064a0                nrf_cc3xx_platform_mutex_init
 .text.z_do_kernel_oops
                0x00000000000064a2        0x8 zephyr/arch/arch/arm/core/aarch32/libarch__arm__core__aarch32.a(fatal.c.obj)
                0x00000000000064a2                z_do_kernel_oops
 .text.z_irq_spurious
                0x00000000000064aa        0x8 zephyr/arch/arch/arm/core/aarch32/libarch__arm__core__aarch32.a(irq_manage.c.obj)
                0x00000000000064aa                z_irq_spurious
 .text.z_arm_nmi
                0x00000000000064b2        0xe zephyr/arch/arch/arm/core/aarch32/libarch__arm__core__aarch32.a(nmi.c.obj)
                0x00000000000064b2                z_arm_nmi
 .text.arm_cmse_mpu_region_get
                0x00000000000064c0       0x14 zephyr/arch/arch/arm/core/aarch32/cortex_m/cmse/libarch__arm__core__aarch32__cortex_m__cmse.a(arm_core_cmse.c.obj)
                0x00000000000064c0                arm_cmse_mpu_region_get
 .text.strlen   0x00000000000064d4        0xe zephyr/lib/libc/minimal/liblib__libc__minimal.a(string.c.obj)
                0x00000000000064d4                strlen
 .text.strcmp   0x00000000000064e2       0x18 zephyr/lib/libc/minimal/liblib__libc__minimal.a(string.c.obj)
                0x00000000000064e2                strcmp
 .text.memcmp   0x00000000000064fa       0x22 zephyr/lib/libc/minimal/liblib__libc__minimal.a(string.c.obj)
                0x00000000000064fa                memcmp
 .text.memcpy   0x000000000000651c       0x16 zephyr/lib/libc/minimal/liblib__libc__minimal.a(string.c.obj)
                0x000000000000651c                memcpy
 .text.memset   0x0000000000006532       0x12 zephyr/lib/libc/minimal/liblib__libc__minimal.a(string.c.obj)
                0x0000000000006532                memset
 .text._stdout_hook_default
                0x0000000000006544        0x6 zephyr/lib/libc/minimal/liblib__libc__minimal.a(stdout_console.c.obj)
 .text.get_status
                0x000000000000654a       0x12 zephyr/drivers/clock_control/libdrivers__clock_control.a(clock_control_nrf.c.obj)
 .text.set_on_state
                0x000000000000655c       0x26 zephyr/drivers/clock_control/libdrivers__clock_control.a(clock_control_nrf.c.obj)
 .text.stop     0x0000000000006582       0x54 zephyr/drivers/clock_control/libdrivers__clock_control.a(clock_control_nrf.c.obj)
 .text.api_stop
                0x00000000000065d6        0x6 zephyr/drivers/clock_control/libdrivers__clock_control.a(clock_control_nrf.c.obj)
 .text.async_start
                0x00000000000065dc       0x5e zephyr/drivers/clock_control/libdrivers__clock_control.a(clock_control_nrf.c.obj)
 .text.api_start
                0x000000000000663a        0xe zephyr/drivers/clock_control/libdrivers__clock_control.a(clock_control_nrf.c.obj)
 .text.api_blocking_start
                0x0000000000006648        0x6 zephyr/drivers/clock_control/libdrivers__clock_control.a(clock_control_nrf.c.obj)
 .text.onoff_started_callback
                0x000000000000664e       0x14 zephyr/drivers/clock_control/libdrivers__clock_control.a(clock_control_nrf.c.obj)
 .text.lfclk_start
                0x0000000000006662        0x6 zephyr/drivers/clock_control/libdrivers__clock_control.a(clock_control_nrf.c.obj)
 .text.lfclk_stop
                0x0000000000006668        0x6 zephyr/drivers/clock_control/libdrivers__clock_control.a(clock_control_nrf.c.obj)
 .text.gpio_nrfx_port_get_raw
                0x000000000000666e        0xc zephyr/drivers/gpio/libdrivers__gpio.a(gpio_nrfx.c.obj)
 .text.gpio_nrfx_port_set_masked_raw
                0x000000000000667a       0x12 zephyr/drivers/gpio/libdrivers__gpio.a(gpio_nrfx.c.obj)
 .text.gpio_nrfx_port_set_bits_raw
                0x000000000000668c        0xa zephyr/drivers/gpio/libdrivers__gpio.a(gpio_nrfx.c.obj)
 .text.gpio_nrfx_port_clear_bits_raw
                0x0000000000006696        0xa zephyr/drivers/gpio/libdrivers__gpio.a(gpio_nrfx.c.obj)
 .text.gpio_nrfx_port_toggle_bits
                0x00000000000066a0        0xe zephyr/drivers/gpio/libdrivers__gpio.a(gpio_nrfx.c.obj)
 .text.gpio_nrfx_manage_callback
                0x00000000000066ae       0x54 zephyr/drivers/gpio/libdrivers__gpio.a(gpio_nrfx.c.obj)
 .text.is_regular_addr_valid
                0x0000000000006702       0x22 zephyr/drivers/flash/libdrivers__flash.a(soc_flash_nrf.c.obj)
 .text.flash_page_foreach
                0x0000000000006724       0x58 zephyr/drivers/flash/libdrivers__flash.a(flash_page_layout.c.obj)
                0x0000000000006724                flash_page_foreach
 .text.uarte_nrfx_config_get
                0x000000000000677c       0x10 zephyr/drivers/serial/libdrivers__serial.a(uart_nrfx_uarte.c.obj)
 .text.uarte_nrfx_err_check
                0x000000000000678c        0xe zephyr/drivers/serial/libdrivers__serial.a(uart_nrfx_uarte.c.obj)
 .text.uarte_nrfx_poll_in
                0x000000000000679a       0x26 zephyr/drivers/serial/libdrivers__serial.a(uart_nrfx_uarte.c.obj)
 .text.is_tx_ready.isra.0
                0x00000000000067c0       0x22 zephyr/drivers/serial/libdrivers__serial.a(uart_nrfx_uarte.c.obj)
 .text.uarte_nrfx_isr_int
                0x00000000000067e2       0x72 zephyr/drivers/serial/libdrivers__serial.a(uart_nrfx_uarte.c.obj)
 .text.uarte_1_init
                0x0000000000006854       0x1e zephyr/drivers/serial/libdrivers__serial.a(uart_nrfx_uarte.c.obj)
 .text.uarte_0_init
                0x0000000000006872       0x1e zephyr/drivers/serial/libdrivers__serial.a(uart_nrfx_uarte.c.obj)
 .text.pinctrl_lookup_state
                0x0000000000006890       0x30 zephyr/drivers/pinctrl/libdrivers__pinctrl.a(common.c.obj)
                0x0000000000006890                pinctrl_lookup_state
 .text.hw_cc3xx_init_internal
                0x00000000000068c0        0x4 modules/nrf/drivers/hw_cc310/lib..__nrf__drivers__hw_cc310.a(hw_cc310.c.obj)
 .text.hw_cc3xx_init
                0x00000000000068c4       0x12 modules/nrf/drivers/hw_cc310/lib..__nrf__drivers__hw_cc310.a(hw_cc310.c.obj)
 .text.bootutil_buffer_is_erased.part.0
                0x00000000000068d6       0x22 modules/mcuboot/boot/bootutil/zephyr/libmcuboot_util.a(bootutil_public.c.obj)
 .text.boot_swap_info_off
                0x00000000000068f8        0xc modules/mcuboot/boot/bootutil/zephyr/libmcuboot_util.a(bootutil_public.c.obj)
                0x00000000000068f8                boot_swap_info_off
 .text.boot_magic_compatible_check
                0x0000000000006904       0x1c modules/mcuboot/boot/bootutil/zephyr/libmcuboot_util.a(bootutil_public.c.obj)
                0x0000000000006904                boot_magic_compatible_check
 .text.bootutil_buffer_is_erased
                0x0000000000006920        0xc modules/mcuboot/boot/bootutil/zephyr/libmcuboot_util.a(bootutil_public.c.obj)
                0x0000000000006920                bootutil_buffer_is_erased
 .text.boot_read_flag
                0x000000000000692c       0x3a modules/mcuboot/boot/bootutil/zephyr/libmcuboot_util.a(bootutil_public.c.obj)
 .text.boot_write_trailer
                0x0000000000006966       0x58 modules/mcuboot/boot/bootutil/zephyr/libmcuboot_util.a(bootutil_public.c.obj)
                0x0000000000006966                boot_write_trailer
 .text.boot_write_trailer_flag
                0x00000000000069be       0x14 modules/mcuboot/boot/bootutil/zephyr/libmcuboot_util.a(bootutil_public.c.obj)
                0x00000000000069be                boot_write_trailer_flag
 .text.boot_write_image_ok
                0x00000000000069d2        0xe modules/mcuboot/boot/bootutil/zephyr/libmcuboot_util.a(bootutil_public.c.obj)
                0x00000000000069d2                boot_write_image_ok
 .text.boot_read_image_ok
                0x00000000000069e0        0xc modules/mcuboot/boot/bootutil/zephyr/libmcuboot_util.a(bootutil_public.c.obj)
                0x00000000000069e0                boot_read_image_ok
 .text.boot_read_swap_state_by_id
                0x00000000000069ec       0x28 modules/mcuboot/boot/bootutil/zephyr/libmcuboot_util.a(bootutil_public.c.obj)
                0x00000000000069ec                boot_read_swap_state_by_id
 .text.boot_write_swap_info
                0x0000000000006a14       0x22 modules/mcuboot/boot/bootutil/zephyr/libmcuboot_util.a(bootutil_public.c.obj)
                0x0000000000006a14                boot_write_swap_info
 .text.nrf91_errata_14
                0x0000000000006a36       0x20 modules/hal_nordic/nrfx/libmodules__hal_nordic__nrfx.a(system_nrf9160.c.obj)
 .text.nrfx_isr
                0x0000000000006a56        0x2 modules/hal_nordic/nrfx/libmodules__hal_nordic__nrfx.a(nrfx_glue.c.obj)
                0x0000000000006a56                nrfx_isr
 .text.nrfx_busy_wait
                0x0000000000006a58        0x4 modules/hal_nordic/nrfx/libmodules__hal_nordic__nrfx.a(nrfx_glue.c.obj)
                0x0000000000006a58                nrfx_busy_wait
 .text.clock_stop
                0x0000000000006a5c       0x98 modules/hal_nordic/nrfx/libmodules__hal_nordic__nrfx.a(nrfx_clock.c.obj)
 .text.nrfx_clock_enable
                0x0000000000006af4       0x1c modules/hal_nordic/nrfx/libmodules__hal_nordic__nrfx.a(nrfx_clock.c.obj)
                0x0000000000006af4                nrfx_clock_enable
 .text.nrfx_clock_start
                0x0000000000006b10       0x82 modules/hal_nordic/nrfx/libmodules__hal_nordic__nrfx.a(nrfx_clock.c.obj)
                0x0000000000006b10                nrfx_clock_start
 .text.nrfx_clock_stop
                0x0000000000006b92        0x4 modules/hal_nordic/nrfx/libmodules__hal_nordic__nrfx.a(nrfx_clock.c.obj)
                0x0000000000006b92                nrfx_clock_stop
 .text.nrfx_nvmc_flash_size_get
                0x0000000000006b96        0x6 modules/hal_nordic/nrfx/libmodules__hal_nordic__nrfx.a(nrfx_nvmc.c.obj)
                0x0000000000006b96                nrfx_nvmc_flash_size_get
 .text.nrfx_nvmc_flash_page_size_get
                0x0000000000006b9c        0x6 modules/hal_nordic/nrfx/libmodules__hal_nordic__nrfx.a(nrfx_nvmc.c.obj)
                0x0000000000006b9c                nrfx_nvmc_flash_page_size_get
 .text.nrfx_nvmc_flash_page_count_get
                0x0000000000006ba2        0x6 modules/hal_nordic/nrfx/libmodules__hal_nordic__nrfx.a(nrfx_nvmc.c.obj)
                0x0000000000006ba2                nrfx_nvmc_flash_page_count_get
 .text.z_device_state_init
                0x0000000000006ba8        0x2 zephyr/kernel/libkernel.a(device.c.obj)
                0x0000000000006ba8                z_device_state_init
 .text.z_device_is_ready
                0x0000000000006baa       0x14 zephyr/kernel/libkernel.a(device.c.obj)
                0x0000000000006baa                z_device_is_ready
 .text.z_early_memset
                0x0000000000006bbe        0x4 zephyr/kernel/libkernel.a(init.c.obj)
                0x0000000000006bbe                z_early_memset
 .text.z_early_memcpy
                0x0000000000006bc2        0x4 zephyr/kernel/libkernel.a(init.c.obj)
                0x0000000000006bc2                z_early_memcpy
 .text.k_is_in_isr
                0x0000000000006bc6        0xc zephyr/kernel/libkernel.a(thread.c.obj)
                0x0000000000006bc6                k_is_in_isr
 .text.z_impl_k_busy_wait
                0x0000000000006bd2        0x8 zephyr/kernel/libkernel.a(timeout.c.obj)
                0x0000000000006bd2                z_impl_k_busy_wait
 .text._OffsetAbsSyms
                0x0000000000006bda        0x2 zephyr/CMakeFiles/offsets.dir/./arch/arm/core/offsets/offsets.c.obj
                0x0000000000006bda                _OffsetAbsSyms
 .text.nrf_cc310_bl_ecdsa_verify_secp256r1
                0x0000000000006bdc       0x26 C:/ncs/v2.0.0/nrfxlib/crypto/nrf_cc310_bl/lib/cortex-m33/hard-float/no-interrupts/libnrf_cc310_bl_0.9.12.a(nrf_cc310_bl_ecdsa_verify_secp256r1.c.obj)
                0x0000000000006bdc                nrf_cc310_bl_ecdsa_verify_secp256r1
 .text.PkaInitAndMutexLock
                0x0000000000006c02        0x8 C:/ncs/v2.0.0/nrfxlib/crypto/nrf_cc310_bl/lib/cortex-m33/hard-float/no-interrupts/libnrf_cc310_bl_0.9.12.a(pka.c.obj)
                0x0000000000006c02                PkaInitAndMutexLock
 .text.SaSi_PalMemCopy
                0x0000000000006c0a        0x4 C:/ncs/v2.0.0/nrfxlib/crypto/nrf_cc310_bl/lib/cortex-m33/hard-float/no-interrupts/libnrf_cc310_bl_0.9.12.a(ssi_pal_mem.c.obj)
                0x0000000000006c0a                SaSi_PalMemCopy
 .text.SaSi_PalMemSet
                0x0000000000006c0e        0x4 C:/ncs/v2.0.0/nrfxlib/crypto/nrf_cc310_bl/lib/cortex-m33/hard-float/no-interrupts/libnrf_cc310_bl_0.9.12.a(ssi_pal_mem.c.obj)
                0x0000000000006c0e                SaSi_PalMemSet
 .text.SaSi_PalMemSetZero
                0x0000000000006c12        0x8 C:/ncs/v2.0.0/nrfxlib/crypto/nrf_cc310_bl/lib/cortex-m33/hard-float/no-interrupts/libnrf_cc310_bl_0.9.12.a(ssi_pal_mem.c.obj)
                0x0000000000006c12                SaSi_PalMemSetZero
 .text.CRYS_COMMON_ReverseMemcpy32
                0x0000000000006c1a       0x1a C:/ncs/v2.0.0/nrfxlib/crypto/nrf_cc310_bl/lib/cortex-m33/hard-float/no-interrupts/libnrf_cc310_bl_0.9.12.a(crys_common_conv_endian.c.obj)
                0x0000000000006c1a                CRYS_COMMON_ReverseMemcpy32
 *(SORT_BY_ALIGNMENT(.TEXT.*))
 .TEXT.z_arm_platform_init
                0x0000000000006c34        0x4 zephyr/libzephyr.a(soc_nrf_common.S.obj)
                0x0000000000006c34                z_arm_platform_init
 *(SORT_BY_ALIGNMENT(.gnu.linkonce.t.*))
 *(SORT_BY_ALIGNMENT(.glue_7t))
 .glue_7t       0x0000000000006c38        0x0 linker stubs
 *(SORT_BY_ALIGNMENT(.glue_7))
 .glue_7        0x0000000000006c38        0x0 linker stubs
 *(SORT_BY_ALIGNMENT(.vfp11_veneer))
 .vfp11_veneer  0x0000000000006c38        0x0 linker stubs
 *(SORT_BY_ALIGNMENT(.v4_bx))
 .v4_bx         0x0000000000006c38        0x0 linker stubs
                0x0000000000006c38                __text_region_end = .

.ARM.exidx      0x0000000000006c38        0x8
                0x0000000000006c38                __exidx_start = .
 *(SORT_BY_ALIGNMENT(.ARM.exidx*) SORT_BY_ALIGNMENT(gnu.linkonce.armexidx.*))
 .ARM.exidx     0x0000000000006c38        0x8 c:/ncs/toolchains/v2.0.0/opt/zephyr-sdk/arm-zephyr-eabi/bin/../lib/gcc/arm-zephyr-eabi/10.3.0/thumb/v8-m.main+fp/hard\libgcc.a(_udivmoddi4.o)
                0x0000000000006c40                __exidx_end = .
                0x0000000000006c40                __rodata_region_start = .

initlevel       0x0000000000006c40       0x50
                0x0000000000006c40                __init_start = .
                0x0000000000006c40                __init_PRE_KERNEL_1_start = .
 *(SORT_BY_NAME(SORT_BY_ALIGNMENT(.z_init_PRE_KERNEL_1[0-9]_*)))
 .z_init_PRE_KERNEL_10_
                0x0000000000006c40        0x8 zephyr/libzephyr.a(soc.c.obj)
 *(SORT_BY_NAME(SORT_BY_ALIGNMENT(.z_init_PRE_KERNEL_1[1-9][0-9]_*)))
 .z_init_PRE_KERNEL_130_
                0x0000000000006c48        0x8 zephyr/drivers/clock_control/libdrivers__clock_control.a(clock_control_nrf.c.obj)
 .z_init_PRE_KERNEL_140_
                0x0000000000006c50        0x8 zephyr/drivers/gpio/libdrivers__gpio.a(gpio_nrfx.c.obj)
 .z_init_PRE_KERNEL_140_
                0x0000000000006c58        0x8 modules/nrf/drivers/hw_cc310/lib..__nrf__drivers__hw_cc310.a(hw_cc310.c.obj)
 .z_init_PRE_KERNEL_155_
                0x0000000000006c60       0x10 zephyr/drivers/serial/libdrivers__serial.a(uart_nrfx_uarte.c.obj)
 .z_init_PRE_KERNEL_160_
                0x0000000000006c70        0x8 zephyr/drivers/console/libdrivers__console.a(uart_console.c.obj)
                0x0000000000006c78                __init_PRE_KERNEL_2_start = .
 *(SORT_BY_NAME(SORT_BY_ALIGNMENT(.z_init_PRE_KERNEL_2[0-9]_*)))
 .z_init_PRE_KERNEL_20_
                0x0000000000006c78        0x8 zephyr/drivers/timer/libdrivers__timer.a(nrf_rtc_timer.c.obj)
 *(SORT_BY_NAME(SORT_BY_ALIGNMENT(.z_init_PRE_KERNEL_2[1-9][0-9]_*)))
                0x0000000000006c80                __init_POST_KERNEL_start = .
 *(SORT_BY_NAME(SORT_BY_ALIGNMENT(.z_init_POST_KERNEL[0-9]_*)))
 *(SORT_BY_NAME(SORT_BY_ALIGNMENT(.z_init_POST_KERNEL[1-9][0-9]_*)))
 .z_init_POST_KERNEL40_
                0x0000000000006c80        0x8 modules/nrf/drivers/hw_cc310/lib..__nrf__drivers__hw_cc310.a(hw_cc310.c.obj)
 .z_init_POST_KERNEL50_
                0x0000000000006c88        0x8 zephyr/drivers/flash/libdrivers__flash.a(soc_flash_nrf.c.obj)
                0x0000000000006c90                __init_APPLICATION_start = .
 *(SORT_BY_NAME(SORT_BY_ALIGNMENT(.z_init_APPLICATION[0-9]_*)))
 *(SORT_BY_NAME(SORT_BY_ALIGNMENT(.z_init_APPLICATION[1-9][0-9]_*)))
                0x0000000000006c90                __init_SMP_start = .
 *(SORT_BY_NAME(SORT_BY_ALIGNMENT(.z_init_SMP[0-9]_*)))
 *(SORT_BY_NAME(SORT_BY_ALIGNMENT(.z_init_SMP[1-9][0-9]_*)))
                0x0000000000006c90                __init_end = .

devices         0x0000000000006c90       0x78
                0x0000000000006c90                __device_start = .
                0x0000000000006c90                __device_PRE_KERNEL_1_start = .
 *(SORT_BY_NAME(SORT_BY_ALIGNMENT(.z_device_PRE_KERNEL_1[0-9]_*)))
 *(SORT_BY_NAME(SORT_BY_ALIGNMENT(.z_device_PRE_KERNEL_1[1-9][0-9]_*)))
 .z_device_PRE_KERNEL_130_
                0x0000000000006c90       0x18 zephyr/drivers/clock_control/libdrivers__clock_control.a(clock_control_nrf.c.obj)
                0x0000000000006c90                __device_dts_ord_69
 .z_device_PRE_KERNEL_140_
                0x0000000000006ca8       0x18 zephyr/drivers/gpio/libdrivers__gpio.a(gpio_nrfx.c.obj)
                0x0000000000006ca8                __device_dts_ord_9
 .z_device_PRE_KERNEL_155_
                0x0000000000006cc0       0x30 zephyr/drivers/serial/libdrivers__serial.a(uart_nrfx_uarte.c.obj)
                0x0000000000006cc0                __device_dts_ord_100
                0x0000000000006cd8                __device_dts_ord_99
                0x0000000000006cf0                __device_PRE_KERNEL_2_start = .
 *(SORT_BY_NAME(SORT_BY_ALIGNMENT(.z_device_PRE_KERNEL_2[0-9]_*)))
 *(SORT_BY_NAME(SORT_BY_ALIGNMENT(.z_device_PRE_KERNEL_2[1-9][0-9]_*)))
                0x0000000000006cf0                __device_POST_KERNEL_start = .
 *(SORT_BY_NAME(SORT_BY_ALIGNMENT(.z_device_POST_KERNEL[0-9]_*)))
 *(SORT_BY_NAME(SORT_BY_ALIGNMENT(.z_device_POST_KERNEL[1-9][0-9]_*)))
 .z_device_POST_KERNEL50_
                0x0000000000006cf0       0x18 zephyr/drivers/flash/libdrivers__flash.a(soc_flash_nrf.c.obj)
                0x0000000000006cf0                __device_dts_ord_105
                0x0000000000006d08                __device_APPLICATION_start = .
 *(SORT_BY_NAME(SORT_BY_ALIGNMENT(.z_device_APPLICATION[0-9]_*)))
 *(SORT_BY_NAME(SORT_BY_ALIGNMENT(.z_device_APPLICATION[1-9][0-9]_*)))
                0x0000000000006d08                __device_SMP_start = .
 *(SORT_BY_NAME(SORT_BY_ALIGNMENT(.z_device_SMP[0-9]_*)))
 *(SORT_BY_NAME(SORT_BY_ALIGNMENT(.z_device_SMP[1-9][0-9]_*)))
                0x0000000000006d08                __device_end = .

sw_isr_table    0x0000000000006d08      0x208
                0x0000000000006d08                . = ALIGN (0x0)
 *(SORT_BY_ALIGNMENT(.gnu.linkonce.sw_isr_table*))
 .gnu.linkonce.sw_isr_table
                0x0000000000006d08      0x208 zephyr/arch/common/libisr_tables.a(isr_tables.c.obj)
                0x0000000000006d08                _sw_isr_table

initlevel_error
                0x0000000000006c40        0x0
 *(SORT_BY_NAME(SORT_BY_ALIGNMENT(.z_init_[_A-Z0-9]*)))
                0x0000000000000001                ASSERT ((SIZEOF (initlevel_error) == 0x0), Undefined initialization levels used.)

app_shmem_regions
                0x0000000000006f10        0x0
                0x0000000000006f10                __app_shmem_regions_start = .
 *(SORT_BY_NAME(SORT_BY_ALIGNMENT(.app_regions.*)))
                0x0000000000006f10                __app_shmem_regions_end = .

bt_l2cap_fixed_chan_area
                0x0000000000006f10        0x0
                0x0000000000006f10                _bt_l2cap_fixed_chan_list_start = .
 *(SORT_BY_NAME(SORT_BY_ALIGNMENT(._bt_l2cap_fixed_chan.static.*)))
                0x0000000000006f10                _bt_l2cap_fixed_chan_list_end = .

bt_gatt_service_static_area
                0x0000000000006f10        0x0
                0x0000000000006f10                _bt_gatt_service_static_list_start = .
 *(SORT_BY_NAME(SORT_BY_ALIGNMENT(._bt_gatt_service_static.static.*)))
                0x0000000000006f10                _bt_gatt_service_static_list_end = .

k_p4wq_initparam_area
                0x0000000000006f10        0x0
                0x0000000000006f10                _k_p4wq_initparam_list_start = .
 *(SORT_BY_NAME(SORT_BY_ALIGNMENT(._k_p4wq_initparam.static.*)))
                0x0000000000006f10                _k_p4wq_initparam_list_end = .

log_strings_sections
                0x0000000000006f10        0x0
                0x0000000000006f10                __log_strings_start = .
 *(SORT_BY_NAME(SORT_BY_ALIGNMENT(.log_strings*)))
                0x0000000000006f10                __log_strings_end = .

log_const_sections
                0x0000000000006f10       0x40
                0x0000000000006f10                __log_const_start = .
 *(SORT_BY_NAME(SORT_BY_ALIGNMENT(.log_const_*)))
 .log_const_clock_control
                0x0000000000006f10        0x8 zephyr/drivers/clock_control/libdrivers__clock_control.a(clock_control_nrf.c.obj)
                0x0000000000006f10                log_const_clock_control
 .log_const_fatal_error
                0x0000000000006f18        0x8 modules/nrf/lib/fatal_error/lib..__nrf__lib__fatal_error.a(fatal_error.c.obj)
                0x0000000000006f18                log_const_fatal_error
 .log_const_flash_nrf
                0x0000000000006f20        0x8 zephyr/drivers/flash/libdrivers__flash.a(soc_flash_nrf.c.obj)
                0x0000000000006f20                log_const_flash_nrf
 .log_const_mcuboot
                0x0000000000006f28        0x8 app/libapp.a(main.c.obj)
                0x0000000000006f28                log_const_mcuboot
 .log_const_mpu
                0x0000000000006f30        0x8 zephyr/arch/arch/arm/core/aarch32/mpu/libarch__arm__core__aarch32__mpu.a(arm_core_mpu.c.obj)
                0x0000000000006f30                log_const_mpu
 .log_const_os  0x0000000000006f38        0x8 zephyr/kernel/libkernel.a(init.c.obj)
                0x0000000000006f38                log_const_os
 .log_const_soc
                0x0000000000006f40        0x8 zephyr/libzephyr.a(soc.c.obj)
                0x0000000000006f40                log_const_soc
 .log_const_uart_nrfx_uarte
                0x0000000000006f48        0x8 zephyr/drivers/serial/libdrivers__serial.a(uart_nrfx_uarte.c.obj)
                0x0000000000006f48                log_const_uart_nrfx_uarte
                0x0000000000006f50                __log_const_end = .

log_backends_sections
                0x0000000000006f50        0x0
                0x0000000000006f50                __log_backends_start = .
 *(SORT_BY_ALIGNMENT(._log_backend.*))
                0x0000000000006f50                __log_backends_end = .

shell_area      0x0000000000006f50        0x0
                0x0000000000006f50                _shell_list_start = .
 *(SORT_BY_NAME(SORT_BY_ALIGNMENT(._shell.static.*)))
                0x0000000000006f50                _shell_list_end = .

shell_root_cmds_sections
                0x0000000000006f50        0x0
                0x0000000000006f50                __shell_root_cmds_start = .
 *(SORT_BY_NAME(SORT_BY_ALIGNMENT(.shell_root_cmd_*)))
                0x0000000000006f50                __shell_root_cmds_end = .

font_entry_sections
                0x0000000000006f50        0x0
                0x0000000000006f50                __font_entry_start = .
 *(SORT_BY_NAME(SORT_BY_ALIGNMENT(._cfb_font.*)))
                0x0000000000006f50                __font_entry_end = .

tracing_backend_area
                0x0000000000006f50        0x0
                0x0000000000006f50                _tracing_backend_list_start = .
 *(SORT_BY_NAME(SORT_BY_ALIGNMENT(._tracing_backend.static.*)))
                0x0000000000006f50                _tracing_backend_list_end = .

zephyr_dbg_info
 *(SORT_BY_ALIGNMENT(.dbg_thread_info))

device_handles  0x0000000000006f50       0x1e
                0x0000000000006f50                __device_handles_start = .
 *(SORT_BY_NAME(SORT_BY_ALIGNMENT(.__device_handles_pass2*)))
 .__device_handles_pass2
                0x0000000000006f50       0x1e zephyr/CMakeFiles/zephyr_pre1.dir/dev_handles.c.obj
                0x0000000000006f50                __devicehdl_DT_N_S_soc_S_peripheral_50000000_S_flash_controller_39000
                0x0000000000006f56                __devicehdl_DT_N_S_soc_S_peripheral_50000000_S_uart_8000
                0x0000000000006f5c                __devicehdl_DT_N_S_soc_S_peripheral_50000000_S_uart_9000
                0x0000000000006f62                __devicehdl_DT_N_S_soc_S_peripheral_50000000_S_gpio_842500
                0x0000000000006f68                __devicehdl_DT_N_S_soc_S_peripheral_50000000_S_clock_5000
                0x0000000000006f6e                __device_handles_end = .

rodata          0x0000000000006f70     0x1088
 *(SORT_BY_ALIGNMENT(.rodata))
 .rodata        0x0000000000006f70       0x10 C:/ncs/v2.0.0/nrfxlib/crypto/nrf_cc310_bl/lib/cortex-m33/hard-float/no-interrupts/libnrf_cc310_bl_0.9.12.a(nrf_cc310_bl_hash_sha256.c.obj)
 *(SORT_BY_ALIGNMENT(.rodata.*))
 .rodata.delay_machine_code.0
                0x0000000000006f80        0x6 zephyr/libzephyr.a(soc.c.obj)
 *fill*         0x0000000000006f86        0x2 
 .rodata.bootutil_key_cnt
                0x0000000000006f88        0x4 app/libapp.a(keys.c.obj)
                0x0000000000006f88                bootutil_key_cnt
 .rodata.bootutil_keys
                0x0000000000006f8c        0x8 app/libapp.a(keys.c.obj)
                0x0000000000006f8c                bootutil_keys
 .rodata.ecdsa_pub_key_len
                0x0000000000006f94        0x4 app/libapp.a(autogen-pubkey.c.obj)
                0x0000000000006f94                ecdsa_pub_key_len
 .rodata.default_flash_map
                0x0000000000006f98       0xb0 zephyr/libzephyr.a(flash_map_partition_manager.c.obj)
                0x0000000000006f98                default_flash_map
 .rodata.flash_map_entries
                0x0000000000007048        0x4 zephyr/libzephyr.a(flash_map_partition_manager.c.obj)
                0x0000000000007048                flash_map_entries
 .rodata.apis   0x000000000000704c        0x8 zephyr/libzephyr.a(nrf_cc3xx_platform_abort_zephyr.c.obj)
 .rodata.static_regions
                0x0000000000007054        0xc zephyr/arch/arch/arm/core/aarch32/mpu/libarch__arm__core__aarch32__mpu.a(arm_core_mpu.c.obj)
 .rodata.mpu_config
                0x0000000000007060        0x8 zephyr/soc/arm/common/cortex_m/libsoc__arm__common__cortex_m.a(arm_mpu_regions.c.obj)
                0x0000000000007060                mpu_config
 .rodata.mpu_regions
                0x0000000000007068       0x20 zephyr/soc/arm/common/cortex_m/libsoc__arm__common__cortex_m.a(arm_mpu_regions.c.obj)
 .rodata.clock_control_api
                0x0000000000007088       0x18 zephyr/drivers/clock_control/libdrivers__clock_control.a(clock_control_nrf.c.obj)
 .rodata.config
                0x00000000000070a0       0x18 zephyr/drivers/clock_control/libdrivers__clock_control.a(clock_control_nrf.c.obj)
 .rodata.transitions.0
                0x00000000000070b8        0xc zephyr/drivers/clock_control/libdrivers__clock_control.a(clock_control_nrf.c.obj)
 .rodata.gpio_nrfx_drv_api_funcs
                0x00000000000070c4       0x24 zephyr/drivers/gpio/libdrivers__gpio.a(gpio_nrfx.c.obj)
 .rodata.gpio_nrfx_p0_cfg
                0x00000000000070e8       0x10 zephyr/drivers/gpio/libdrivers__gpio.a(gpio_nrfx.c.obj)
 .rodata.flash_nrf_api
                0x00000000000070f8       0x14 zephyr/drivers/flash/libdrivers__flash.a(soc_flash_nrf.c.obj)
 .rodata.flash_nrf_parameters
                0x000000000000710c        0x8 zephyr/drivers/flash/libdrivers__flash.a(soc_flash_nrf.c.obj)
 .rodata.__pinctrl_dev_config__device_dts_ord_100
                0x0000000000007114        0xc zephyr/drivers/serial/libdrivers__serial.a(uart_nrfx_uarte.c.obj)
 .rodata.__pinctrl_dev_config__device_dts_ord_99
                0x0000000000007120        0xc zephyr/drivers/serial/libdrivers__serial.a(uart_nrfx_uarte.c.obj)
 .rodata.__pinctrl_state_pins_0__device_dts_ord_100
                0x000000000000712c       0x10 zephyr/drivers/serial/libdrivers__serial.a(uart_nrfx_uarte.c.obj)
 .rodata.__pinctrl_state_pins_0__device_dts_ord_99
                0x000000000000713c       0x10 zephyr/drivers/serial/libdrivers__serial.a(uart_nrfx_uarte.c.obj)
 .rodata.__pinctrl_states__device_dts_ord_100
                0x000000000000714c        0x8 zephyr/drivers/serial/libdrivers__serial.a(uart_nrfx_uarte.c.obj)
 .rodata.__pinctrl_states__device_dts_ord_99
                0x0000000000007154        0x8 zephyr/drivers/serial/libdrivers__serial.a(uart_nrfx_uarte.c.obj)
 .rodata.uart_nrfx_uarte_driver_api
                0x000000000000715c       0x14 zephyr/drivers/serial/libdrivers__serial.a(uart_nrfx_uarte.c.obj)
 .rodata.uarte_0z_config
                0x0000000000007170       0x10 zephyr/drivers/serial/libdrivers__serial.a(uart_nrfx_uarte.c.obj)
 .rodata.uarte_1z_config
                0x0000000000007180       0x10 zephyr/drivers/serial/libdrivers__serial.a(uart_nrfx_uarte.c.obj)
 .rodata.levels.0
                0x0000000000007190       0x14 zephyr/kernel/libkernel.a(device.c.obj)
 .rodata.CSWTCH.443
                0x00000000000071a4       0x14 zephyr/kernel/libkernel.a(fatal.c.obj)
 .rodata.CSWTCH.12
                0x00000000000071b8       0x1c C:/ncs/v2.0.0/nrfxlib/crypto/nrf_cc310_platform/lib/cortex-m33/hard-float/no-interrupts/libnrf_cc310_platform_0.9.14.a(nrf_cc3xx_platform.c.obj)
 .rodata.CC_PalPowerSaveModeInit.str1.4
                0x00000000000071d4       0x20 C:/ncs/v2.0.0/nrfxlib/crypto/nrf_cc310_platform/lib/cortex-m33/hard-float/no-interrupts/libnrf_cc310_platform_0.9.14.a(cc_pal_pm.c.obj)
 .rodata.mutex_free.str1.4
                0x00000000000071f4       0x26 C:/ncs/v2.0.0/nrfxlib/crypto/nrf_cc310_platform/lib/cortex-m33/hard-float/no-interrupts/libnrf_cc310_platform_0.9.14.a(nrf_cc3xx_platform_mutex.c.obj)
 *fill*         0x000000000000721a        0x2 
 .rodata.mutex_init.str1.4
                0x000000000000721c       0x23 C:/ncs/v2.0.0/nrfxlib/crypto/nrf_cc310_platform/lib/cortex-m33/hard-float/no-interrupts/libnrf_cc310_platform_0.9.14.a(nrf_cc3xx_platform_mutex.c.obj)
 *fill*         0x000000000000723f        0x1 
 .rodata.domain_secp256r1
                0x0000000000007240       0xcc C:/ncs/v2.0.0/nrfxlib/crypto/nrf_cc310_bl/lib/cortex-m33/hard-float/no-interrupts/libnrf_cc310_bl_0.9.12.a(nrf_cc310_bl_ecdsa_verify_secp256r1.c.obj)
                0x0000000000007240                domain_secp256r1
 .rodata.NRF_CC310_BL_HASH_LARVAL_SHA256
                0x000000000000730c       0x20 C:/ncs/v2.0.0/nrfxlib/crypto/nrf_cc310_bl/lib/cortex-m33/hard-float/no-interrupts/libnrf_cc310_bl_0.9.12.a(nrf_cc310_bl_hash_sha256.c.obj)
                0x000000000000730c                NRF_CC310_BL_HASH_LARVAL_SHA256
 .rodata.boot_img_magic
                0x000000000000732c       0x10 modules/mcuboot/boot/bootutil/zephyr/libmcuboot_util.a(bootutil_public.c.obj)
                0x000000000000732c                boot_img_magic
 .rodata.main.str1.1
                0x000000000000733c      0x110 app/libapp.a(main.c.obj)
 .rodata.str1.1
                0x000000000000744c        0x8 app/libapp.a(main.c.obj)
 .rodata.flash_device_base.str1.1
                0x0000000000007454       0x26 app/libapp.a(flash_map_extended.c.obj)
 .rodata.ec_pubkey_oid
                0x000000000000747a        0x8 app/libapp.a(image_ec256.c.obj)
 .rodata.ec_secp256r1_oid
                0x0000000000007482        0x9 app/libapp.a(image_ec256.c.obj)
 .rodata.boot_validate_slot.isra.0.str1.1
                0x000000000000748b       0x3a app/libapp.a(loader.c.obj)
 .rodata.boot_swap_image.str1.1
                0x00000000000074c5       0x2f app/libapp.a(loader.c.obj)
 .rodata.context_boot_go.str1.1
                0x00000000000074f4       0xa4 app/libapp.a(loader.c.obj)
 .rodata.swap_read_status_bytes.str1.1
                0x0000000000007598       0x23 app/libapp.a(swap_move.c.obj)
 .rodata.boot_slots_compatible.str1.1
                0x00000000000075bb       0x93 app/libapp.a(swap_move.c.obj)
 .rodata.swap_status_source.str1.1
                0x000000000000764e       0xa4 app/libapp.a(swap_move.c.obj)
 .rodata.swap_run.str1.1
                0x00000000000076f2       0x89 app/libapp.a(swap_move.c.obj)
 .rodata.ecdsa_pub_key
                0x000000000000777b       0x5b app/libapp.a(autogen-pubkey.c.obj)
                0x000000000000777b                ecdsa_pub_key
 .rodata.cbvprintf.str1.1
                0x00000000000077d6       0x10 zephyr/libzephyr.a(cbprintf_nano.c.obj)
                                         0x13 (size before relaxing)
 .rodata.sys_reboot.str1.1
                0x00000000000077e6       0x29 zephyr/libzephyr.a(reboot.c.obj)
 .rodata.str1.1
                0x000000000000780f        0x4 zephyr/libzephyr.a(soc.c.obj)
 .rodata.str1.1
                0x0000000000007813       0x13 zephyr/libzephyr.a(flash_map_partition_manager.c.obj)
 .rodata.z_arm_fatal_error.str1.1
                0x0000000000007813       0xaf zephyr/arch/arch/arm/core/aarch32/libarch__arm__core__aarch32.a(fatal.c.obj)
 .rodata.usage_fault.constprop.0.str1.1
                0x00000000000078c2      0x11f zephyr/arch/arch/arm/core/aarch32/cortex_m/libarch__arm__core__aarch32__cortex_m.a(fault.c.obj)
 .rodata.bus_fault.constprop.0.str1.1
                0x00000000000079e1       0xf2 zephyr/arch/arch/arm/core/aarch32/cortex_m/libarch__arm__core__aarch32__cortex_m.a(fault.c.obj)
 .rodata.mem_manage_fault.constprop.0.str1.1
                0x0000000000007ad3       0xaf zephyr/arch/arch/arm/core/aarch32/cortex_m/libarch__arm__core__aarch32__cortex_m.a(fault.c.obj)
 .rodata.z_arm_fault.str1.1
                0x0000000000007b82      0x139 zephyr/arch/arch/arm/core/aarch32/cortex_m/libarch__arm__core__aarch32__cortex_m.a(fault.c.obj)
 .rodata.str1.1
                0x0000000000007cbb        0x4 zephyr/arch/arch/arm/core/aarch32/mpu/libarch__arm__core__aarch32__mpu.a(arm_core_mpu.c.obj)
 .rodata.mpu_configure_region.str1.1
                0x0000000000007cbf       0x2b zephyr/arch/arch/arm/core/aarch32/mpu/libarch__arm__core__aarch32__mpu.a(arm_mpu.c.obj)
 .rodata.mpu_configure_regions_and_partition.constprop.0.str1.1
                0x0000000000007cea       0x50 zephyr/arch/arch/arm/core/aarch32/mpu/libarch__arm__core__aarch32__mpu.a(arm_mpu.c.obj)
 .rodata.str1.1
                0x0000000000007d3a        0xf zephyr/soc/arm/common/cortex_m/libsoc__arm__common__cortex_m.a(arm_mpu_regions.c.obj)
 .rodata.str1.1
                0x0000000000007d49       0x20 zephyr/drivers/clock_control/libdrivers__clock_control.a(clock_control_nrf.c.obj)
 .rodata.str1.1
                0x0000000000007d69        0x7 zephyr/drivers/gpio/libdrivers__gpio.a(gpio_nrfx.c.obj)
 .rodata.flash_nrf_erase.str1.1
                0x0000000000007d70       0x46 zephyr/drivers/flash/libdrivers__flash.a(soc_flash_nrf.c.obj)
 .rodata.flash_nrf_write.str1.1
                0x0000000000007db6       0x23 zephyr/drivers/flash/libdrivers__flash.a(soc_flash_nrf.c.obj)
 .rodata.str1.1
                0x0000000000007dd9        0xa zephyr/drivers/flash/libdrivers__flash.a(soc_flash_nrf.c.obj)
                                         0x1d (size before relaxing)
 .rodata.uarte_instance_init.constprop.0.str1.1
                0x0000000000007de3       0x24 zephyr/drivers/serial/libdrivers__serial.a(uart_nrfx_uarte.c.obj)
 .rodata.str1.1
                0x0000000000007e07       0x1e zephyr/drivers/serial/libdrivers__serial.a(uart_nrfx_uarte.c.obj)
 .rodata.k_sys_fatal_error_handler.str1.1
                0x0000000000007e25       0x16 modules/nrf/lib/fatal_error/lib..__nrf__lib__fatal_error.a(fatal_error.c.obj)
 .rodata.str1.1
                0x0000000000007e3b        0xc modules/nrf/lib/fatal_error/lib..__nrf__lib__fatal_error.a(fatal_error.c.obj)
 .rodata.boot_swap_type_multi.str1.1
                0x0000000000007e47       0x96 modules/mcuboot/boot/bootutil/zephyr/libmcuboot_util.a(bootutil_public.c.obj)
 .rodata.boot_swap_tables
                0x0000000000007edd       0x12 modules/mcuboot/boot/bootutil/zephyr/libmcuboot_util.a(bootutil_public.c.obj)
 .rodata.z_fatal_error.str1.1
                0x0000000000007eef       0x86 zephyr/kernel/libkernel.a(fatal.c.obj)
 .rodata.str1.1
                0x0000000000007f75       0x4a zephyr/kernel/libkernel.a(fatal.c.obj)
 .rodata.str1.1
                0x0000000000007fbf        0x3 zephyr/kernel/libkernel.a(init.c.obj)
 .rodata.boot_banner.str1.1
                0x0000000000007fc2       0x34 zephyr/kernel/libkernel.a(banner.c.obj)
                                         0x35 (size before relaxing)
 *(SORT_BY_ALIGNMENT(.gnu.linkonce.r.*))
                0x0000000000007ff8                . = ALIGN (0x4)
 *fill*         0x0000000000007ff6        0x2 
                0x0000000000007ff8                __rodata_region_end = .
                0x0000000000008000                . = ALIGN (_region_min_align)
                0x0000000000008000                __rom_region_end = .
                0x000000002000c4e8                . = 0x2000c4e8
                0x000000002000c500                . = ALIGN (_region_min_align)
                0x000000002000c500                _image_ram_start = .

.ramfunc        0x000000002000c4e8       0x18 load address 0x0000000000007ff8
                0x000000002000c500                . = ALIGN (_region_min_align)
 *fill*         0x000000002000c4e8       0x18 
                0x000000002000c500                __ramfunc_start = .
 *(SORT_BY_ALIGNMENT(.ramfunc))
 *(SORT_BY_ALIGNMENT(.ramfunc.*))
                0x000000002000c500                . = ALIGN (_region_min_align)
                0x000000002000c500                __ramfunc_end = .
                0x0000000000000000                __ramfunc_size = (__ramfunc_end - __ramfunc_start)
                0x0000000000007ff8                __ramfunc_load_start = LOADADDR (.ramfunc)

datas           0x000000002000c500      0x108 load address 0x0000000000008010
                0x000000002000c500                __data_region_start = .
                0x000000002000c500                __data_start = .
 *(SORT_BY_ALIGNMENT(.data))
 *(SORT_BY_ALIGNMENT(.data.*))
 .data.FIH_FAILURE
                0x000000002000c500        0x4 app/libapp.a(fault_injection_hardening.c.obj)
                0x000000002000c500                FIH_FAILURE
 .data.g_last_idx
                0x000000002000c504        0x4 app/libapp.a(swap_move.c.obj)
 .data._char_out
                0x000000002000c508        0x4 zephyr/libzephyr.a(printk.c.obj)
                0x000000002000c508                _char_out
 .data.flash_map
                0x000000002000c50c        0x4 zephyr/libzephyr.a(flash_map_partition_manager.c.obj)
                0x000000002000c50c                flash_map
 .data._stdout_hook
                0x000000002000c510        0x4 zephyr/lib/libc/minimal/liblib__libc__minimal.a(stdout_console.c.obj)
 .data.uarte_0_data
                0x000000002000c514       0x14 zephyr/drivers/serial/libdrivers__serial.a(uart_nrfx_uarte.c.obj)
 .data.uarte_1_data
                0x000000002000c528       0x14 zephyr/drivers/serial/libdrivers__serial.a(uart_nrfx_uarte.c.obj)
 .data.SystemCoreClock
                0x000000002000c53c        0x4 modules/hal_nordic/nrfx/libmodules__hal_nordic__nrfx.a(system_nrf9160.c.obj)
                0x000000002000c53c                SystemCoreClock
 .data.m_allocated_channels
                0x000000002000c540        0x4 modules/hal_nordic/nrfx/libmodules__hal_nordic__nrfx.a(nrfx_dppi.c.obj)
 .data.m_cb     0x000000002000c544       0x5c modules/hal_nordic/nrfx/libmodules__hal_nordic__nrfx.a(nrfx_gpiote.c.obj)
 .data.timeout_list
                0x000000002000c5a0        0x8 zephyr/kernel/libkernel.a(timeout.c.obj)
 .data.platform_abort_apis
                0x000000002000c5a8        0x8 C:/ncs/v2.0.0/nrfxlib/crypto/nrf_cc310_platform/lib/cortex-m33/hard-float/no-interrupts/libnrf_cc310_platform_0.9.14.a(nrf_cc3xx_platform_abort.c.obj)
                0x000000002000c5a8                platform_abort_apis
 .data.CCAsymCryptoMutex
                0x000000002000c5b0        0x4 C:/ncs/v2.0.0/nrfxlib/crypto/nrf_cc310_platform/lib/cortex-m33/hard-float/no-interrupts/libnrf_cc310_platform_0.9.14.a(cc_pal.c.obj)
                0x000000002000c5b0                CCAsymCryptoMutex
 .data.CCPowerMutex
                0x000000002000c5b4        0x4 C:/ncs/v2.0.0/nrfxlib/crypto/nrf_cc310_platform/lib/cortex-m33/hard-float/no-interrupts/libnrf_cc310_platform_0.9.14.a(cc_pal.c.obj)
                0x000000002000c5b4                CCPowerMutex
 .data.CCRndCryptoMutex
                0x000000002000c5b8        0x4 C:/ncs/v2.0.0/nrfxlib/crypto/nrf_cc310_platform/lib/cortex-m33/hard-float/no-interrupts/libnrf_cc310_platform_0.9.14.a(cc_pal.c.obj)
                0x000000002000c5b8                CCRndCryptoMutex
 .data.CCSymCryptoMutex
                0x000000002000c5bc        0x4 C:/ncs/v2.0.0/nrfxlib/crypto/nrf_cc310_platform/lib/cortex-m33/hard-float/no-interrupts/libnrf_cc310_platform_0.9.14.a(cc_pal.c.obj)
                0x000000002000c5bc                CCSymCryptoMutex
 .data.pCCRndCryptoMutex
                0x000000002000c5c0        0x4 C:/ncs/v2.0.0/nrfxlib/crypto/nrf_cc310_platform/lib/cortex-m33/hard-float/no-interrupts/libnrf_cc310_platform_0.9.14.a(cc_pal.c.obj)
                0x000000002000c5c0                pCCRndCryptoMutex
 .data.asym_mutex
                0x000000002000c5c4        0x8 C:/ncs/v2.0.0/nrfxlib/crypto/nrf_cc310_platform/lib/cortex-m33/hard-float/no-interrupts/libnrf_cc310_platform_0.9.14.a(nrf_cc3xx_platform_mutex.c.obj)
 .data.platform_mutex_apis
                0x000000002000c5cc       0x10 C:/ncs/v2.0.0/nrfxlib/crypto/nrf_cc310_platform/lib/cortex-m33/hard-float/no-interrupts/libnrf_cc310_platform_0.9.14.a(nrf_cc3xx_platform_mutex.c.obj)
                0x000000002000c5cc                platform_mutex_apis
 .data.platform_mutexes
                0x000000002000c5dc       0x14 C:/ncs/v2.0.0/nrfxlib/crypto/nrf_cc310_platform/lib/cortex-m33/hard-float/no-interrupts/libnrf_cc310_platform_0.9.14.a(nrf_cc3xx_platform_mutex.c.obj)
                0x000000002000c5dc                platform_mutexes
 .data.power_mutex
                0x000000002000c5f0        0x8 C:/ncs/v2.0.0/nrfxlib/crypto/nrf_cc310_platform/lib/cortex-m33/hard-float/no-interrupts/libnrf_cc310_platform_0.9.14.a(nrf_cc3xx_platform_mutex.c.obj)
 .data.rng_mutex
                0x000000002000c5f8        0x8 C:/ncs/v2.0.0/nrfxlib/crypto/nrf_cc310_platform/lib/cortex-m33/hard-float/no-interrupts/libnrf_cc310_platform_0.9.14.a(nrf_cc3xx_platform_mutex.c.obj)
 .data.sym_mutex
                0x000000002000c600        0x8 C:/ncs/v2.0.0/nrfxlib/crypto/nrf_cc310_platform/lib/cortex-m33/hard-float/no-interrupts/libnrf_cc310_platform_0.9.14.a(nrf_cc3xx_platform_mutex.c.obj)
 *(SORT_BY_ALIGNMENT(.kernel.*))
                0x000000002000c608                __data_end = .