Archive member included to satisfy reference by file (symbol)

app/libapp.a(main.c.obj)      (--whole-archive)
zephyr/libzephyr.a(cbprintf.c.obj)
                              (--whole-archive)
zephyr/libzephyr.a(cbprintf_packaged.c.obj)
                              (--whole-archive)
zephyr/libzephyr.a(crc32c_sw.c.obj)
                              (--whole-archive)
zephyr/libzephyr.a(crc32_sw.c.obj)
                              (--whole-archive)
zephyr/libzephyr.a(crc16_sw.c.obj)
                              (--whole-archive)
zephyr/libzephyr.a(crc8_sw.c.obj)
                              (--whole-archive)
zephyr/libzephyr.a(crc7_sw.c.obj)
                              (--whole-archive)
zephyr/libzephyr.a(dec.c.obj)
                              (--whole-archive)
zephyr/libzephyr.a(fdtable.c.obj)
                              (--whole-archive)
zephyr/libzephyr.a(hex.c.obj)
                              (--whole-archive)
zephyr/libzephyr.a(notify.c.obj)
                              (--whole-archive)
zephyr/libzephyr.a(printk.c.obj)
                              (--whole-archive)
zephyr/libzephyr.a(onoff.c.obj)
                              (--whole-archive)
zephyr/libzephyr.a(rb.c.obj)  (--whole-archive)
zephyr/libzephyr.a(sem.c.obj)
                              (--whole-archive)
zephyr/libzephyr.a(thread_entry.c.obj)
                              (--whole-archive)
zephyr/libzephyr.a(timeutil.c.obj)
                              (--whole-archive)
zephyr/libzephyr.a(heap.c.obj)
                              (--whole-archive)
zephyr/libzephyr.a(heap-validate.c.obj)
                              (--whole-archive)
zephyr/libzephyr.a(bitarray.c.obj)
                              (--whole-archive)
zephyr/libzephyr.a(multi_heap.c.obj)
                              (--whole-archive)
zephyr/libzephyr.a(cbprintf_complete.c.obj)
                              (--whole-archive)
zephyr/libzephyr.a(assert.c.obj)
                              (--whole-archive)
zephyr/libzephyr.a(mpsc_pbuf.c.obj)
                              (--whole-archive)
zephyr/libzephyr.a(reboot.c.obj)
                              (--whole-archive)
zephyr/libzephyr.a(configs.c.obj)
                              (--whole-archive)
zephyr/libzephyr.a(soc.c.obj)
                              (--whole-archive)
zephyr/libzephyr.a(power.c.obj)
                              (--whole-archive)
zephyr/libzephyr.a(soc_nrf_common.S.obj)
                              (--whole-archive)
zephyr/libzephyr.a(validate_base_addresses.c.obj)
                              (--whole-archive)
zephyr/libzephyr.a(validate_enabled_instances.c.obj)
                              (--whole-archive)
zephyr/libzephyr.a(log_minimal.c.obj)
                              (--whole-archive)
zephyr/libzephyr.a(pm.c.obj)  (--whole-archive)
zephyr/libzephyr.a(policy.c.obj)
                              (--whole-archive)
zephyr/libzephyr.a(state.c.obj)
                              (--whole-archive)
zephyr/libzephyr.a(tracing_none.c.obj)
                              (--whole-archive)
zephyr/libzephyr.a(spm.c.obj)
                              (--whole-archive)
zephyr/libzephyr.a(secure_services.c.obj)
                              (--whole-archive)
zephyr/libzephyr.a(flash_map_partition_manager.c.obj)
                              (--whole-archive)
zephyr/libzephyr.a(nrf_cc3xx_platform_abort_zephyr.c.obj)
                              (--whole-archive)
zephyr/libzephyr.a(nrf_cc3xx_platform_mutex_zephyr.c.obj)
                              (--whole-archive)
zephyr/arch/common/libarch__common.a(sw_isr_common.c.obj)
                              (--whole-archive)
zephyr/arch/arch/arm/core/aarch32/libarch__arm__core__aarch32.a(cpu_idle.S.obj)
                              (--whole-archive)
zephyr/arch/arch/arm/core/aarch32/libarch__arm__core__aarch32.a(fatal.c.obj)
                              (--whole-archive)
zephyr/arch/arch/arm/core/aarch32/libarch__arm__core__aarch32.a(irq_manage.c.obj)
                              (--whole-archive)
zephyr/arch/arch/arm/core/aarch32/libarch__arm__core__aarch32.a(nmi.c.obj)
                              (--whole-archive)
zephyr/arch/arch/arm/core/aarch32/libarch__arm__core__aarch32.a(nmi_on_reset.S.obj)
                              (--whole-archive)
zephyr/arch/arch/arm/core/aarch32/libarch__arm__core__aarch32.a(prep_c.c.obj)
                              (--whole-archive)
zephyr/arch/arch/arm/core/aarch32/libarch__arm__core__aarch32.a(swap.c.obj)
                              (--whole-archive)
zephyr/arch/arch/arm/core/aarch32/libarch__arm__core__aarch32.a(swap_helper.S.obj)
                              (--whole-archive)
zephyr/arch/arch/arm/core/aarch32/libarch__arm__core__aarch32.a(thread.c.obj)
                              (--whole-archive)
zephyr/arch/arch/arm/core/aarch32/libarch__arm__core__aarch32.a(isr_wrapper.S.obj)
                              (--whole-archive)
[...]
Memory Configuration

Name             Origin             Length             Attributes
FLASH            0x0000000000010200 0x0000000000010000 xr
SRAM             0x0000000020000000 0x0000000000008000 xw
IDT_LIST         0x00000000fffff7ff 0x0000000000000800 xw
*default*        0x0000000000000000 0xffffffffffffffff

Linker script and memory map

LOAD zephyr/CMakeFiles/zephyr_pre0.dir/misc/empty_file.c.obj
                0x0000000000000020                _region_min_align = 0x20

.rel.plt        0x0000000000010200        0x0
 *(SORT_BY_ALIGNMENT(.rel.plt))
                [!provide]                        PROVIDE (__rel_iplt_start = .)
 *(SORT_BY_ALIGNMENT(.rel.iplt))
 .rel.iplt      0x0000000000010200        0x0 app/libapp.a(main.c.obj)
                [!provide]                        PROVIDE (__rel_iplt_end = .)

.rela.plt       0x0000000000000000        0x0
 *(SORT_BY_ALIGNMENT(.rela.plt))
                [!provide]                        PROVIDE (__rela_iplt_start = .)
 *(SORT_BY_ALIGNMENT(.rela.iplt))
                [!provide]                        PROVIDE (__rela_iplt_end = .)

.rel.dyn
 *(SORT_BY_ALIGNMENT(.rel.*))

.rela.dyn
 *(SORT_BY_ALIGNMENT(.rela.*))

/DISCARD/
 *(SORT_BY_ALIGNMENT(.plt))
 *(SORT_BY_ALIGNMENT(.iplt))
 *(SORT_BY_ALIGNMENT(.got.plt))
 *(SORT_BY_ALIGNMENT(.igot.plt))
 *(SORT_BY_ALIGNMENT(.got))
 *(SORT_BY_ALIGNMENT(.igot))
 *(SORT_BY_ALIGNMENT(.note.GNU-stack))
                0x0000000000010200                __rom_region_start = 0x10200

rom_start       0x0000000000010200      0x23c
                0x0000000000000000                . = 0x0
                0x0000000000000000                . = ALIGN (0x4)
                0x0000000000000000                . = ALIGN (0x80)
                0x0000000000000000                . = ALIGN (0x200)
                0x0000000000010200                _vector_start = .
 *(SORT_BY_ALIGNMENT(.exc_vector_table))
 *(SORT_BY_ALIGNMENT(.exc_vector_table.*))
 .exc_vector_table._vector_table_section
                0x0000000000010200       0x40 zephyr/arch/arch/arm/core/aarch32/cortex_m/libarch__arm__core__aarch32__cortex_m.a(vector_table.S.obj)
                0x0000000000010200                _vector_table
 *(SORT_BY_ALIGNMENT(.gnu.linkonce.irq_vector_table*))
 .gnu.linkonce.irq_vector_table
                0x0000000000010240      0x104 zephyr/arch/common/libisr_tables.a(isr_tables.c.obj)
                0x0000000000010240                _irq_vector_table
 *(SORT_BY_ALIGNMENT(.vectors))
                0x0000000000010344                _vector_end = .
                0x0000000000000200                . = 0x200
 *fill*         0x0000000000010344       0xbc 
                0x0000000000010400                _fw_info_start = .
 *(SORT_BY_NAME(SORT_BY_ALIGNMENT(.firmware_info*)))
 .firmware_info
                0x0000000000010400       0x3c modules/nrf/subsys/fw_info/lib..__nrf__subsys__fw_info.a(fw_info.c.obj)
                0x0000000000010400                m_firmware_info
                0x000000000000003c                _fw_info_size = ABSOLUTE ((. - _fw_info_start))

text            0x000000000001043c     0x8310
                0x000000000001043c                __text_region_start = .
 *(SORT_BY_ALIGNMENT(.text))
 .text          0x000000000001043c       0x30 c:/ncs/toolchains/v2.0.0/opt/zephyr-sdk/arm-zephyr-eabi/bin/../lib/gcc/arm-zephyr-eabi/10.3.0/thumb/v8-m.main/nofp\libgcc.a(_aeabi_uldivmod.o)
                0x000000000001043c                __aeabi_uldivmod
 .text          0x000000000001046c        0x4 c:/ncs/toolchains/v2.0.0/opt/zephyr-sdk/arm-zephyr-eabi/bin/../lib/gcc/arm-zephyr-eabi/10.3.0/thumb/v8-m.main/nofp\libgcc.a(_dvmd_tls.o)
                0x000000000001046c                __aeabi_idiv0
                0x000000000001046c                __aeabi_ldiv0
 .text          0x0000000000010470       0x38 c:/ncs/toolchains/v2.0.0/opt/zephyr-sdk/arm-zephyr-eabi/bin/../lib/gcc/arm-zephyr-eabi/10.3.0/thumb/v8-m.main/nofp\libgcc.a(cmse_nonsecure_call.o)
                0x0000000000010470                __gnu_cmse_nonsecure_call
 .text          0x00000000000104a8      0x2a2 c:/ncs/toolchains/v2.0.0/opt/zephyr-sdk/arm-zephyr-eabi/bin/../lib/gcc/arm-zephyr-eabi/10.3.0/thumb/v8-m.main/nofp\libgcc.a(_udivmoddi4.o)
                0x00000000000104a8                __udivmoddi4
 *(SORT_BY_ALIGNMENT(.text.*))
 *fill*         0x000000000001074a        0x2 
 .text.char_out
                0x000000000001074c       0x10 zephyr/libzephyr.a(printk.c.obj)
 .text.__printk_hook_install
                0x000000000001075c        0xc zephyr/libzephyr.a(printk.c.obj)
                0x000000000001075c                __printk_hook_install
 .text.vprintk  0x0000000000010768       0x1c zephyr/libzephyr.a(printk.c.obj)
                0x0000000000010768                vprintk
 .text.cbvprintf
                0x0000000000010784      0x784 zephyr/libzephyr.a(cbprintf_complete.c.obj)
                0x0000000000010784                cbvprintf
 .text.sys_reboot
                0x0000000000010f08       0x30 zephyr/libzephyr.a(reboot.c.obj)
                0x0000000000010f08                sys_reboot
 .text.nordicsemi_nrf91_init
                0x0000000000010f38       0x28 zephyr/libzephyr.a(soc.c.obj)
 .text.arch_busy_wait
                0x0000000000010f60       0x14 zephyr/libzephyr.a(soc.c.obj)
                0x0000000000010f60                arch_busy_wait
 .text.pm_state_set
                0x0000000000010f74       0x1c zephyr/libzephyr.a(power.c.obj)
                0x0000000000010f74                pm_state_set
 .text.pm_state_notify
                0x0000000000010f90       0xa4 zephyr/libzephyr.a(pm.c.obj)
 .text.atomic_clear_bit.constprop.0
                0x0000000000011034       0x28 zephyr/libzephyr.a(pm.c.obj)
 .text.pm_system_resume
                0x000000000001105c       0x74 zephyr/libzephyr.a(pm.c.obj)
                0x000000000001105c                pm_system_resume
 .text.pm_system_suspend
                0x00000000000110d0       0xe0 zephyr/libzephyr.a(pm.c.obj)
                0x00000000000110d0                pm_system_suspend
 .text.pm_policy_state_lock_is_active
                0x00000000000111b0       0x18 zephyr/libzephyr.a(policy.c.obj)
                0x00000000000111b0                pm_policy_state_lock_is_active
 .text.pm_policy_next_state
                0x00000000000111c8       0x9c zephyr/libzephyr.a(policy.c.obj)
                0x00000000000111c8                pm_policy_next_state
 .text.pm_state_cpu_get_all
                0x0000000000011264       0x10 zephyr/libzephyr.a(state.c.obj)
                0x0000000000011264                pm_state_cpu_get_all
 .text.config_regions
                0x0000000000011274       0xa0 zephyr/libzephyr.a(spm.c.obj)
 .text.config_peripheral.constprop.0
                0x0000000000011314       0x5c zephyr/libzephyr.a(spm.c.obj)
 .text.spm_jump
                0x0000000000011370       0x9c zephyr/libzephyr.a(spm.c.obj)
                0x0000000000011370                spm_jump
 .text.spm_config
                0x000000000001140c      0x1dc zephyr/libzephyr.a(spm.c.obj)
                0x000000000001140c                spm_config
 .text.fw_info_find
                0x00000000000115e8       0x48 zephyr/libzephyr.a(secure_services.c.obj)
 .text.spm_secure_services_init
                0x0000000000011630       0x10 zephyr/libzephyr.a(secure_services.c.obj)
                0x0000000000011630                spm_secure_services_init
 .text.spm_request_read_nse
                0x0000000000011640       0x74 zephyr/libzephyr.a(secure_services.c.obj)
                0x0000000000011640                __acle_se_spm_request_read_nse
 .text.spm_request_random_number_nse
                0x00000000000116b4       0x48 zephyr/libzephyr.a(secure_services.c.obj)
                0x00000000000116b4                __acle_se_spm_request_random_number_nse
 .text.spm_s0_active
                0x00000000000116fc       0x7c zephyr/libzephyr.a(secure_services.c.obj)
                0x00000000000116fc                __acle_se_spm_s0_active
 .text.nrf_cc3xx_platform_abort_init
                0x0000000000011778        0xc zephyr/libzephyr.a(nrf_cc3xx_platform_abort_zephyr.c.obj)
                0x0000000000011778                nrf_cc3xx_platform_abort_init
 .text.mutex_free_platform
                0x0000000000011784       0x48 zephyr/libzephyr.a(nrf_cc3xx_platform_mutex_zephyr.c.obj)
 .text.mutex_lock_platform
                0x00000000000117cc       0x50 zephyr/libzephyr.a(nrf_cc3xx_platform_mutex_zephyr.c.obj)
 .text.mutex_unlock_platform
                0x000000000001181c       0x44 zephyr/libzephyr.a(nrf_cc3xx_platform_mutex_zephyr.c.obj)
 .text.mutex_init_platform
                0x0000000000011860       0x70 zephyr/libzephyr.a(nrf_cc3xx_platform_mutex_zephyr.c.obj)
 .text.nrf_cc3xx_platform_mutex_init
                0x00000000000118d0       0x2c zephyr/libzephyr.a(nrf_cc3xx_platform_mutex_zephyr.c.obj)
                0x00000000000118d0                nrf_cc3xx_platform_mutex_init
 .text.z_arm_cpu_idle_init
                0x00000000000118fc        0xc zephyr/arch/arch/arm/core/aarch32/libarch__arm__core__aarch32.a(cpu_idle.S.obj)
                0x00000000000118fc                z_arm_cpu_idle_init
 .text.arch_cpu_idle
                0x0000000000011908       0x1c zephyr/arch/arch/arm/core/aarch32/libarch__arm__core__aarch32.a(cpu_idle.S.obj)
                0x0000000000011908                arch_cpu_idle
 .text.z_arm_fatal_error
                0x0000000000011924       0x5c zephyr/arch/arch/arm/core/aarch32/libarch__arm__core__aarch32.a(fatal.c.obj)
                0x0000000000011924                z_arm_fatal_error
 .text.arch_irq_enable
                0x0000000000011980       0x20 zephyr/arch/arch/arm/core/aarch32/libarch__arm__core__aarch32.a(irq_manage.c.obj)
                0x0000000000011980                arch_irq_enable
 .text.arch_irq_is_enabled
                0x00000000000119a0       0x1c zephyr/arch/arch/arm/core/aarch32/libarch__arm__core__aarch32.a(irq_manage.c.obj)
                0x00000000000119a0                arch_irq_is_enabled
 .text.z_arm_irq_priority_set
                0x00000000000119bc       0x4c zephyr/arch/arch/arm/core/aarch32/libarch__arm__core__aarch32.a(irq_manage.c.obj)
                0x00000000000119bc                z_arm_irq_priority_set
 .text.z_SysNmiOnReset
                0x0000000000011a08        0x8 zephyr/arch/arch/arm/core/aarch32/libarch__arm__core__aarch32.a(nmi_on_reset.S.obj)
                0x0000000000011a08                z_SysNmiOnReset
 .text.z_arm_prep_c
                0x0000000000011a10       0x38 zephyr/arch/arch/arm/core/aarch32/libarch__arm__core__aarch32.a(prep_c.c.obj)
                0x0000000000011a10                z_arm_prep_c
 .text.arch_swap
                0x0000000000011a48       0x34 zephyr/arch/arch/arm/core/aarch32/libarch__arm__core__aarch32.a(swap.c.obj)
                0x0000000000011a48                arch_swap
 .text.z_arm_pendsv
                0x0000000000011a7c       0x58 zephyr/arch/arch/arm/core/aarch32/libarch__arm__core__aarch32.a(swap_helper.S.obj)
                0x0000000000011a7c                z_arm_pendsv
 .text.z_arm_svc
                0x0000000000011ad4       0x20 zephyr/arch/arch/arm/core/aarch32/libarch__arm__core__aarch32.a(swap_helper.S.obj)
                0x0000000000011ad4                z_arm_svc
 .text.arch_new_thread
                0x0000000000011af4       0x38 zephyr/arch/arch/arm/core/aarch32/libarch__arm__core__aarch32.a(thread.c.obj)
                0x0000000000011af4                arch_new_thread
 .text.arch_switch_to_main_thread
                0x0000000000011b2c       0x28 zephyr/arch/arch/arm/core/aarch32/libarch__arm__core__aarch32.a(thread.c.obj)
                0x0000000000011b2c                arch_switch_to_main_thread
 .text._isr_wrapper
                0x0000000000011b54       0x40 zephyr/arch/arch/arm/core/aarch32/libarch__arm__core__aarch32.a(isr_wrapper.S.obj)
                0x0000000000011b54                _isr_wrapper
 .text._HandlerModeExit
                0x0000000000011b94       0x1c zephyr/arch/arch/arm/core/aarch32/cortex_m/libarch__arm__core__aarch32__cortex_m.a(exc_exit.S.obj)
                0x0000000000011b94                z_arm_int_exit
                0x0000000000011b94                z_arm_exc_exit
 .text.secure_fault.constprop.0
                0x0000000000011bb0       0xbc zephyr/arch/arch/arm/core/aarch32/cortex_m/libarch__arm__core__aarch32__cortex_m.a(fault.c.obj)
 .text.usage_fault.constprop.0
                0x0000000000011c6c       0xac zephyr/arch/arch/arm/core/aarch32/cortex_m/libarch__arm__core__aarch32__cortex_m.a(fault.c.obj)
 .text.bus_fault.constprop.0
                0x0000000000011d18       0xb4 zephyr/arch/arch/arm/core/aarch32/cortex_m/libarch__arm__core__aarch32__cortex_m.a(fault.c.obj)
 .text.mem_manage_fault.constprop.0
                0x0000000000011dcc       0xe4 zephyr/arch/arch/arm/core/aarch32/cortex_m/libarch__arm__core__aarch32__cortex_m.a(fault.c.obj)
 .text.z_arm_fault
                0x0000000000011eb0      0x220 zephyr/arch/arch/arm/core/aarch32/cortex_m/libarch__arm__core__aarch32__cortex_m.a(fault.c.obj)
                0x0000000000011eb0                z_arm_fault
 .text.z_arm_fault_init
                0x00000000000120d0       0x18 zephyr/arch/arch/arm/core/aarch32/cortex_m/libarch__arm__core__aarch32__cortex_m.a(fault.c.obj)
                0x00000000000120d0                z_arm_fault_init
 .text.__fault  0x00000000000120e8       0x14 zephyr/arch/arch/arm/core/aarch32/cortex_m/libarch__arm__core__aarch32__cortex_m.a(fault_s.S.obj)
                0x00000000000120e8                z_arm_bus_fault
                0x00000000000120e8                z_arm_usage_fault
                0x00000000000120e8                z_arm_mpu_fault
                0x00000000000120e8                z_arm_exc_spurious
                0x00000000000120e8                z_arm_debug_monitor
                0x00000000000120e8                z_arm_hard_fault
                0x00000000000120e8                z_arm_secure_fault
 .text.z_arm_interrupt_init
                0x00000000000120fc       0x18 zephyr/arch/arch/arm/core/aarch32/cortex_m/libarch__arm__core__aarch32__cortex_m.a(irq_init.c.obj)
                0x00000000000120fc                z_arm_interrupt_init
 .text._reset_section
                0x0000000000012114       0x60 zephyr/arch/arch/arm/core/aarch32/cortex_m/libarch__arm__core__aarch32__cortex_m.a(reset.S.obj)
                0x0000000000012114                __start
                0x0000000000012114                z_arm_reset
 .text.sys_arch_reboot
                0x0000000000012174       0x24 zephyr/arch/arch/arm/core/aarch32/cortex_m/libarch__arm__core__aarch32__cortex_m.a(scb.c.obj)
                0x0000000000012174                sys_arch_reboot
 .text.z_arm_clear_arm_mpu_config
                0x0000000000012198       0x24 zephyr/arch/arch/arm/core/aarch32/cortex_m/libarch__arm__core__aarch32__cortex_m.a(scb.c.obj)
                0x0000000000012198                z_arm_clear_arm_mpu_config
 .text.z_arm_init_arch_hw_at_boot
                0x00000000000121bc       0x48 zephyr/arch/arch/arm/core/aarch32/cortex_m/libarch__arm__core__aarch32__cortex_m.a(scb.c.obj)
                0x00000000000121bc                z_arm_init_arch_hw_at_boot
 .text.z_impl_k_thread_abort
                0x0000000000012204       0x2c zephyr/arch/arch/arm/core/aarch32/cortex_m/libarch__arm__core__aarch32__cortex_m.a(thread_abort.c.obj)
                0x0000000000012204                z_impl_k_thread_abort
 .text.tz_nonsecure_state_setup
                0x0000000000012230       0x3c zephyr/arch/arch/arm/core/aarch32/cortex_m/tz/libarch__arm__core__aarch32__cortex_m__tz.a(arm_core_tz.c.obj)
                0x0000000000012230                tz_nonsecure_state_setup
 .text.tz_nbanked_exception_target_state_set
                0x000000000001226c       0x28 zephyr/arch/arch/arm/core/aarch32/cortex_m/tz/libarch__arm__core__aarch32__cortex_m__tz.a(arm_core_tz.c.obj)
                0x000000000001226c                tz_nbanked_exception_target_state_set
 .text.tz_nonsecure_exception_prio_config
                0x0000000000012294       0x28 zephyr/arch/arch/arm/core/aarch32/cortex_m/tz/libarch__arm__core__aarch32__cortex_m__tz.a(arm_core_tz.c.obj)
                0x0000000000012294                tz_nonsecure_exception_prio_config
 .text.tz_nonsecure_system_reset_req_block
                0x00000000000122bc       0x28 zephyr/arch/arch/arm/core/aarch32/cortex_m/tz/libarch__arm__core__aarch32__cortex_m__tz.a(arm_core_tz.c.obj)
                0x00000000000122bc                tz_nonsecure_system_reset_req_block
 .text.tz_nonsecure_fpu_access_enable
                0x00000000000122e4       0x14 zephyr/arch/arch/arm/core/aarch32/cortex_m/tz/libarch__arm__core__aarch32__cortex_m__tz.a(arm_core_tz.c.obj)
                0x00000000000122e4                tz_nonsecure_fpu_access_enable
 .text.tz_sau_configure
                0x00000000000122f8       0x30 zephyr/arch/arch/arm/core/aarch32/cortex_m/tz/libarch__arm__core__aarch32__cortex_m__tz.a(arm_core_tz.c.obj)
                0x00000000000122f8                tz_sau_configure
 .text.z_arm_configure_static_mpu_regions
                0x0000000000012328       0x38 zephyr/arch/arch/arm/core/aarch32/mpu/libarch__arm__core__aarch32__mpu.a(arm_core_mpu.c.obj)
                0x0000000000012328                z_arm_configure_static_mpu_regions
 .text.region_init
                0x0000000000012360       0x34 zephyr/arch/arch/arm/core/aarch32/mpu/libarch__arm__core__aarch32__mpu.a(arm_mpu.c.obj)
 .text.mpu_configure_region
                0x0000000000012394       0x50 zephyr/arch/arch/arm/core/aarch32/mpu/libarch__arm__core__aarch32__mpu.a(arm_mpu.c.obj)
 .text.mpu_configure_regions_and_partition.constprop.0
                0x00000000000123e4      0x180 zephyr/arch/arch/arm/core/aarch32/mpu/libarch__arm__core__aarch32__mpu.a(arm_mpu.c.obj)
 .text.arm_core_mpu_enable
                0x0000000000012564       0x18 zephyr/arch/arch/arm/core/aarch32/mpu/libarch__arm__core__aarch32__mpu.a(arm_mpu.c.obj)
                0x0000000000012564                arm_core_mpu_enable
 .text.arm_core_mpu_disable
                0x000000000001257c       0x14 zephyr/arch/arch/arm/core/aarch32/mpu/libarch__arm__core__aarch32__mpu.a(arm_mpu.c.obj)
                0x000000000001257c                arm_core_mpu_disable
 .text.arm_core_mpu_configure_static_mpu_regions
                0x0000000000012590       0x38 zephyr/arch/arch/arm/core/aarch32/mpu/libarch__arm__core__aarch32__mpu.a(arm_mpu.c.obj)
                0x0000000000012590                arm_core_mpu_configure_static_mpu_regions
 .text.arm_core_mpu_mark_areas_for_dynamic_regions
                0x00000000000125c8       0xdc zephyr/arch/arch/arm/core/aarch32/mpu/libarch__arm__core__aarch32__mpu.a(arm_mpu.c.obj)
                0x00000000000125c8                arm_core_mpu_mark_areas_for_dynamic_regions
 .text.z_arm_mpu_init
                0x00000000000126a4       0x90 zephyr/arch/arch/arm/core/aarch32/mpu/libarch__arm__core__aarch32__mpu.a(arm_mpu.c.obj)
                0x00000000000126a4                z_arm_mpu_init
 .text.__stdout_hook_install
                0x0000000000012734        0xc zephyr/lib/libc/minimal/liblib__libc__minimal.a(stdout_console.c.obj)
                0x0000000000012734                __stdout_hook_install
 .text.onoff_start
                0x0000000000012740       0x3c zephyr/drivers/clock_control/libdrivers__clock_control.a(clock_control_nrf.c.obj)
 .text.get_status
                0x000000000001277c       0x34 zephyr/drivers/clock_control/libdrivers__clock_control.a(clock_control_nrf.c.obj)
 .text.stop     0x00000000000127b0       0x78 zephyr/drivers/clock_control/libdrivers__clock_control.a(clock_control_nrf.c.obj)
 .text.onoff_stop
                0x0000000000012828       0x28 zephyr/drivers/clock_control/libdrivers__clock_control.a(clock_control_nrf.c.obj)
 .text.clk_init
                0x0000000000012850       0x58 zephyr/drivers/clock_control/libdrivers__clock_control.a(clock_control_nrf.c.obj)
 .text.clkstarted_handle.constprop.0
                0x00000000000128a8       0x34 zephyr/drivers/clock_control/libdrivers__clock_control.a(clock_control_nrf.c.obj)
 .text.clock_event_handler
                0x00000000000128dc       0x58 zephyr/drivers/clock_control/libdrivers__clock_control.a(clock_control_nrf.c.obj)
 .text.generic_hfclk_start
                0x0000000000012934       0x64 zephyr/drivers/clock_control/libdrivers__clock_control.a(clock_control_nrf.c.obj)
 .text.api_blocking_start
                0x0000000000012998       0x34 zephyr/drivers/clock_control/libdrivers__clock_control.a(clock_control_nrf.c.obj)
 .text.generic_hfclk_stop
                0x00000000000129cc       0x24 zephyr/drivers/clock_control/libdrivers__clock_control.a(clock_control_nrf.c.obj)
 .text.uart_console_init
                0x00000000000129f0       0x30 zephyr/drivers/console/libdrivers__console.a(uart_console.c.obj)
 .text.console_out
                0x0000000000012a20       0x28 zephyr/drivers/console/libdrivers__console.a(uart_console.c.obj)
 .text.uarte_nrfx_configure
                0x0000000000012a48      0x164 zephyr/drivers/serial/libdrivers__serial.a(uart_nrfx_uarte.c.obj)
 .text.uarte_nrfx_poll_out
                0x0000000000012bac       0xc4 zephyr/drivers/serial/libdrivers__serial.a(uart_nrfx_uarte.c.obj)
 .text.entropy_cc3xx_rng_get_entropy
                0x0000000000012c70       0x74 zephyr/drivers/entropy/libdrivers__entropy.a(entropy_cc3xx.c.obj)
 .text.elapsed  0x0000000000012ce4       0x3c zephyr/drivers/timer/libdrivers__timer.a(cortex_m_systick.c.obj)
 .text.sys_clock_driver_init
                0x0000000000012d20       0x30 zephyr/drivers/timer/libdrivers__timer.a(cortex_m_systick.c.obj)
 .text.sys_clock_isr
                0x0000000000012d50       0x38 zephyr/drivers/timer/libdrivers__timer.a(cortex_m_systick.c.obj)
                0x0000000000012d50                sys_clock_isr
 .text.sys_clock_set_timeout
                0x0000000000012d88      0x10c zephyr/drivers/timer/libdrivers__timer.a(cortex_m_systick.c.obj)
                0x0000000000012d88                sys_clock_set_timeout
 .text.sys_clock_elapsed
                0x0000000000012e94       0x7c zephyr/drivers/timer/libdrivers__timer.a(cortex_m_systick.c.obj)
                0x0000000000012e94                sys_clock_elapsed
 .text.sys_clock_idle_exit
                0x0000000000012f10       0x1c zephyr/drivers/timer/libdrivers__timer.a(cortex_m_systick.c.obj)
                0x0000000000012f10                sys_clock_idle_exit
 .text.nrf_gpio_pin_port_decode
                0x0000000000012f2c       0x64 zephyr/drivers/pinctrl/libdrivers__pinctrl.a(pinctrl_nrf.c.obj)
 .text.k_sys_fatal_error_handler
                0x0000000000012f90       0x14 modules/nrf/lib/fatal_error/lib..__nrf__lib__fatal_error.a(fatal_error.c.obj)
                0x0000000000012f90                k_sys_fatal_error_handler
 .text.check_ext_api_requests
                0x0000000000012fa4       0x9c modules/nrf/subsys/fw_info/lib..__nrf__subsys__fw_info.a(fw_info.c.obj)
 .text.SystemInit
                0x0000000000013040      0x190 modules/hal_nordic/nrfx/libmodules__hal_nordic__nrfx.a(system_nrf9160.c.obj)
                0x0000000000013040                SystemInit
 .text.clock_stop
                0x00000000000131d0       0xcc modules/hal_nordic/nrfx/libmodules__hal_nordic__nrfx.a(nrfx_clock.c.obj)
 .text.nrfx_clock_init
                0x000000000001329c       0x44 modules/hal_nordic/nrfx/libmodules__hal_nordic__nrfx.a(nrfx_clock.c.obj)
                0x000000000001329c                nrfx_clock_init
 .text.nrfx_clock_enable
                0x00000000000132e0       0x44 modules/hal_nordic/nrfx/libmodules__hal_nordic__nrfx.a(nrfx_clock.c.obj)
                0x00000000000132e0                nrfx_clock_enable
 .text.nrfx_clock_start
                0x0000000000013324       0xc4 modules/hal_nordic/nrfx/libmodules__hal_nordic__nrfx.a(nrfx_clock.c.obj)
                0x0000000000013324                nrfx_clock_start
 .text.nrfx_clock_stop
                0x00000000000133e8       0x38 modules/hal_nordic/nrfx/libmodules__hal_nordic__nrfx.a(nrfx_clock.c.obj)
                0x00000000000133e8                nrfx_clock_stop
 .text.nrfx_power_clock_irq_handler
                0x0000000000013420       0x68 modules/hal_nordic/nrfx/libmodules__hal_nordic__nrfx.a(nrfx_clock.c.obj)
                0x0000000000013420                nrfx_power_clock_irq_handler
 .text.z_sys_init_run_level
                0x0000000000013488       0x40 zephyr/kernel/libkernel.a(device.c.obj)
                0x0000000000013488                z_sys_init_run_level
 .text.z_fatal_error
                0x00000000000134c8       0xb8 zephyr/kernel/libkernel.a(fatal.c.obj)
                0x00000000000134c8                z_fatal_error
 .text.bg_thread_main
                0x0000000000013580       0x34 zephyr/kernel/libkernel.a(init.c.obj)
 .text.z_bss_zero
                0x00000000000135b4       0x18 zephyr/kernel/libkernel.a(init.c.obj)
                0x00000000000135b4                z_bss_zero
 .text.z_init_cpu
                0x00000000000135cc       0x68 zephyr/kernel/libkernel.a(init.c.obj)
                0x00000000000135cc                z_init_cpu
 .text.z_cstart
                0x0000000000013634       0xec zephyr/kernel/libkernel.a(init.c.obj)
                0x0000000000013634                z_cstart
 .text.init_mem_slab_module
                0x0000000000013720       0x64 zephyr/kernel/libkernel.a(mem_slab.c.obj)
 .text.k_mem_slab_alloc
                0x0000000000013784       0xb4 zephyr/kernel/libkernel.a(mem_slab.c.obj)
                0x0000000000013784                k_mem_slab_alloc
 .text.k_mem_slab_free
                0x0000000000013838       0xa4 zephyr/kernel/libkernel.a(mem_slab.c.obj)
                0x0000000000013838                k_mem_slab_free
 .text.z_setup_new_thread
                0x00000000000138dc       0xa8 zephyr/kernel/libkernel.a(thread.c.obj)
                0x00000000000138dc                z_setup_new_thread
 .text.z_init_static_threads
                0x0000000000013984       0xf8 zephyr/kernel/libkernel.a(thread.c.obj)
                0x0000000000013984                z_init_static_threads
 .text.z_spin_lock_valid
                0x0000000000013a7c       0x1c zephyr/kernel/libkernel.a(thread.c.obj)
                0x0000000000013a7c                z_spin_lock_valid
 .text.z_spin_unlock_valid
                0x0000000000013a98       0x1c zephyr/kernel/libkernel.a(thread.c.obj)
                0x0000000000013a98                z_spin_unlock_valid
 .text.z_spin_lock_set_owner
                0x0000000000013ab4       0x10 zephyr/kernel/libkernel.a(thread.c.obj)
                0x0000000000013ab4                z_spin_lock_set_owner
 .text.idle     0x0000000000013ac4       0x5c zephyr/kernel/libkernel.a(idle.c.obj)
                0x0000000000013ac4                idle
 .text.z_impl_k_mutex_lock
                0x0000000000013b20      0x1a4 zephyr/kernel/libkernel.a(mutex.c.obj)
                0x0000000000013b20                z_impl_k_mutex_lock
 .text.z_impl_k_mutex_unlock
                0x0000000000013cc4      0x130 zephyr/kernel/libkernel.a(mutex.c.obj)
                0x0000000000013cc4                z_impl_k_mutex_unlock
 .text.z_impl_k_sem_give
                0x0000000000013df4       0x6c zephyr/kernel/libkernel.a(sem.c.obj)
                0x0000000000013df4                z_impl_k_sem_give
 .text.z_impl_k_sem_take
                0x0000000000013e60       0xd4 zephyr/kernel/libkernel.a(sem.c.obj)
                0x0000000000013e60                z_impl_k_sem_take
 .text.z_reset_time_slice
                0x0000000000013f34       0x28 zephyr/kernel/libkernel.a(sched.c.obj)
                0x0000000000013f34                z_reset_time_slice
 .text.k_sched_time_slice_set
                0x0000000000013f5c       0xa8 zephyr/kernel/libkernel.a(sched.c.obj)
                0x0000000000013f5c                k_sched_time_slice_set
 .text.z_reschedule
                0x0000000000014004       0x6c zephyr/kernel/libkernel.a(sched.c.obj)
                0x0000000000014004                z_reschedule
 .text.k_sched_lock
                0x0000000000014070       0xa8 zephyr/kernel/libkernel.a(sched.c.obj)
                0x0000000000014070                k_sched_lock
 .text.z_priq_dumb_remove
                0x0000000000014118       0x3c zephyr/kernel/libkernel.a(sched.c.obj)
                0x0000000000014118                z_priq_dumb_remove
 .text.unpend_thread_no_timeout
                0x0000000000014154       0x3c zephyr/kernel/libkernel.a(sched.c.obj)
 .text.update_cache
                0x0000000000014190       0x60 zephyr/kernel/libkernel.a(sched.c.obj)
 .text.move_thread_to_end_of_prio_q
                0x00000000000141f0       0xa0 zephyr/kernel/libkernel.a(sched.c.obj)
 .text.z_time_slice
                0x0000000000014290       0xcc zephyr/kernel/libkernel.a(sched.c.obj)
                0x0000000000014290                z_time_slice
 .text.ready_thread
                0x000000000001435c       0x94 zephyr/kernel/libkernel.a(sched.c.obj)
 .text.z_ready_thread
                0x00000000000143f0       0x6c zephyr/kernel/libkernel.a(sched.c.obj)
                0x00000000000143f0                z_ready_thread
 .text.z_sched_start
                0x000000000001445c       0x84 zephyr/kernel/libkernel.a(sched.c.obj)
                0x000000000001445c                z_sched_start
 .text.z_thread_timeout
                0x00000000000144e0       0x90 zephyr/kernel/libkernel.a(sched.c.obj)
                0x00000000000144e0                z_thread_timeout
 .text.unready_thread
                0x0000000000014570       0x38 zephyr/kernel/libkernel.a(sched.c.obj)
 .text.add_to_waitq_locked
                0x00000000000145a8       0x78 zephyr/kernel/libkernel.a(sched.c.obj)
 .text.pend     0x0000000000014620       0x98 zephyr/kernel/libkernel.a(sched.c.obj)
 .text.z_pend_curr
                0x00000000000146b8       0x4c zephyr/kernel/libkernel.a(sched.c.obj)
                0x00000000000146b8                z_pend_curr
 .text.z_set_prio
                0x0000000000014704      0x104 zephyr/kernel/libkernel.a(sched.c.obj)
                0x0000000000014704                z_set_prio
 .text.z_impl_k_thread_suspend
                0x0000000000014808       0xb0 zephyr/kernel/libkernel.a(sched.c.obj)
                0x0000000000014808                z_impl_k_thread_suspend
 .text.k_sched_unlock
                0x00000000000148b8       0xb8 zephyr/kernel/libkernel.a(sched.c.obj)
                0x00000000000148b8                k_sched_unlock
 .text.z_unpend_first_thread
                0x0000000000014970       0x7c zephyr/kernel/libkernel.a(sched.c.obj)
                0x0000000000014970                z_unpend_first_thread
 .text.z_sched_init
                0x00000000000149ec       0x18 zephyr/kernel/libkernel.a(sched.c.obj)
                0x00000000000149ec                z_sched_init
 .text.z_impl_k_yield
                0x0000000000014a04      0x108 zephyr/kernel/libkernel.a(sched.c.obj)
                0x0000000000014a04                z_impl_k_yield
 .text.z_tick_sleep
                0x0000000000014b0c      0x114 zephyr/kernel/libkernel.a(sched.c.obj)
 .text.z_impl_k_sleep
                0x0000000000014c20       0x60 zephyr/kernel/libkernel.a(sched.c.obj)
                0x0000000000014c20                z_impl_k_sleep
 .text.z_impl_z_current_get
                0x0000000000014c80        0xc zephyr/kernel/libkernel.a(sched.c.obj)
                0x0000000000014c80                z_impl_z_current_get
 .text.z_thread_abort
                0x0000000000014c8c      0x128 zephyr/kernel/libkernel.a(sched.c.obj)
                0x0000000000014c8c                z_thread_abort
 .text.z_data_copy
                0x0000000000014db4       0x34 zephyr/kernel/libkernel.a(xip.c.obj)
                0x0000000000014db4                z_data_copy
 .text.elapsed  0x0000000000014de8       0x14 zephyr/kernel/libkernel.a(timeout.c.obj)
 .text.next_timeout
                0x0000000000014dfc       0x4c zephyr/kernel/libkernel.a(timeout.c.obj)
 .text.remove_timeout
                0x0000000000014e48       0x34 zephyr/kernel/libkernel.a(timeout.c.obj)
 .text.z_add_timeout
                0x0000000000014e7c      0x15c zephyr/kernel/libkernel.a(timeout.c.obj)
                0x0000000000014e7c                z_add_timeout
 .text.z_abort_timeout
                0x0000000000014fd8       0x78 zephyr/kernel/libkernel.a(timeout.c.obj)
                0x0000000000014fd8                z_abort_timeout
 .text.z_get_next_timeout_expiry
                0x0000000000015050       0x6c zephyr/kernel/libkernel.a(timeout.c.obj)
                0x0000000000015050                z_get_next_timeout_expiry
 .text.z_set_timeout_expiry
                0x00000000000150bc       0x7c zephyr/kernel/libkernel.a(timeout.c.obj)
                0x00000000000150bc                z_set_timeout_expiry
 .text.sys_clock_announce
                0x0000000000015138      0x13c zephyr/kernel/libkernel.a(timeout.c.obj)
                0x0000000000015138                sys_clock_announce
 .text.sys_clock_tick_get
                0x0000000000015274       0x7c zephyr/kernel/libkernel.a(timeout.c.obj)
                0x0000000000015274                sys_clock_tick_get
 .text.boot_banner
                0x00000000000152f0       0x18 zephyr/kernel/libkernel.a(banner.c.obj)
                0x00000000000152f0                boot_banner
 .text.nrf_cc3xx_platform_init
                0x0000000000015308       0x44 C:/ncs/v2.0.0/nrfxlib/crypto/nrf_cc310_platform/lib/cortex-m33/soft-float/no-interrupts/libnrf_cc310_platform_0.9.14.a(nrf_cc3xx_platform.c.obj)
                0x0000000000015308                nrf_cc3xx_platform_init
 .text.nrf_cc3xx_platform_abort
                0x000000000001534c       0x24 C:/ncs/v2.0.0/nrfxlib/crypto/nrf_cc310_platform/lib/cortex-m33/soft-float/no-interrupts/libnrf_cc310_platform_0.9.14.a(nrf_cc3xx_platform_abort.c.obj)
 .text.CC_PalAbort
                0x0000000000015370       0x34 C:/ncs/v2.0.0/nrfxlib/crypto/nrf_cc310_platform/lib/cortex-m33/soft-float/no-interrupts/libnrf_cc310_platform_0.9.14.a(nrf_cc3xx_platform_abort.c.obj)
                0x0000000000015370                CC_PalAbort
 .text.nrf_cc3xx_platform_set_abort
                0x00000000000153a4       0x10 C:/ncs/v2.0.0/nrfxlib/crypto/nrf_cc310_platform/lib/cortex-m33/soft-float/no-interrupts/libnrf_cc310_platform_0.9.14.a(nrf_cc3xx_platform_abort.c.obj)
                0x00000000000153a4                nrf_cc3xx_platform_set_abort
 .text.nrf_cc3xx_platform_ctr_drbg_init
                0x00000000000153b4       0x64 C:/ncs/v2.0.0/nrfxlib/crypto/nrf_cc310_platform/lib/cortex-m33/soft-float/no-interrupts/libnrf_cc310_platform_0.9.14.a(nrf_cc3xx_platform_ctr_drbg.c.obj)
                0x00000000000153b4                nrf_cc3xx_platform_ctr_drbg_init
 .text.nrf_cc3xx_platform_ctr_drbg_get
                0x0000000000015418       0x48 C:/ncs/v2.0.0/nrfxlib/crypto/nrf_cc310_platform/lib/cortex-m33/soft-float/no-interrupts/libnrf_cc310_platform_0.9.14.a(nrf_cc3xx_platform_ctr_drbg.c.obj)
                0x0000000000015418                nrf_cc3xx_platform_ctr_drbg_get
 .text.mutex_free
                0x0000000000015460       0x28 C:/ncs/v2.0.0/nrfxlib/crypto/nrf_cc310_platform/lib/cortex-m33/soft-float/no-interrupts/libnrf_cc310_platform_0.9.14.a(nrf_cc3xx_platform_mutex.c.obj)
 .text.mutex_lock
                0x0000000000015488       0x40 C:/ncs/v2.0.0/nrfxlib/crypto/nrf_cc310_platform/lib/cortex-m33/soft-float/no-interrupts/libnrf_cc310_platform_0.9.14.a(nrf_cc3xx_platform_mutex.c.obj)
 .text.mutex_unlock
                0x00000000000154c8       0x30 C:/ncs/v2.0.0/nrfxlib/crypto/nrf_cc310_platform/lib/cortex-m33/soft-float/no-interrupts/libnrf_cc310_platform_0.9.14.a(nrf_cc3xx_platform_mutex.c.obj)
 .text.mutex_init
                0x00000000000154f8       0x1c C:/ncs/v2.0.0/nrfxlib/crypto/nrf_cc310_platform/lib/cortex-m33/soft-float/no-interrupts/libnrf_cc310_platform_0.9.14.a(nrf_cc3xx_platform_mutex.c.obj)
 .text.nrf_cc3xx_platform_set_mutexes
                0x0000000000015514       0x68 C:/ncs/v2.0.0/nrfxlib/crypto/nrf_cc310_platform/lib/cortex-m33/soft-float/no-interrupts/libnrf_cc310_platform_0.9.14.a(nrf_cc3xx_platform_mutex.c.obj)
                0x0000000000015514                nrf_cc3xx_platform_set_mutexes
 .text.mbedtls_zeroize_internal
                0x000000000001557c       0x14 C:/ncs/v2.0.0/nrfxlib/crypto/nrf_cc310_platform/lib/cortex-m33/soft-float/no-interrupts/libnrf_cc310_platform_0.9.14.a(mbedtls_common.c.obj)
                0x000000000001557c                mbedtls_zeroize_internal
 .text.mbedtls_platform_zeroize
                0x0000000000015590       0x14 C:/ncs/v2.0.0/nrfxlib/crypto/nrf_cc310_platform/lib/cortex-m33/soft-float/no-interrupts/libnrf_cc310_platform_0.9.14.a(mbedtls_common.c.obj)
                0x0000000000015590                mbedtls_platform_zeroize
 .text.block_cipher_df
                0x00000000000155a4      0x2a4 C:/ncs/v2.0.0/nrfxlib/crypto/nrf_cc310_platform/lib/cortex-m33/soft-float/no-interrupts/libnrf_cc310_platform_0.9.14.a(ctr_drbg.c.obj)
 .text.ctr_drbg_update_internal
                0x0000000000015848      0x148 C:/ncs/v2.0.0/nrfxlib/crypto/nrf_cc310_platform/lib/cortex-m33/soft-float/no-interrupts/libnrf_cc310_platform_0.9.14.a(ctr_drbg.c.obj)
 .text.mbedtls_ctr_drbg_reseed_internal
                0x0000000000015990       0xc4 C:/ncs/v2.0.0/nrfxlib/crypto/nrf_cc310_platform/lib/cortex-m33/soft-float/no-interrupts/libnrf_cc310_platform_0.9.14.a(ctr_drbg.c.obj)
 .text.cc_mbedtls_ctr_drbg_init
                0x0000000000015a54       0x2c C:/ncs/v2.0.0/nrfxlib/crypto/nrf_cc310_platform/lib/cortex-m33/soft-float/no-interrupts/libnrf_cc310_platform_0.9.14.a(ctr_drbg.c.obj)
                0x0000000000015a54                cc_mbedtls_ctr_drbg_init
 .text.cc_mbedtls_ctr_drbg_seed
                0x0000000000015a80       0x9c C:/ncs/v2.0.0/nrfxlib/crypto/nrf_cc310_platform/lib/cortex-m33/soft-float/no-interrupts/libnrf_cc310_platform_0.9.14.a(ctr_drbg.c.obj)
                0x0000000000015a80                cc_mbedtls_ctr_drbg_seed
 .text.cc_mbedtls_ctr_drbg_random_with_add
                0x0000000000015b1c      0x1e4 C:/ncs/v2.0.0/nrfxlib/crypto/nrf_cc310_platform/lib/cortex-m33/soft-float/no-interrupts/libnrf_cc310_platform_0.9.14.a(ctr_drbg.c.obj)
                0x0000000000015b1c                cc_mbedtls_ctr_drbg_random_with_add
 .text.entropy_update
                0x0000000000015d00       0x7c C:/ncs/v2.0.0/nrfxlib/crypto/nrf_cc310_platform/lib/cortex-m33/soft-float/no-interrupts/libnrf_cc310_platform_0.9.14.a(entropy.c.obj)
 .text.entropy_gather_internal.part.0
                0x0000000000015d7c       0x88 C:/ncs/v2.0.0/nrfxlib/crypto/nrf_cc310_platform/lib/cortex-m33/soft-float/no-interrupts/libnrf_cc310_platform_0.9.14.a(entropy.c.obj)
 .text.cc_mbedtls_entropy_init
                0x0000000000015e04       0x7c C:/ncs/v2.0.0/nrfxlib/crypto/nrf_cc310_platform/lib/cortex-m33/soft-float/no-interrupts/libnrf_cc310_platform_0.9.14.a(entropy.c.obj)
                0x0000000000015e04                cc_mbedtls_entropy_init
 .text.cc_mbedtls_entropy_func
                0x0000000000015e80      0x10c C:/ncs/v2.0.0/nrfxlib/crypto/nrf_cc310_platform/lib/cortex-m33/soft-float/no-interrupts/libnrf_cc310_platform_0.9.14.a(entropy.c.obj)
                0x0000000000015e80                cc_mbedtls_entropy_func
 .text.RndStartupTest.constprop.0
                0x0000000000015f8c       0x9c C:/ncs/v2.0.0/nrfxlib/crypto/nrf_cc310_platform/lib/cortex-m33/soft-float/no-interrupts/libnrf_cc310_platform_0.9.14.a(cc_lib.c.obj)
 .text.CC_LibInit
                0x0000000000016028       0xa8 C:/ncs/v2.0.0/nrfxlib/crypto/nrf_cc310_platform/lib/cortex-m33/soft-float/no-interrupts/libnrf_cc310_platform_0.9.14.a(cc_lib.c.obj)
                0x0000000000016028                CC_LibInit
 .text.CC_HalInit
                0x00000000000160d0        0x4 C:/ncs/v2.0.0/nrfxlib/crypto/nrf_cc310_platform/lib/cortex-m33/soft-float/no-interrupts/libnrf_cc310_platform_0.9.14.a(cc_hal.c.obj)
                0x00000000000160d0                CC_HalInit
 .text.CC_HalTerminate
                0x00000000000160d4        0x4 C:/ncs/v2.0.0/nrfxlib/crypto/nrf_cc310_platform/lib/cortex-m33/soft-float/no-interrupts/libnrf_cc310_platform_0.9.14.a(cc_hal.c.obj)
                0x00000000000160d4                CC_HalTerminate
 .text.CC_HalClearInterruptBit
                0x00000000000160d8       0x1c C:/ncs/v2.0.0/nrfxlib/crypto/nrf_cc310_platform/lib/cortex-m33/soft-float/no-interrupts/libnrf_cc310_platform_0.9.14.a(cc_hal.c.obj)
                0x00000000000160d8                CC_HalClearInterruptBit
 .text.CC_HalMaskInterrupt
                0x00000000000160f4        0xc C:/ncs/v2.0.0/nrfxlib/crypto/nrf_cc310_platform/lib/cortex-m33/soft-float/no-interrupts/libnrf_cc310_platform_0.9.14.a(cc_hal.c.obj)
                0x00000000000160f4                CC_HalMaskInterrupt
 .text.CC_HalWaitInterrupt
                0x0000000000016100        0xc C:/ncs/v2.0.0/nrfxlib/crypto/nrf_cc310_platform/lib/cortex-m33/soft-float/no-interrupts/libnrf_cc310_platform_0.9.14.a(cc_hal.c.obj)
                0x0000000000016100                CC_HalWaitInterrupt
 .text.CC_HalWaitInterruptRND
                0x000000000001610c        0xc C:/ncs/v2.0.0/nrfxlib/crypto/nrf_cc310_platform/lib/cortex-m33/soft-float/no-interrupts/libnrf_cc310_platform_0.9.14.a(cc_hal.c.obj)
                0x000000000001610c                CC_HalWaitInterruptRND
 .text.CC_PalInit
                0x0000000000016118       0x5c C:/ncs/v2.0.0/nrfxlib/crypto/nrf_cc310_platform/lib/cortex-m33/soft-float/no-interrupts/libnrf_cc310_platform_0.9.14.a(cc_pal.c.obj)
                0x0000000000016118                CC_PalInit
 .text.CC_PalTerminate
                0x0000000000016174       0x34 C:/ncs/v2.0.0/nrfxlib/crypto/nrf_cc310_platform/lib/cortex-m33/soft-float/no-interrupts/libnrf_cc310_platform_0.9.14.a(cc_pal.c.obj)
                0x0000000000016174                CC_PalTerminate
 .text.CC_PalDmaInit
                0x00000000000161a8        0x4 C:/ncs/v2.0.0/nrfxlib/crypto/nrf_cc310_platform/lib/cortex-m33/soft-float/no-interrupts/libnrf_cc310_platform_0.9.14.a(cc_pal_dma.c.obj)
                0x00000000000161a8                CC_PalDmaInit
 .text.CC_PalDmaTerminate
                0x00000000000161ac        0x4 C:/ncs/v2.0.0/nrfxlib/crypto/nrf_cc310_platform/lib/cortex-m33/soft-float/no-interrupts/libnrf_cc310_platform_0.9.14.a(cc_pal_dma.c.obj)
                0x00000000000161ac                CC_PalDmaTerminate
 .text.CC_PalWaitInterruptRND
                0x00000000000161b0       0x2c C:/ncs/v2.0.0/nrfxlib/crypto/nrf_cc310_platform/lib/cortex-m33/soft-float/no-interrupts/libnrf_cc310_platform_0.9.14.a(cc_pal_interrupt_ctrl.c.obj)
                0x00000000000161b0                CC_PalWaitInterruptRND
 .text.CC_PalWaitInterrupt
                0x00000000000161dc       0x18 C:/ncs/v2.0.0/nrfxlib/crypto/nrf_cc310_platform/lib/cortex-m33/soft-float/no-interrupts/libnrf_cc310_platform_0.9.14.a(cc_pal_interrupt_ctrl.c.obj)
                0x00000000000161dc                CC_PalWaitInterrupt
 .text.CC_PalMemCopyPlat
                0x00000000000161f4        0x4 C:/ncs/v2.0.0/nrfxlib/crypto/nrf_cc310_platform/lib/cortex-m33/soft-float/no-interrupts/libnrf_cc310_platform_0.9.14.a(cc_pal_mem.c.obj)
                0x00000000000161f4                CC_PalMemCopyPlat
 .text.CC_PalMemSetPlat
                0x00000000000161f8        0x4 C:/ncs/v2.0.0/nrfxlib/crypto/nrf_cc310_platform/lib/cortex-m33/soft-float/no-interrupts/libnrf_cc310_platform_0.9.14.a(cc_pal_mem.c.obj)
                0x00000000000161f8                CC_PalMemSetPlat
 .text.CC_PalMemSetZeroPlat
                0x00000000000161fc        0x8 C:/ncs/v2.0.0/nrfxlib/crypto/nrf_cc310_platform/lib/cortex-m33/soft-float/no-interrupts/libnrf_cc310_platform_0.9.14.a(cc_pal_mem.c.obj)
                0x00000000000161fc                CC_PalMemSetZeroPlat
 .text.CC_PalMutexCreate
                0x0000000000016204       0x14 C:/ncs/v2.0.0/nrfxlib/crypto/nrf_cc310_platform/lib/cortex-m33/soft-float/no-interrupts/libnrf_cc310_platform_0.9.14.a(cc_pal_mutex.c.obj)
                0x0000000000016204                CC_PalMutexCreate
 .text.CC_PalMutexDestroy
                0x0000000000016218       0x14 C:/ncs/v2.0.0/nrfxlib/crypto/nrf_cc310_platform/lib/cortex-m33/soft-float/no-interrupts/libnrf_cc310_platform_0.9.14.a(cc_pal_mutex.c.obj)
                0x0000000000016218                CC_PalMutexDestroy
 .text.CC_PalMutexLock
                0x000000000001622c       0x10 C:/ncs/v2.0.0/nrfxlib/crypto/nrf_cc310_platform/lib/cortex-m33/soft-float/no-interrupts/libnrf_cc310_platform_0.9.14.a(cc_pal_mutex.c.obj)
                0x000000000001622c                CC_PalMutexLock
 .text.CC_PalMutexUnlock
                0x000000000001623c       0x14 C:/ncs/v2.0.0/nrfxlib/crypto/nrf_cc310_platform/lib/cortex-m33/soft-float/no-interrupts/libnrf_cc310_platform_0.9.14.a(cc_pal_mutex.c.obj)
                0x000000000001623c                CC_PalMutexUnlock
 .text.CC_PalPowerSaveModeInit
                0x0000000000016250       0x3c C:/ncs/v2.0.0/nrfxlib/crypto/nrf_cc310_platform/lib/cortex-m33/soft-float/no-interrupts/libnrf_cc310_platform_0.9.14.a(cc_pal_pm.c.obj)
                0x0000000000016250                CC_PalPowerSaveModeInit
 .text.CC_PalPowerSaveModeSelect
                0x000000000001628c       0x88 C:/ncs/v2.0.0/nrfxlib/crypto/nrf_cc310_platform/lib/cortex-m33/soft-float/no-interrupts/libnrf_cc310_platform_0.9.14.a(cc_pal_pm.c.obj)
                0x000000000001628c                CC_PalPowerSaveModeSelect
 .text.mutex_init
                0x0000000000016314        0xc C:/ncs/v2.0.0/nrfxlib/crypto/nrf_cc310_platform/lib/cortex-m33/soft-float/no-interrupts/libnrf_cc310_platform_0.9.14.a(threading_alt.c.obj)
                0x0000000000016314                mutex_init
 .text.mutex_lock
                0x0000000000016320        0xc C:/ncs/v2.0.0/nrfxlib/crypto/nrf_cc310_platform/lib/cortex-m33/soft-float/no-interrupts/libnrf_cc310_platform_0.9.14.a(threading_alt.c.obj)
                0x0000000000016320                mutex_lock
 .text.mutex_unlock
                0x000000000001632c        0xc C:/ncs/v2.0.0/nrfxlib/crypto/nrf_cc310_platform/lib/cortex-m33/soft-float/no-interrupts/libnrf_cc310_platform_0.9.14.a(threading_alt.c.obj)
                0x000000000001632c                mutex_unlock
 .text.startTrngHW
                0x0000000000016338      0x150 C:/ncs/v2.0.0/nrfxlib/crypto/nrf_cc310_platform/lib/cortex-m33/soft-float/no-interrupts/libnrf_cc310_platform_0.9.14.a(llf_rnd_trng90b.c.obj)
 .text.LLF_RND_RepetitionCounterTest.part.0
                0x0000000000016488       0x54 C:/ncs/v2.0.0/nrfxlib/crypto/nrf_cc310_platform/lib/cortex-m33/soft-float/no-interrupts/libnrf_cc310_platform_0.9.14.a(llf_rnd_trng90b.c.obj)
 .text.LLF_RND_AdaptiveProportionTest
                0x00000000000164dc       0x8c C:/ncs/v2.0.0/nrfxlib/crypto/nrf_cc310_platform/lib/cortex-m33/soft-float/no-interrupts/libnrf_cc310_platform_0.9.14.a(llf_rnd_trng90b.c.obj)
                0x00000000000164dc                LLF_RND_AdaptiveProportionTest
 .text.getTrngSource
                0x0000000000016568      0x2bc C:/ncs/v2.0.0/nrfxlib/crypto/nrf_cc310_platform/lib/cortex-m33/soft-float/no-interrupts/libnrf_cc310_platform_0.9.14.a(llf_rnd_trng90b.c.obj)
 .text.LLF_RND_GetTrngSource
                0x0000000000016824       0x18 C:/ncs/v2.0.0/nrfxlib/crypto/nrf_cc310_platform/lib/cortex-m33/soft-float/no-interrupts/libnrf_cc310_platform_0.9.14.a(llf_rnd_trng90b.c.obj)
                0x0000000000016824                LLF_RND_GetTrngSource
 .text.LLF_RND_RunTrngStartupTest
                0x000000000001683c       0x1c C:/ncs/v2.0.0/nrfxlib/crypto/nrf_cc310_platform/lib/cortex-m33/soft-float/no-interrupts/libnrf_cc310_platform_0.9.14.a(llf_rnd_trng90b.c.obj)
                0x000000000001683c                LLF_RND_RunTrngStartupTest
 .text.mbedtls_hardware_poll
                0x0000000000016858      0x104 C:/ncs/v2.0.0/nrfxlib/crypto/nrf_cc310_platform/lib/cortex-m33/soft-float/no-interrupts/libnrf_cc310_platform_0.9.14.a(trng_api.c.obj)
                0x0000000000016858                mbedtls_hardware_poll
 .text.cc_mbedtls_aes_init
                0x000000000001695c       0x20 C:/ncs/v2.0.0/nrfxlib/crypto/nrf_cc310_platform/lib/cortex-m33/soft-float/no-interrupts/libnrf_cc310_platform_0.9.14.a(aes_alt.c.obj)
                0x000000000001695c                cc_mbedtls_aes_init
 .text.cc_mbedtls_aes_free
                0x000000000001697c        0xc C:/ncs/v2.0.0/nrfxlib/crypto/nrf_cc310_platform/lib/cortex-m33/soft-float/no-interrupts/libnrf_cc310_platform_0.9.14.a(aes_alt.c.obj)
                0x000000000001697c                cc_mbedtls_aes_free
 .text.cc_mbedtls_aes_setkey_enc
                0x0000000000016988       0x34 C:/ncs/v2.0.0/nrfxlib/crypto/nrf_cc310_platform/lib/cortex-m33/soft-float/no-interrupts/libnrf_cc310_platform_0.9.14.a(aes_alt.c.obj)
                0x0000000000016988                cc_mbedtls_aes_setkey_enc
 .text.cc_mbedtls_aes_crypt_ecb
                0x00000000000169bc       0x50 C:/ncs/v2.0.0/nrfxlib/crypto/nrf_cc310_platform/lib/cortex-m33/soft-float/no-interrupts/libnrf_cc310_platform_0.9.14.a(aes_alt.c.obj)
                0x00000000000169bc                cc_mbedtls_aes_crypt_ecb
 .text.cc_mbedtls_sha256_init
                0x0000000000016a0c       0x28 C:/ncs/v2.0.0/nrfxlib/crypto/nrf_cc310_platform/lib/cortex-m33/soft-float/no-interrupts/libnrf_cc310_platform_0.9.14.a(sha256_alt.c.obj)
                0x0000000000016a0c                cc_mbedtls_sha256_init
 .text.cc_mbedtls_sha256_free
                0x0000000000016a34        0xc C:/ncs/v2.0.0/nrfxlib/crypto/nrf_cc310_platform/lib/cortex-m33/soft-float/no-interrupts/libnrf_cc310_platform_0.9.14.a(sha256_alt.c.obj)
                0x0000000000016a34                cc_mbedtls_sha256_free
 .text.cc_mbedtls_sha256_starts
                0x0000000000016a40       0x28 C:/ncs/v2.0.0/nrfxlib/crypto/nrf_cc310_platform/lib/cortex-m33/soft-float/no-interrupts/libnrf_cc310_platform_0.9.14.a(sha256_alt.c.obj)
                0x0000000000016a40                cc_mbedtls_sha256_starts
 .text.cc_mbedtls_sha256_update
                0x0000000000016a68       0x54 C:/ncs/v2.0.0/nrfxlib/crypto/nrf_cc310_platform/lib/cortex-m33/soft-float/no-interrupts/libnrf_cc310_platform_0.9.14.a(sha256_alt.c.obj)
                0x0000000000016a68                cc_mbedtls_sha256_update
 .text.cc_mbedtls_sha256_finish
                0x0000000000016abc       0x48 C:/ncs/v2.0.0/nrfxlib/crypto/nrf_cc310_platform/lib/cortex-m33/soft-float/no-interrupts/libnrf_cc310_platform_0.9.14.a(sha256_alt.c.obj)
                0x0000000000016abc                cc_mbedtls_sha256_finish
 .text.mbedtls_sha_starts_internal
                0x0000000000016b04       0x28 C:/ncs/v2.0.0/nrfxlib/crypto/nrf_cc310_platform/lib/cortex-m33/soft-float/no-interrupts/libnrf_cc310_platform_0.9.14.a(mbedtls_hash_common.c.obj)
                0x0000000000016b04                mbedtls_sha_starts_internal
 .text.mbedtls_sha_finish_internal
                0x0000000000016b2c       0x5c C:/ncs/v2.0.0/nrfxlib/crypto/nrf_cc310_platform/lib/cortex-m33/soft-float/no-interrupts/libnrf_cc310_platform_0.9.14.a(mbedtls_hash_common.c.obj)
                0x0000000000016b2c                mbedtls_sha_finish_internal
 .text.mbedtls_sha_update_internal
                0x0000000000016b88      0x204 C:/ncs/v2.0.0/nrfxlib/crypto/nrf_cc310_platform/lib/cortex-m33/soft-float/no-interrupts/libnrf_cc310_platform_0.9.14.a(mbedtls_hash_common.c.obj)
                0x0000000000016b88                mbedtls_sha_update_internal
 .text.cc_mbedtls_sha256
                0x0000000000016d8c       0x50 C:/ncs/v2.0.0/nrfxlib/crypto/nrf_cc310_platform/lib/cortex-m33/soft-float/no-interrupts/libnrf_cc310_platform_0.9.14.a(sha256.c.obj)
                0x0000000000016d8c                cc_mbedtls_sha256
 .text.RNG_PLAT_SetUserRngParameters
                0x0000000000016ddc       0x7c C:/ncs/v2.0.0/nrfxlib/crypto/nrf_cc310_platform/lib/cortex-m33/soft-float/no-interrupts/libnrf_cc310_platform_0.9.14.a(cc_rng_plat.c.obj)
                0x0000000000016ddc                RNG_PLAT_SetUserRngParameters
 .text.CC_PalTrngParamGet
                0x0000000000016e58      0x114 C:/ncs/v2.0.0/nrfxlib/crypto/nrf_cc310_platform/lib/cortex-m33/soft-float/no-interrupts/libnrf_cc310_platform_0.9.14.a(cc_pal_trng.c.obj)
                0x0000000000016e58                CC_PalTrngParamGet
 .text.LLF_RND_WaitRngInterrupt
                0x0000000000016f6c       0x20 C:/ncs/v2.0.0/nrfxlib/crypto/nrf_cc310_platform/lib/cortex-m33/soft-float/no-interrupts/libnrf_cc310_platform_0.9.14.a(llf_rnd.c.obj)
                0x0000000000016f6c                LLF_RND_WaitRngInterrupt
 .text.LLF_RND_GetRoscSampleCnt
                0x0000000000016f8c       0x3c C:/ncs/v2.0.0/nrfxlib/crypto/nrf_cc310_platform/lib/cortex-m33/soft-float/no-interrupts/libnrf_cc310_platform_0.9.14.a(llf_rnd.c.obj)
                0x0000000000016f8c                LLF_RND_GetRoscSampleCnt
 .text.LLF_RND_GetFastestRosc
                0x0000000000016fc8       0x20 C:/ncs/v2.0.0/nrfxlib/crypto/nrf_cc310_platform/lib/cortex-m33/soft-float/no-interrupts/libnrf_cc310_platform_0.9.14.a(llf_rnd.c.obj)
                0x0000000000016fc8                LLF_RND_GetFastestRosc
 .text.LLF_RND_TurnOffTrng
                0x0000000000016fe8       0x18 C:/ncs/v2.0.0/nrfxlib/crypto/nrf_cc310_platform/lib/cortex-m33/soft-float/no-interrupts/libnrf_cc310_platform_0.9.14.a(llf_rnd.c.obj)
                0x0000000000016fe8                LLF_RND_TurnOffTrng
 .text.SetDataBuffersInfo
                0x0000000000017000       0x68 C:/ncs/v2.0.0/nrfxlib/crypto/nrf_cc310_platform/lib/cortex-m33/soft-float/no-interrupts/libnrf_cc310_platform_0.9.14.a(driver_common.c.obj)
                0x0000000000017000                SetDataBuffersInfo
 .text.InitHashDrv
                0x0000000000017068       0x54 C:/ncs/v2.0.0/nrfxlib/crypto/nrf_cc310_platform/lib/cortex-m33/soft-float/no-interrupts/libnrf_cc310_platform_0.9.14.a(hash_driver.c.obj)
                0x0000000000017068                InitHashDrv
 .text.ProcessHashDrv
                0x00000000000170bc      0x22c C:/ncs/v2.0.0/nrfxlib/crypto/nrf_cc310_platform/lib/cortex-m33/soft-float/no-interrupts/libnrf_cc310_platform_0.9.14.a(hash_driver.c.obj)
                0x00000000000170bc                ProcessHashDrv
 .text.FinishHashDrv
                0x00000000000172e8       0x74 C:/ncs/v2.0.0/nrfxlib/crypto/nrf_cc310_platform/lib/cortex-m33/soft-float/no-interrupts/libnrf_cc310_platform_0.9.14.a(hash_driver.c.obj)
                0x00000000000172e8                FinishHashDrv
 .text.LoadAesKey
                0x000000000001735c       0xe8 C:/ncs/v2.0.0/nrfxlib/crypto/nrf_cc310_platform/lib/cortex-m33/soft-float/no-interrupts/libnrf_cc310_platform_0.9.14.a(aes_driver.c.obj)
 .text.InitAes.part.0
                0x0000000000017444       0xe4 C:/ncs/v2.0.0/nrfxlib/crypto/nrf_cc310_platform/lib/cortex-m33/soft-float/no-interrupts/libnrf_cc310_platform_0.9.14.a(aes_driver.c.obj)
 .text.ProcessAesDrv
                0x0000000000017528      0x37c C:/ncs/v2.0.0/nrfxlib/crypto/nrf_cc310_platform/lib/cortex-m33/soft-float/no-interrupts/libnrf_cc310_platform_0.9.14.a(aes_driver.c.obj)
                0x0000000000017528                ProcessAesDrv
 .text.FinishAesDrv
                0x00000000000178a4      0x258 C:/ncs/v2.0.0/nrfxlib/crypto/nrf_cc310_platform/lib/cortex-m33/soft-float/no-interrupts/libnrf_cc310_platform_0.9.14.a(aes_driver.c.obj)
                0x00000000000178a4                FinishAesDrv
 .text.kmu_validate_slot_and_size
                0x0000000000017afc       0x2c C:/ncs/v2.0.0/nrfxlib/crypto/nrf_cc310_platform/lib/cortex-m33/soft-float/no-interrupts/libnrf_cc310_platform_0.9.14.a(kmu_shared.c.obj)
                0x0000000000017afc                kmu_validate_slot_and_size
 .text.kmu_validate_slot_and_size_no_kdr
                0x0000000000017b28       0x88 C:/ncs/v2.0.0/nrfxlib/crypto/nrf_cc310_platform/lib/cortex-m33/soft-float/no-interrupts/libnrf_cc310_platform_0.9.14.a(kmu_shared.c.obj)
                0x0000000000017b28                kmu_validate_slot_and_size_no_kdr
 .text.kmu_validate_kdr_slot_and_size
                0x0000000000017bb0       0x48 C:/ncs/v2.0.0/nrfxlib/crypto/nrf_cc310_platform/lib/cortex-m33/soft-float/no-interrupts/libnrf_cc310_platform_0.9.14.a(kmu_shared.c.obj)
                0x0000000000017bb0                kmu_validate_kdr_slot_and_size
 .text.kmu_use_kdr_key
                0x0000000000017bf8       0x14 C:/ncs/v2.0.0/nrfxlib/crypto/nrf_cc310_platform/lib/cortex-m33/soft-float/no-interrupts/libnrf_cc310_platform_0.9.14.a(kmu_shared.c.obj)
                0x0000000000017bf8                kmu_use_kdr_key
 .text.kmu_load_key_aes
                0x0000000000017c0c       0xe4 C:/ncs/v2.0.0/nrfxlib/crypto/nrf_cc310_platform/lib/cortex-m33/soft-float/no-interrupts/libnrf_cc310_platform_0.9.14.a(kmu_shared.c.obj)
                0x0000000000017c0c                kmu_load_key_aes
 .text.kmu_derive_cmac
                0x0000000000017cf0      0x150 C:/ncs/v2.0.0/nrfxlib/crypto/nrf_cc310_platform/lib/cortex-m33/soft-float/no-interrupts/libnrf_cc310_platform_0.9.14.a(kmu_shared.c.obj)
                0x0000000000017cf0                kmu_derive_cmac
 .text.UtilCmacBuildDataForDerivation
                0x0000000000017e40       0xc8 C:/ncs/v2.0.0/nrfxlib/crypto/nrf_cc310_platform/lib/cortex-m33/soft-float/no-interrupts/libnrf_cc310_platform_0.9.14.a(cc_util_cmac.c.obj)
                0x0000000000017e40                UtilCmacBuildDataForDerivation
 .text.CC_PalDataBufferAttrGet
                0x0000000000017f08        0x8 C:/ncs/v2.0.0/nrfxlib/crypto/nrf_cc310_platform/lib/cortex-m33/soft-float/no-interrupts/libnrf_cc310_platform_0.9.14.a(cc_pal_buff_attr.c.obj)
                0x0000000000017f08                CC_PalDataBufferAttrGet
 .text.main     0x0000000000017f10        0xe app/libapp.a(main.c.obj)
                0x0000000000017f10                main
 .text.arch_printk_char_out
                0x0000000000017f1e        0x4 zephyr/libzephyr.a(printk.c.obj)
                0x0000000000017f1e                arch_printk_char_out
 .text.printk   0x0000000000017f22       0x1a zephyr/libzephyr.a(printk.c.obj)
                0x0000000000017f22                printk
 .text.onoff_manager_init
                0x0000000000017f3c       0x26 zephyr/libzephyr.a(onoff.c.obj)
                0x0000000000017f3c                onoff_manager_init
 .text.z_thread_entry
                0x0000000000017f62       0x14 zephyr/libzephyr.a(thread_entry.c.obj)
                0x0000000000017f62                z_thread_entry
 .text.encode_uint
                0x0000000000017f76       0x8c zephyr/libzephyr.a(cbprintf_complete.c.obj)
 .text.outs     0x0000000000018002       0x2c zephyr/libzephyr.a(cbprintf_complete.c.obj)
 .text.assert_post_action
                0x000000000001802e        0xe zephyr/libzephyr.a(assert.c.obj)
                0x000000000001802e                assert_post_action
 .text.assert_print
                0x000000000001803c       0x1a zephyr/libzephyr.a(assert.c.obj)
                0x000000000001803c                assert_print
 .text._ConfigAbsSyms
                0x0000000000018056        0x2 zephyr/libzephyr.a(configs.c.obj)
                0x0000000000018056                _ConfigAbsSyms
 .text.pm_state_exit_post_ops
                0x0000000000018058        0xc zephyr/libzephyr.a(power.c.obj)
                0x0000000000018058                pm_state_exit_post_ops
 .text.z_log_minimal_printk
                0x0000000000018064       0x1a zephyr/libzephyr.a(log_minimal.c.obj)
                0x0000000000018064                z_log_minimal_printk
 .text.spm_firmware_info_nse
                0x000000000001807e       0x4c zephyr/libzephyr.a(secure_services.c.obj)
                0x000000000001807e                __acle_se_spm_firmware_info_nse
 .text.abort_function
                0x00000000000180ca        0x8 zephyr/libzephyr.a(nrf_cc3xx_platform_abort_zephyr.c.obj)
 .text.z_do_kernel_oops
                0x00000000000180d2        0x8 zephyr/arch/arch/arm/core/aarch32/libarch__arm__core__aarch32.a(fatal.c.obj)
                0x00000000000180d2                z_do_kernel_oops
 .text.z_irq_spurious
                0x00000000000180da        0x8 zephyr/arch/arch/arm/core/aarch32/libarch__arm__core__aarch32.a(irq_manage.c.obj)
                0x00000000000180da                z_irq_spurious
 .text.irq_target_state_set
                0x00000000000180e2       0x5e zephyr/arch/arch/arm/core/aarch32/libarch__arm__core__aarch32.a(irq_manage.c.obj)
                0x00000000000180e2                irq_target_state_set
 .text.z_arm_nmi
                0x0000000000018140        0xe zephyr/arch/arch/arm/core/aarch32/libarch__arm__core__aarch32.a(nmi.c.obj)
                0x0000000000018140                z_arm_nmi
 .text.configure_builtin_stack_guard
                0x000000000001814e        0x8 zephyr/arch/arch/arm/core/aarch32/libarch__arm__core__aarch32.a(thread.c.obj)
                0x000000000001814e                configure_builtin_stack_guard
 .text.arm_cmse_mpu_region_get
                0x0000000000018156       0x12 zephyr/arch/arch/arm/core/aarch32/cortex_m/cmse/libarch__arm__core__aarch32__cortex_m__cmse.a(arm_core_cmse.c.obj)
                0x0000000000018156                arm_cmse_mpu_region_get
 .text.arm_cmse_addr_is_secure
                0x0000000000018168        0xa zephyr/arch/arch/arm/core/aarch32/cortex_m/cmse/libarch__arm__core__aarch32__cortex_m__cmse.a(arm_core_cmse.c.obj)
                0x0000000000018168                arm_cmse_addr_is_secure
 .text.strlen   0x0000000000018172        0xe zephyr/lib/libc/minimal/liblib__libc__minimal.a(string.c.obj)
                0x0000000000018172                strlen
 .text.strnlen  0x0000000000018180       0x12 zephyr/lib/libc/minimal/liblib__libc__minimal.a(string.c.obj)
                0x0000000000018180                strnlen
 .text.memcmp   0x0000000000018192       0x22 zephyr/lib/libc/minimal/liblib__libc__minimal.a(string.c.obj)
                0x0000000000018192                memcmp
 .text.memmove  0x00000000000181b4       0x30 zephyr/lib/libc/minimal/liblib__libc__minimal.a(string.c.obj)
                0x00000000000181b4                memmove
 .text.memcpy   0x00000000000181e4       0x16 zephyr/lib/libc/minimal/liblib__libc__minimal.a(string.c.obj)
                0x00000000000181e4                memcpy
 .text.memset   0x00000000000181fa       0x12 zephyr/lib/libc/minimal/liblib__libc__minimal.a(string.c.obj)
                0x00000000000181fa                memset
 .text._stdout_hook_default
                0x000000000001820c        0x6 zephyr/lib/libc/minimal/liblib__libc__minimal.a(stdout_console.c.obj)
 .text.set_on_state
                0x0000000000018212       0x26 zephyr/drivers/clock_control/libdrivers__clock_control.a(clock_control_nrf.c.obj)
 .text.async_start
                0x0000000000018238       0x60 zephyr/drivers/clock_control/libdrivers__clock_control.a(clock_control_nrf.c.obj)
 .text.api_start
                0x0000000000018298        0xe zephyr/drivers/clock_control/libdrivers__clock_control.a(clock_control_nrf.c.obj)
 .text.onoff_started_callback
                0x00000000000182a6        0xc zephyr/drivers/clock_control/libdrivers__clock_control.a(clock_control_nrf.c.obj)
 .text.lfclk_start
                0x00000000000182b2        0x6 zephyr/drivers/clock_control/libdrivers__clock_control.a(clock_control_nrf.c.obj)
 .text.lfclk_stop
                0x00000000000182b8        0x6 zephyr/drivers/clock_control/libdrivers__clock_control.a(clock_control_nrf.c.obj)
 .text.api_stop
                0x00000000000182be        0x6 zephyr/drivers/clock_control/libdrivers__clock_control.a(clock_control_nrf.c.obj)
 .text.blocking_start_callback
                0x00000000000182c4        0x6 zephyr/drivers/clock_control/libdrivers__clock_control.a(clock_control_nrf.c.obj)
 .text.uarte_nrfx_config_get
                0x00000000000182ca       0x10 zephyr/drivers/serial/libdrivers__serial.a(uart_nrfx_uarte.c.obj)
 .text.uarte_nrfx_err_check
                0x00000000000182da        0xe zephyr/drivers/serial/libdrivers__serial.a(uart_nrfx_uarte.c.obj)
 .text.uarte_nrfx_poll_in
                0x00000000000182e8       0x26 zephyr/drivers/serial/libdrivers__serial.a(uart_nrfx_uarte.c.obj)
 .text.is_tx_ready.isra.0
                0x000000000001830e       0x20 zephyr/drivers/serial/libdrivers__serial.a(uart_nrfx_uarte.c.obj)
 .text.uarte_nrfx_isr_int
                0x000000000001832e       0x72 zephyr/drivers/serial/libdrivers__serial.a(uart_nrfx_uarte.c.obj)
 .text.uarte_instance_init.constprop.0
                0x00000000000183a0       0x90 zephyr/drivers/serial/libdrivers__serial.a(uart_nrfx_uarte.c.obj)
 .text.uarte_1_init
                0x0000000000018430       0x1e zephyr/drivers/serial/libdrivers__serial.a(uart_nrfx_uarte.c.obj)
 .text.uarte_0_init
                0x000000000001844e       0x1e zephyr/drivers/serial/libdrivers__serial.a(uart_nrfx_uarte.c.obj)
 .text.entropy_cc3xx_rng_init
                0x000000000001846c       0x16 zephyr/drivers/entropy/libdrivers__entropy.a(entropy_cc3xx.c.obj)
 .text.sys_clock_disable
                0x0000000000018482        0xe zephyr/drivers/timer/libdrivers__timer.a(cortex_m_systick.c.obj)
                0x0000000000018482                sys_clock_disable
 .text.pinctrl_lookup_state
                0x0000000000018490       0x30 zephyr/drivers/pinctrl/libdrivers__pinctrl.a(common.c.obj)
                0x0000000000018490                pinctrl_lookup_state
 .text.nrf_gpio_pin_clear
                0x00000000000184c0       0x18 zephyr/drivers/pinctrl/libdrivers__pinctrl.a(pinctrl_nrf.c.obj)
 .text.nrf_gpio_pin_set
                0x00000000000184d8       0x18 zephyr/drivers/pinctrl/libdrivers__pinctrl.a(pinctrl_nrf.c.obj)
 .text.nrf_gpio_pin_write
                0x00000000000184f0        0xa zephyr/drivers/pinctrl/libdrivers__pinctrl.a(pinctrl_nrf.c.obj)
 .text.nrf_pin_configure
                0x00000000000184fa       0x40 zephyr/drivers/pinctrl/libdrivers__pinctrl.a(pinctrl_nrf.c.obj)
 .text.pinctrl_configure_pins
                0x000000000001853a       0xf4 zephyr/drivers/pinctrl/libdrivers__pinctrl.a(pinctrl_nrf.c.obj)
                0x000000000001853a                pinctrl_configure_pins
 .text.hw_cc3xx_init_internal
                0x000000000001862e        0x4 modules/nrf/drivers/hw_cc310/lib..__nrf__drivers__hw_cc310.a(hw_cc310.c.obj)
 .text.hw_cc3xx_init
                0x0000000000018632       0x12 modules/nrf/drivers/hw_cc310/lib..__nrf__drivers__hw_cc310.a(hw_cc310.c.obj)
 .text.nrf91_errata_14
                0x0000000000018644       0x20 modules/hal_nordic/nrfx/libmodules__hal_nordic__nrfx.a(system_nrf9160.c.obj)
 .text.nrfx_isr
                0x0000000000018664        0x2 modules/hal_nordic/nrfx/libmodules__hal_nordic__nrfx.a(nrfx_glue.c.obj)
                0x0000000000018664                nrfx_isr
 .text.nrfx_busy_wait
                0x0000000000018666        0x4 modules/hal_nordic/nrfx/libmodules__hal_nordic__nrfx.a(nrfx_glue.c.obj)
                0x0000000000018666                nrfx_busy_wait
 .text.z_device_state_init
                0x000000000001866a        0x2 zephyr/kernel/libkernel.a(device.c.obj)
                0x000000000001866a                z_device_state_init
 .text.z_device_is_ready
                0x000000000001866c       0x14 zephyr/kernel/libkernel.a(device.c.obj)
                0x000000000001866c                z_device_is_ready
 .text.z_early_memset
                0x0000000000018680        0x4 zephyr/kernel/libkernel.a(init.c.obj)
                0x0000000000018680                z_early_memset
 .text.z_early_memcpy
                0x0000000000018684        0x4 zephyr/kernel/libkernel.a(init.c.obj)
                0x0000000000018684                z_early_memcpy
 .text.k_mem_slab_init
                0x0000000000018688       0x38 zephyr/kernel/libkernel.a(mem_slab.c.obj)
                0x0000000000018688                k_mem_slab_init
 .text.k_is_in_isr
                0x00000000000186c0        0xc zephyr/kernel/libkernel.a(thread.c.obj)
                0x00000000000186c0                k_is_in_isr
 .text.k_thread_name_get
                0x00000000000186cc        0x4 zephyr/kernel/libkernel.a(thread.c.obj)
                0x00000000000186cc                k_thread_name_get
 .text.z_pm_save_idle_exit
                0x00000000000186d0        0xe zephyr/kernel/libkernel.a(idle.c.obj)
                0x00000000000186d0                z_pm_save_idle_exit
 .text.adjust_owner_prio.isra.0
                0x00000000000186de       0x10 zephyr/kernel/libkernel.a(mutex.c.obj)
 .text.z_impl_k_mutex_init
                0x00000000000186ee        0xe zephyr/kernel/libkernel.a(mutex.c.obj)
                0x00000000000186ee                z_impl_k_mutex_init
 .text.z_reschedule_irqlock
                0x00000000000186fc       0x18 zephyr/kernel/libkernel.a(sched.c.obj)
                0x00000000000186fc                z_reschedule_irqlock
 .text.z_reschedule_unlocked
                0x0000000000018714       0x14 zephyr/kernel/libkernel.a(sched.c.obj)
 .text.z_priq_dumb_best
                0x0000000000018728        0xc zephyr/kernel/libkernel.a(sched.c.obj)
                0x0000000000018728                z_priq_dumb_best
 .text.sys_clock_tick_get_32
                0x0000000000018734        0x8 zephyr/kernel/libkernel.a(timeout.c.obj)
                0x0000000000018734                sys_clock_tick_get_32
 .text.z_impl_k_busy_wait
                0x000000000001873c        0x8 zephyr/kernel/libkernel.a(timeout.c.obj)
                0x000000000001873c                z_impl_k_busy_wait
 .text._OffsetAbsSyms
                0x0000000000018744        0x2 zephyr/CMakeFiles/offsets.dir/./arch/arm/core/offsets/offsets.c.obj
                0x0000000000018744                _OffsetAbsSyms
 *(SORT_BY_ALIGNMENT(.TEXT.*))
 *fill*         0x0000000000018746        0x2 
 .TEXT.z_arm_platform_init
                0x0000000000018748        0x4 zephyr/libzephyr.a(soc_nrf_common.S.obj)
                0x0000000000018748                z_arm_platform_init
 *(SORT_BY_ALIGNMENT(.gnu.linkonce.t.*))
 *(SORT_BY_ALIGNMENT(.glue_7t))
 .glue_7t       0x000000000001874c        0x0 linker stubs
 *(SORT_BY_ALIGNMENT(.glue_7))
 .glue_7        0x000000000001874c        0x0 linker stubs
 *(SORT_BY_ALIGNMENT(.vfp11_veneer))
 .vfp11_veneer  0x000000000001874c        0x0 linker stubs
 *(SORT_BY_ALIGNMENT(.v4_bx))
 .v4_bx         0x000000000001874c        0x0 linker stubs
                0x000000000001874c                __text_region_end = .

.ARM.exidx      0x000000000001874c        0x8
                0x000000000001874c                __exidx_start = .
 *(SORT_BY_ALIGNMENT(.ARM.exidx*) SORT_BY_ALIGNMENT(gnu.linkonce.armexidx.*))
 .ARM.exidx     0x000000000001874c        0x8 c:/ncs/toolchains/v2.0.0/opt/zephyr-sdk/arm-zephyr-eabi/bin/../lib/gcc/arm-zephyr-eabi/10.3.0/thumb/v8-m.main/nofp\libgcc.a(_udivmoddi4.o)
                0x0000000000018754                __exidx_end = .
                0x0000000000018754                __rodata_region_start = .

initlevel       0x0000000000018754       0x58
                0x0000000000018754                __init_start = .
                0x0000000000018754                __init_PRE_KERNEL_1_start = .
 *(SORT_BY_NAME(SORT_BY_ALIGNMENT(.z_init_PRE_KERNEL_1[0-9]_*)))
 .z_init_PRE_KERNEL_10_
                0x0000000000018754        0x8 zephyr/libzephyr.a(soc.c.obj)
 *(SORT_BY_NAME(SORT_BY_ALIGNMENT(.z_init_PRE_KERNEL_1[1-9][0-9]_*)))
 .z_init_PRE_KERNEL_130_
                0x000000000001875c        0x8 zephyr/drivers/clock_control/libdrivers__clock_control.a(clock_control_nrf.c.obj)
 .z_init_PRE_KERNEL_130_
                0x0000000000018764        0x8 zephyr/kernel/libkernel.a(mem_slab.c.obj)
 .z_init_PRE_KERNEL_140_
                0x000000000001876c        0x8 modules/nrf/drivers/hw_cc310/lib..__nrf__drivers__hw_cc310.a(hw_cc310.c.obj)
 .z_init_PRE_KERNEL_150_
                0x0000000000018774        0x8 zephyr/drivers/entropy/libdrivers__entropy.a(entropy_cc3xx.c.obj)
 .z_init_PRE_KERNEL_155_
                0x000000000001877c       0x10 zephyr/drivers/serial/libdrivers__serial.a(uart_nrfx_uarte.c.obj)
 .z_init_PRE_KERNEL_160_
                0x000000000001878c        0x8 zephyr/drivers/console/libdrivers__console.a(uart_console.c.obj)
                0x0000000000018794                __init_PRE_KERNEL_2_start = .
 *(SORT_BY_NAME(SORT_BY_ALIGNMENT(.z_init_PRE_KERNEL_2[0-9]_*)))
 .z_init_PRE_KERNEL_20_
                0x0000000000018794        0x8 zephyr/drivers/timer/libdrivers__timer.a(cortex_m_systick.c.obj)
 *(SORT_BY_NAME(SORT_BY_ALIGNMENT(.z_init_PRE_KERNEL_2[1-9][0-9]_*)))
                0x000000000001879c                __init_POST_KERNEL_start = .
 *(SORT_BY_NAME(SORT_BY_ALIGNMENT(.z_init_POST_KERNEL[0-9]_*)))
 *(SORT_BY_NAME(SORT_BY_ALIGNMENT(.z_init_POST_KERNEL[1-9][0-9]_*)))
 .z_init_POST_KERNEL40_
                0x000000000001879c        0x8 modules/nrf/drivers/hw_cc310/lib..__nrf__drivers__hw_cc310.a(hw_cc310.c.obj)
 .z_init_POST_KERNEL90_
                0x00000000000187a4        0x8 modules/nrf/subsys/fw_info/lib..__nrf__subsys__fw_info.a(fw_info.c.obj)
                0x00000000000187ac                __init_APPLICATION_start = .
 *(SORT_BY_NAME(SORT_BY_ALIGNMENT(.z_init_APPLICATION[0-9]_*)))
 *(SORT_BY_NAME(SORT_BY_ALIGNMENT(.z_init_APPLICATION[1-9][0-9]_*)))
                0x00000000000187ac                __init_SMP_start = .
 *(SORT_BY_NAME(SORT_BY_ALIGNMENT(.z_init_SMP[0-9]_*)))
 *(SORT_BY_NAME(SORT_BY_ALIGNMENT(.z_init_SMP[1-9][0-9]_*)))
                0x00000000000187ac                __init_end = .

devices         0x00000000000187ac       0x60
                0x00000000000187ac                __device_start = .
                0x00000000000187ac                __device_PRE_KERNEL_1_start = .
 *(SORT_BY_NAME(SORT_BY_ALIGNMENT(.z_device_PRE_KERNEL_1[0-9]_*)))
 *(SORT_BY_NAME(SORT_BY_ALIGNMENT(.z_device_PRE_KERNEL_1[1-9][0-9]_*)))
 .z_device_PRE_KERNEL_130_
                0x00000000000187ac       0x18 zephyr/drivers/clock_control/libdrivers__clock_control.a(clock_control_nrf.c.obj)
                0x00000000000187ac                __device_dts_ord_69
 .z_device_PRE_KERNEL_150_
                0x00000000000187c4       0x18 zephyr/drivers/entropy/libdrivers__entropy.a(entropy_cc3xx.c.obj)
                0x00000000000187c4                __device_dts_ord_66
 .z_device_PRE_KERNEL_155_
                0x00000000000187dc       0x30 zephyr/drivers/serial/libdrivers__serial.a(uart_nrfx_uarte.c.obj)
                0x00000000000187dc                __device_dts_ord_100
                0x00000000000187f4                __device_dts_ord_99
                0x000000000001880c                __device_PRE_KERNEL_2_start = .
 *(SORT_BY_NAME(SORT_BY_ALIGNMENT(.z_device_PRE_KERNEL_2[0-9]_*)))
 *(SORT_BY_NAME(SORT_BY_ALIGNMENT(.z_device_PRE_KERNEL_2[1-9][0-9]_*)))
                0x000000000001880c                __device_POST_KERNEL_start = .
 *(SORT_BY_NAME(SORT_BY_ALIGNMENT(.z_device_POST_KERNEL[0-9]_*)))
 *(SORT_BY_NAME(SORT_BY_ALIGNMENT(.z_device_POST_KERNEL[1-9][0-9]_*)))
                0x000000000001880c                __device_APPLICATION_start = .
 *(SORT_BY_NAME(SORT_BY_ALIGNMENT(.z_device_APPLICATION[0-9]_*)))
 *(SORT_BY_NAME(SORT_BY_ALIGNMENT(.z_device_APPLICATION[1-9][0-9]_*)))
                0x000000000001880c                __device_SMP_start = .
 *(SORT_BY_NAME(SORT_BY_ALIGNMENT(.z_device_SMP[0-9]_*)))
 *(SORT_BY_NAME(SORT_BY_ALIGNMENT(.z_device_SMP[1-9][0-9]_*)))
                0x000000000001880c                __device_end = .

sw_isr_table    0x000000000001880c      0x208
                0x000000000001880c                . = ALIGN (0x0)
 *(SORT_BY_ALIGNMENT(.gnu.linkonce.sw_isr_table*))
 .gnu.linkonce.sw_isr_table
                0x000000000001880c      0x208 zephyr/arch/common/libisr_tables.a(isr_tables.c.obj)
                0x000000000001880c                _sw_isr_table

initlevel_error
                0x0000000000018754        0x0
 *(SORT_BY_NAME(SORT_BY_ALIGNMENT(.z_init_[_A-Z0-9]*)))
                0x0000000000000001                ASSERT ((SIZEOF (initlevel_error) == 0x0), Undefined initialization levels used.)

app_shmem_regions
                0x0000000000018a14        0x0
                0x0000000000018a14                __app_shmem_regions_start = .
 *(SORT_BY_NAME(SORT_BY_ALIGNMENT(.app_regions.*)))
                0x0000000000018a14                __app_shmem_regions_end = .

bt_l2cap_fixed_chan_area
                0x0000000000018a14        0x0
                0x0000000000018a14                _bt_l2cap_fixed_chan_list_start = .
 *(SORT_BY_NAME(SORT_BY_ALIGNMENT(._bt_l2cap_fixed_chan.static.*)))
                0x0000000000018a14                _bt_l2cap_fixed_chan_list_end = .

bt_gatt_service_static_area
                0x0000000000018a14        0x0
                0x0000000000018a14                _bt_gatt_service_static_list_start = .
 *(SORT_BY_NAME(SORT_BY_ALIGNMENT(._bt_gatt_service_static.static.*)))
                0x0000000000018a14                _bt_gatt_service_static_list_end = .

k_p4wq_initparam_area
                0x0000000000018a14        0x0
                0x0000000000018a14                _k_p4wq_initparam_list_start = .
 *(SORT_BY_NAME(SORT_BY_ALIGNMENT(._k_p4wq_initparam.static.*)))
                0x0000000000018a14                _k_p4wq_initparam_list_end = .

log_strings_sections
                0x0000000000018a14        0x0
                0x0000000000018a14                __log_strings_start = .
 *(SORT_BY_NAME(SORT_BY_ALIGNMENT(.log_strings*)))
                0x0000000000018a14                __log_strings_end = .

log_const_sections
                0x0000000000018a14       0x38
                0x0000000000018a14                __log_const_start = .
 *(SORT_BY_NAME(SORT_BY_ALIGNMENT(.log_const_*)))
 .log_const_clock_control
                0x0000000000018a14        0x8 zephyr/drivers/clock_control/libdrivers__clock_control.a(clock_control_nrf.c.obj)
                0x0000000000018a14                log_const_clock_control
 .log_const_fatal_error
                0x0000000000018a1c        0x8 modules/nrf/lib/fatal_error/lib..__nrf__lib__fatal_error.a(fatal_error.c.obj)
                0x0000000000018a1c                log_const_fatal_error
 .log_const_mpu
                0x0000000000018a24        0x8 zephyr/arch/arch/arm/core/aarch32/mpu/libarch__arm__core__aarch32__mpu.a(arm_core_mpu.c.obj)
                0x0000000000018a24                log_const_mpu
 .log_const_os  0x0000000000018a2c        0x8 zephyr/kernel/libkernel.a(init.c.obj)
                0x0000000000018a2c                log_const_os
 .log_const_pm  0x0000000000018a34        0x8 zephyr/libzephyr.a(pm.c.obj)
                0x0000000000018a34                log_const_pm
 .log_const_soc
                0x0000000000018a3c        0x8 zephyr/libzephyr.a(soc.c.obj)
                0x0000000000018a3c                log_const_soc
 .log_const_uart_nrfx_uarte
                0x0000000000018a44        0x8 zephyr/drivers/serial/libdrivers__serial.a(uart_nrfx_uarte.c.obj)
                0x0000000000018a44                log_const_uart_nrfx_uarte
                0x0000000000018a4c                __log_const_end = .

log_backends_sections
                0x0000000000018a4c        0x0
                0x0000000000018a4c                __log_backends_start = .
 *(SORT_BY_ALIGNMENT(._log_backend.*))
                0x0000000000018a4c                __log_backends_end = .

shell_area      0x0000000000018a4c        0x0
                0x0000000000018a4c                _shell_list_start = .
 *(SORT_BY_NAME(SORT_BY_ALIGNMENT(._shell.static.*)))
                0x0000000000018a4c                _shell_list_end = .

shell_root_cmds_sections
                0x0000000000018a4c        0x0
                0x0000000000018a4c                __shell_root_cmds_start = .
 *(SORT_BY_NAME(SORT_BY_ALIGNMENT(.shell_root_cmd_*)))
                0x0000000000018a4c                __shell_root_cmds_end = .

font_entry_sections
                0x0000000000018a4c        0x0
                0x0000000000018a4c                __font_entry_start = .
 *(SORT_BY_NAME(SORT_BY_ALIGNMENT(._cfb_font.*)))
                0x0000000000018a4c                __font_entry_end = .

tracing_backend_area
                0x0000000000018a4c        0x0
                0x0000000000018a4c                _tracing_backend_list_start = .
 *(SORT_BY_NAME(SORT_BY_ALIGNMENT(._tracing_backend.static.*)))
                0x0000000000018a4c                _tracing_backend_list_end = .

zephyr_dbg_info
 *(SORT_BY_ALIGNMENT(.dbg_thread_info))

device_handles  0x0000000000018a4c       0x30
                0x0000000000018a4c                __device_handles_start = .
 *(SORT_BY_NAME(SORT_BY_ALIGNMENT(.__device_handles_pass1*)))
 .__device_handles_pass1
                0x0000000000018a4c        0xa zephyr/drivers/clock_control/libdrivers__clock_control.a(clock_control_nrf.c.obj)
                0x0000000000018a4c                __devicehdl_DT_N_S_soc_S_peripheral_50000000_S_clock_5000
 .__device_handles_pass1
                0x0000000000018a56       0x1c zephyr/drivers/serial/libdrivers__serial.a(uart_nrfx_uarte.c.obj)
                0x0000000000018a56                __devicehdl_DT_N_S_soc_S_peripheral_50000000_S_uart_9000
                0x0000000000018a64                __devicehdl_DT_N_S_soc_S_peripheral_50000000_S_uart_8000
 .__device_handles_pass1
                0x0000000000018a72        0xa zephyr/drivers/entropy/libdrivers__entropy.a(entropy_cc3xx.c.obj)
                0x0000000000018a72                __devicehdl_DT_N_S_soc_S_crypto_50840000
                0x0000000000018a7c                __device_handles_end = .

rodata          0x0000000000018a80     0x1314
 *(SORT_BY_ALIGNMENT(.rodata))
 .rodata        0x0000000000018a80        0xc zephyr/libzephyr.a(secure_services.c.obj)
 .rodata        0x0000000000018a8c       0x18 modules/nrf/subsys/fw_info/lib..__nrf__subsys__fw_info.a(fw_info.c.obj)
 *(SORT_BY_ALIGNMENT(.rodata.*))
 *fill*         0x0000000000018aa4        0xc 
 .rodata.delay_machine_code.0
                0x0000000000018ab0        0x6 zephyr/libzephyr.a(soc.c.obj)
 *fill*         0x0000000000018ab6        0x2 
 .rodata.pmstates_DT_N_S_cpus_S_cpu_0
                0x0000000000018ab8        0x0 zephyr/libzephyr.a(state.c.obj)
 .rodata.periph.0
                0x0000000000018ab8      0x100 zephyr/libzephyr.a(spm.c.obj)
 .rodata.fw_info_allowed_offsets
                0x0000000000018bb8       0x14 zephyr/libzephyr.a(secure_services.c.obj)
 .rodata.apis   0x0000000000018bcc        0x8 zephyr/libzephyr.a(nrf_cc3xx_platform_abort_zephyr.c.obj)
 .rodata.mutex_apis
                0x0000000000018bd4       0x10 zephyr/libzephyr.a(nrf_cc3xx_platform_mutex_zephyr.c.obj)
 .rodata.mutexes
                0x0000000000018be4       0x14 zephyr/libzephyr.a(nrf_cc3xx_platform_mutex_zephyr.c.obj)
 .rodata.static_regions
                0x0000000000018bf8        0xc zephyr/arch/arch/arm/core/aarch32/mpu/libarch__arm__core__aarch32__mpu.a(arm_core_mpu.c.obj)
 .rodata.mpu_config
                0x0000000000018c04        0x8 zephyr/soc/arm/common/cortex_m/libsoc__arm__common__cortex_m.a(arm_mpu_regions.c.obj)
                0x0000000000018c04                mpu_config
 .rodata.mpu_regions
                0x0000000000018c0c       0x20 zephyr/soc/arm/common/cortex_m/libsoc__arm__common__cortex_m.a(arm_mpu_regions.c.obj)
 .rodata.clock_control_api
                0x0000000000018c2c       0x18 zephyr/drivers/clock_control/libdrivers__clock_control.a(clock_control_nrf.c.obj)
 .rodata.config
                0x0000000000018c44       0x18 zephyr/drivers/clock_control/libdrivers__clock_control.a(clock_control_nrf.c.obj)
 .rodata.transitions.0
                0x0000000000018c5c        0xc zephyr/drivers/clock_control/libdrivers__clock_control.a(clock_control_nrf.c.obj)
 .rodata.__pinctrl_dev_config__device_dts_ord_100
                0x0000000000018c68        0xc zephyr/drivers/serial/libdrivers__serial.a(uart_nrfx_uarte.c.obj)
 .rodata.__pinctrl_dev_config__device_dts_ord_99
                0x0000000000018c74        0xc zephyr/drivers/serial/libdrivers__serial.a(uart_nrfx_uarte.c.obj)
 .rodata.__pinctrl_state_pins_0__device_dts_ord_100
                0x0000000000018c80       0x10 zephyr/drivers/serial/libdrivers__serial.a(uart_nrfx_uarte.c.obj)
 .rodata.__pinctrl_state_pins_0__device_dts_ord_99
                0x0000000000018c90       0x10 zephyr/drivers/serial/libdrivers__serial.a(uart_nrfx_uarte.c.obj)
 .rodata.__pinctrl_states__device_dts_ord_100
                0x0000000000018ca0        0x8 zephyr/drivers/serial/libdrivers__serial.a(uart_nrfx_uarte.c.obj)
 .rodata.__pinctrl_states__device_dts_ord_99
                0x0000000000018ca8        0x8 zephyr/drivers/serial/libdrivers__serial.a(uart_nrfx_uarte.c.obj)
 .rodata.uart_nrfx_uarte_driver_api
                0x0000000000018cb0       0x14 zephyr/drivers/serial/libdrivers__serial.a(uart_nrfx_uarte.c.obj)
 .rodata.uarte_0z_config
                0x0000000000018cc4       0x10 zephyr/drivers/serial/libdrivers__serial.a(uart_nrfx_uarte.c.obj)
 .rodata.uarte_1z_config
                0x0000000000018cd4       0x10 zephyr/drivers/serial/libdrivers__serial.a(uart_nrfx_uarte.c.obj)
 .rodata.entropy_cc3xx_rng_api
                0x0000000000018ce4        0x8 zephyr/drivers/entropy/libdrivers__entropy.a(entropy_cc3xx.c.obj)
 .rodata.levels.0
                0x0000000000018cec       0x14 zephyr/kernel/libkernel.a(device.c.obj)
 .rodata._k_neg_eagain
                0x0000000000018d00        0x4 zephyr/kernel/libkernel.a(errno.c.obj)
                0x0000000000018d00                _k_neg_eagain
 .rodata.CSWTCH.443
                0x0000000000018d04       0x14 zephyr/kernel/libkernel.a(fatal.c.obj)
 .rodata.CSWTCH.12
                0x0000000000018d18       0x1c C:/ncs/v2.0.0/nrfxlib/crypto/nrf_cc310_platform/lib/cortex-m33/soft-float/no-interrupts/libnrf_cc310_platform_0.9.14.a(nrf_cc3xx_platform.c.obj)
 .rodata.mutex_free.str1.4
                0x0000000000018d34       0x26 C:/ncs/v2.0.0/nrfxlib/crypto/nrf_cc310_platform/lib/cortex-m33/soft-float/no-interrupts/libnrf_cc310_platform_0.9.14.a(nrf_cc3xx_platform_mutex.c.obj)
 *fill*         0x0000000000018d5a        0x2 
 .rodata.mutex_init.str1.4
                0x0000000000018d5c       0x23 C:/ncs/v2.0.0/nrfxlib/crypto/nrf_cc310_platform/lib/cortex-m33/soft-float/no-interrupts/libnrf_cc310_platform_0.9.14.a(nrf_cc3xx_platform_mutex.c.obj)
 *fill*         0x0000000000018d7f        0x1 
 .rodata.RndStartupTest.constprop.0.str1.4
                0x0000000000018d80       0x6f C:/ncs/v2.0.0/nrfxlib/crypto/nrf_cc310_platform/lib/cortex-m33/soft-float/no-interrupts/libnrf_cc310_platform_0.9.14.a(cc_lib.c.obj)
 *fill*         0x0000000000018def        0x1 
 .rodata.CC_PalPowerSaveModeInit.str1.4
                0x0000000000018df0       0x20 C:/ncs/v2.0.0/nrfxlib/crypto/nrf_cc310_platform/lib/cortex-m33/soft-float/no-interrupts/libnrf_cc310_platform_0.9.14.a(cc_pal_pm.c.obj)
 .rodata.mbedtls_hardware_poll.str1.4
                0x0000000000018e10       0x16 C:/ncs/v2.0.0/nrfxlib/crypto/nrf_cc310_platform/lib/cortex-m33/soft-float/no-interrupts/libnrf_cc310_platform_0.9.14.a(trng_api.c.obj)
                                         0x6e (size before relaxing)
 *fill*         0x0000000000018e26        0x2 
 .rodata.cc_mbedtls_aes_init.str1.4
                0x0000000000018e28       0x13 C:/ncs/v2.0.0/nrfxlib/crypto/nrf_cc310_platform/lib/cortex-m33/soft-float/no-interrupts/libnrf_cc310_platform_0.9.14.a(aes_alt.c.obj)
 *fill*         0x0000000000018e3b        0x1 
 .rodata.cc_mbedtls_sha256_init.str1.4
                0x0000000000018e3c        0xe C:/ncs/v2.0.0/nrfxlib/crypto/nrf_cc310_platform/lib/cortex-m33/soft-float/no-interrupts/libnrf_cc310_platform_0.9.14.a(sha256_alt.c.obj)
 .rodata.ProcessHashDrv.str1.4
                0x0000000000018e4a       0x6f C:/ncs/v2.0.0/nrfxlib/crypto/nrf_cc310_platform/lib/cortex-m33/soft-float/no-interrupts/libnrf_cc310_platform_0.9.14.a(hash_driver.c.obj)
 *fill*         0x0000000000018e4a        0x2 
 .rodata.HASH_LARVAL_SHA1
                0x0000000000018e4c       0x14 C:/ncs/v2.0.0/nrfxlib/crypto/nrf_cc310_platform/lib/cortex-m33/soft-float/no-interrupts/libnrf_cc310_platform_0.9.14.a(hash_driver.c.obj)
 .rodata.HASH_LARVAL_SHA224
                0x0000000000018e60       0x20 C:/ncs/v2.0.0/nrfxlib/crypto/nrf_cc310_platform/lib/cortex-m33/soft-float/no-interrupts/libnrf_cc310_platform_0.9.14.a(hash_driver.c.obj)
 .rodata.HASH_LARVAL_SHA256
                0x0000000000018e80       0x20 C:/ncs/v2.0.0/nrfxlib/crypto/nrf_cc310_platform/lib/cortex-m33/soft-float/no-interrupts/libnrf_cc310_platform_0.9.14.a(hash_driver.c.obj)
 .rodata.ProcessAesDrv.str1.4
                0x0000000000018ea0       0x6f C:/ncs/v2.0.0/nrfxlib/crypto/nrf_cc310_platform/lib/cortex-m33/soft-float/no-interrupts/libnrf_cc310_platform_0.9.14.a(aes_driver.c.obj)
 .rodata.cbvprintf.str1.1
                0x0000000000018ea0        0x6 zephyr/libzephyr.a(cbprintf_complete.c.obj)
 .rodata.sys_reboot.str1.1
                0x0000000000018ea6       0x29 zephyr/libzephyr.a(reboot.c.obj)
 .rodata.str1.1
                0x0000000000018ecf        0x4 zephyr/libzephyr.a(soc.c.obj)
 .rodata.pm_state_notify.str1.1
                0x0000000000018ed3       0x45 zephyr/libzephyr.a(pm.c.obj)
 .rodata.str1.1
                0x0000000000018f18        0x3 zephyr/libzephyr.a(pm.c.obj)
 .rodata.config_regions.str1.1
                0x0000000000018f1b       0x32 zephyr/libzephyr.a(spm.c.obj)
                                         0x37 (size before relaxing)
 .rodata.spm_jump.str1.1
                0x0000000000018f4d       0x75 zephyr/libzephyr.a(spm.c.obj)
 .rodata.spm_config.str1.1
                0x0000000000018fc2      0x157 zephyr/libzephyr.a(spm.c.obj)
                                        0x177 (size before relaxing)
 .rodata.str1.1
                0x0000000000019119      0x130 zephyr/libzephyr.a(spm.c.obj)
 .rodata.mutex_free_platform.str1.1
                0x0000000000019249       0x26 zephyr/libzephyr.a(nrf_cc3xx_platform_mutex_zephyr.c.obj)
 .rodata.mutex_init_platform.str1.1
                0x000000000001926f       0x2d zephyr/libzephyr.a(nrf_cc3xx_platform_mutex_zephyr.c.obj)
 .rodata.z_arm_fatal_error.str1.1
                0x000000000001929c       0xaf zephyr/arch/arch/arm/core/aarch32/libarch__arm__core__aarch32.a(fatal.c.obj)
 .rodata.z_arm_irq_priority_set.str1.1
                0x000000000001934b       0x36 zephyr/arch/arch/arm/core/aarch32/libarch__arm__core__aarch32.a(irq_manage.c.obj)
                                         0x4e (size before relaxing)
 .rodata.secure_fault.constprop.0.str1.1
                0x0000000000019381      0x104 zephyr/arch/arch/arm/core/aarch32/cortex_m/libarch__arm__core__aarch32__cortex_m.a(fault.c.obj)
 .rodata.usage_fault.constprop.0.str1.1
                0x0000000000019485      0x11f zephyr/arch/arch/arm/core/aarch32/cortex_m/libarch__arm__core__aarch32__cortex_m.a(fault.c.obj)
 .rodata.bus_fault.constprop.0.str1.1
                0x00000000000195a4       0xf2 zephyr/arch/arch/arm/core/aarch32/cortex_m/libarch__arm__core__aarch32__cortex_m.a(fault.c.obj)
 .rodata.mem_manage_fault.constprop.0.str1.1
                0x0000000000019696       0xe9 zephyr/arch/arch/arm/core/aarch32/cortex_m/libarch__arm__core__aarch32__cortex_m.a(fault.c.obj)
                                        0x101 (size before relaxing)
 .rodata.z_arm_fault.str1.1
                0x000000000001977f      0x12d zephyr/arch/arch/arm/core/aarch32/cortex_m/libarch__arm__core__aarch32__cortex_m.a(fault.c.obj)
 .rodata.str1.1
                0x00000000000198ac        0x4 zephyr/arch/arch/arm/core/aarch32/mpu/libarch__arm__core__aarch32__mpu.a(arm_core_mpu.c.obj)
 .rodata.mpu_configure_region.str1.1
                0x00000000000198b0       0x2b zephyr/arch/arch/arm/core/aarch32/mpu/libarch__arm__core__aarch32__mpu.a(arm_mpu.c.obj)
 .rodata.mpu_configure_regions_and_partition.constprop.0.str1.1
                0x00000000000198db       0x50 zephyr/arch/arch/arm/core/aarch32/mpu/libarch__arm__core__aarch32__mpu.a(arm_mpu.c.obj)
 .rodata.arm_core_mpu_configure_static_mpu_regions.str1.1
                0x000000000001992b       0x37 zephyr/arch/arch/arm/core/aarch32/mpu/libarch__arm__core__aarch32__mpu.a(arm_mpu.c.obj)
                                         0x4f (size before relaxing)
 .rodata.str1.1
                0x0000000000019962        0xf zephyr/soc/arm/common/cortex_m/libsoc__arm__common__cortex_m.a(arm_mpu_regions.c.obj)
 .rodata.get_status.str1.1
                0x0000000000019971       0x3d zephyr/drivers/clock_control/libdrivers__clock_control.a(clock_control_nrf.c.obj)
                                         0x55 (size before relaxing)
 .rodata.str1.1
                0x00000000000199ae       0x1a zephyr/drivers/clock_control/libdrivers__clock_control.a(clock_control_nrf.c.obj)
                                         0x20 (size before relaxing)
 .rodata.str1.1
                0x00000000000199c8       0x1e zephyr/drivers/serial/libdrivers__serial.a(uart_nrfx_uarte.c.obj)
 .rodata.entropy_cc3xx_rng_get_entropy.str1.1
                0x00000000000199e6       0x30 zephyr/drivers/entropy/libdrivers__entropy.a(entropy_cc3xx.c.obj)
                                         0x48 (size before relaxing)
 .rodata.str1.1
                0x0000000000019a16        0xb zephyr/drivers/entropy/libdrivers__entropy.a(entropy_cc3xx.c.obj)
 .rodata.sys_clock_set_timeout.str1.1
                0x0000000000019a21       0x45 zephyr/drivers/timer/libdrivers__timer.a(cortex_m_systick.c.obj)
 .rodata.nrf_gpio_pin_port_decode.str1.1
                0x0000000000019a21       0x33 zephyr/drivers/pinctrl/libdrivers__pinctrl.a(pinctrl_nrf.c.obj)
                                         0x4b (size before relaxing)
 .rodata.k_sys_fatal_error_handler.str1.1